Archive member included to satisfy reference by file (symbol)

c:/program files (x86)/atollic/truestudio for stm32 9.3.0/armtools/bin/../lib/gcc/arm-atollic-eabi/6.3.1/../../../../arm-atollic-eabi/lib/armv7e-m/fpu/fpv5-sp-d16\libc_nano.a(lib_a-errno.o)
                              Core\Src\syscalls.o (__errno)
c:/program files (x86)/atollic/truestudio for stm32 9.3.0/armtools/bin/../lib/gcc/arm-atollic-eabi/6.3.1/../../../../arm-atollic-eabi/lib/armv7e-m/fpu/fpv5-sp-d16\libc_nano.a(lib_a-impure.o)
                              c:/program files (x86)/atollic/truestudio for stm32 9.3.0/armtools/bin/../lib/gcc/arm-atollic-eabi/6.3.1/../../../../arm-atollic-eabi/lib/armv7e-m/fpu/fpv5-sp-d16\libc_nano.a(lib_a-errno.o) (_impure_ptr)
c:/program files (x86)/atollic/truestudio for stm32 9.3.0/armtools/bin/../lib/gcc/arm-atollic-eabi/6.3.1/../../../../arm-atollic-eabi/lib/armv7e-m/fpu/fpv5-sp-d16\libc_nano.a(lib_a-init.o)
                              startup\startup_stm32f756xx.o (__libc_init_array)
c:/program files (x86)/atollic/truestudio for stm32 9.3.0/armtools/bin/../lib/gcc/arm-atollic-eabi/6.3.1/../../../../arm-atollic-eabi/lib/armv7e-m/fpu/fpv5-sp-d16\libc_nano.a(lib_a-memset.o)
                              Core\Src\main.o (memset)
c:/program files (x86)/atollic/truestudio for stm32 9.3.0/armtools/bin/../lib/gcc/arm-atollic-eabi/6.3.1/../../../../arm-atollic-eabi/lib/armv7e-m/fpu/fpv5-sp-d16\libc_nano.a(lib_a-sprintf.o)
                              Core\Src\lcd.o (sprintf)
c:/program files (x86)/atollic/truestudio for stm32 9.3.0/armtools/bin/../lib/gcc/arm-atollic-eabi/6.3.1/../../../../arm-atollic-eabi/lib/armv7e-m/fpu/fpv5-sp-d16\libc_nano.a(lib_a-nano-svfprintf.o)
                              c:/program files (x86)/atollic/truestudio for stm32 9.3.0/armtools/bin/../lib/gcc/arm-atollic-eabi/6.3.1/../../../../arm-atollic-eabi/lib/armv7e-m/fpu/fpv5-sp-d16\libc_nano.a(lib_a-sprintf.o) (_svfprintf_r)
c:/program files (x86)/atollic/truestudio for stm32 9.3.0/armtools/bin/../lib/gcc/arm-atollic-eabi/6.3.1/../../../../arm-atollic-eabi/lib/armv7e-m/fpu/fpv5-sp-d16\libc_nano.a(lib_a-nano-vfprintf_i.o)
                              c:/program files (x86)/atollic/truestudio for stm32 9.3.0/armtools/bin/../lib/gcc/arm-atollic-eabi/6.3.1/../../../../arm-atollic-eabi/lib/armv7e-m/fpu/fpv5-sp-d16\libc_nano.a(lib_a-nano-svfprintf.o) (_printf_i)
c:/program files (x86)/atollic/truestudio for stm32 9.3.0/armtools/bin/../lib/gcc/arm-atollic-eabi/6.3.1/../../../../arm-atollic-eabi/lib/armv7e-m/fpu/fpv5-sp-d16\libc_nano.a(lib_a-memchr.o)
                              c:/program files (x86)/atollic/truestudio for stm32 9.3.0/armtools/bin/../lib/gcc/arm-atollic-eabi/6.3.1/../../../../arm-atollic-eabi/lib/armv7e-m/fpu/fpv5-sp-d16\libc_nano.a(lib_a-nano-svfprintf.o) (memchr)
c:/program files (x86)/atollic/truestudio for stm32 9.3.0/armtools/bin/../lib/gcc/arm-atollic-eabi/6.3.1/../../../../arm-atollic-eabi/lib/armv7e-m/fpu/fpv5-sp-d16\libc_nano.a(lib_a-memcpy-stub.o)
                              c:/program files (x86)/atollic/truestudio for stm32 9.3.0/armtools/bin/../lib/gcc/arm-atollic-eabi/6.3.1/../../../../arm-atollic-eabi/lib/armv7e-m/fpu/fpv5-sp-d16\libc_nano.a(lib_a-nano-svfprintf.o) (memcpy)
c:/program files (x86)/atollic/truestudio for stm32 9.3.0/armtools/bin/../lib/gcc/arm-atollic-eabi/6.3.1/../../../../arm-atollic-eabi/lib/armv7e-m/fpu/fpv5-sp-d16\libc_nano.a(lib_a-memmove.o)
                              c:/program files (x86)/atollic/truestudio for stm32 9.3.0/armtools/bin/../lib/gcc/arm-atollic-eabi/6.3.1/../../../../arm-atollic-eabi/lib/armv7e-m/fpu/fpv5-sp-d16\libc_nano.a(lib_a-nano-svfprintf.o) (memmove)
c:/program files (x86)/atollic/truestudio for stm32 9.3.0/armtools/bin/../lib/gcc/arm-atollic-eabi/6.3.1/../../../../arm-atollic-eabi/lib/armv7e-m/fpu/fpv5-sp-d16\libc_nano.a(lib_a-nano-freer.o)
                              c:/program files (x86)/atollic/truestudio for stm32 9.3.0/armtools/bin/../lib/gcc/arm-atollic-eabi/6.3.1/../../../../arm-atollic-eabi/lib/armv7e-m/fpu/fpv5-sp-d16\libc_nano.a(lib_a-nano-svfprintf.o) (_free_r)
c:/program files (x86)/atollic/truestudio for stm32 9.3.0/armtools/bin/../lib/gcc/arm-atollic-eabi/6.3.1/../../../../arm-atollic-eabi/lib/armv7e-m/fpu/fpv5-sp-d16\libc_nano.a(lib_a-nano-mallocr.o)
                              c:/program files (x86)/atollic/truestudio for stm32 9.3.0/armtools/bin/../lib/gcc/arm-atollic-eabi/6.3.1/../../../../arm-atollic-eabi/lib/armv7e-m/fpu/fpv5-sp-d16\libc_nano.a(lib_a-nano-svfprintf.o) (_malloc_r)
c:/program files (x86)/atollic/truestudio for stm32 9.3.0/armtools/bin/../lib/gcc/arm-atollic-eabi/6.3.1/../../../../arm-atollic-eabi/lib/armv7e-m/fpu/fpv5-sp-d16\libc_nano.a(lib_a-nano-reallocr.o)
                              c:/program files (x86)/atollic/truestudio for stm32 9.3.0/armtools/bin/../lib/gcc/arm-atollic-eabi/6.3.1/../../../../arm-atollic-eabi/lib/armv7e-m/fpu/fpv5-sp-d16\libc_nano.a(lib_a-nano-svfprintf.o) (_realloc_r)
[...]
Memory Configuration

Name             Origin             Length             Attributes
RAM              0x20000000         0x00050000         xrw
FLASH            0x08000000         0x00100000         xr
*default*        0x00000000         0xffffffff

Linker script and memory map

LOAD c:/program files (x86)/atollic/truestudio for stm32 9.3.0/armtools/bin/../lib/gcc/arm-atollic-eabi/6.3.1/armv7e-m/fpu/fpv5-sp-d16/crti.o
LOAD c:/program files (x86)/atollic/truestudio for stm32 9.3.0/armtools/bin/../lib/gcc/arm-atollic-eabi/6.3.1/armv7e-m/fpu/fpv5-sp-d16/crtbegin.o
LOAD Core\Src\adc.o
LOAD Core\Src\dma.o
LOAD Core\Src\gpio.o
LOAD Core\Src\lcd.o
LOAD Core\Src\main.o
LOAD Core\Src\matrix.o
LOAD Core\Src\stm32f7xx_hal_msp.o
LOAD Core\Src\stm32f7xx_it.o
LOAD Core\Src\syscalls.o
LOAD Core\Src\system_stm32f7xx.o
LOAD Core\Src\tim.o
LOAD Drivers\STM32F7xx_HAL_Driver\Src\stm32f7xx_hal.o
LOAD Drivers\STM32F7xx_HAL_Driver\Src\stm32f7xx_hal_adc.o
LOAD Drivers\STM32F7xx_HAL_Driver\Src\stm32f7xx_hal_adc_ex.o
LOAD Drivers\STM32F7xx_HAL_Driver\Src\stm32f7xx_hal_cortex.o
LOAD Drivers\STM32F7xx_HAL_Driver\Src\stm32f7xx_hal_dma.o
LOAD Drivers\STM32F7xx_HAL_Driver\Src\stm32f7xx_hal_dma_ex.o
LOAD Drivers\STM32F7xx_HAL_Driver\Src\stm32f7xx_hal_exti.o
LOAD Drivers\STM32F7xx_HAL_Driver\Src\stm32f7xx_hal_flash.o
LOAD Drivers\STM32F7xx_HAL_Driver\Src\stm32f7xx_hal_flash_ex.o
LOAD Drivers\STM32F7xx_HAL_Driver\Src\stm32f7xx_hal_gpio.o
LOAD Drivers\STM32F7xx_HAL_Driver\Src\stm32f7xx_hal_i2c.o
LOAD Drivers\STM32F7xx_HAL_Driver\Src\stm32f7xx_hal_i2c_ex.o
LOAD Drivers\STM32F7xx_HAL_Driver\Src\stm32f7xx_hal_pwr.o
LOAD Drivers\STM32F7xx_HAL_Driver\Src\stm32f7xx_hal_pwr_ex.o
LOAD Drivers\STM32F7xx_HAL_Driver\Src\stm32f7xx_hal_rcc.o
LOAD Drivers\STM32F7xx_HAL_Driver\Src\stm32f7xx_hal_rcc_ex.o
LOAD Drivers\STM32F7xx_HAL_Driver\Src\stm32f7xx_hal_tim.o
LOAD Drivers\STM32F7xx_HAL_Driver\Src\stm32f7xx_hal_tim_ex.o
LOAD startup\startup_stm32f756xx.o
                0x00000080                malloc_getpagesize_P = 0x80
START GROUP
LOAD c:/program files (x86)/atollic/truestudio for stm32 9.3.0/armtools/bin/../lib/gcc/arm-atollic-eabi/6.3.1/../../../../arm-atollic-eabi/lib/armv7e-m/fpu/fpv5-sp-d16\libc_nano.a
LOAD c:/program files (x86)/atollic/truestudio for stm32 9.3.0/armtools/bin/../lib/gcc/arm-atollic-eabi/6.3.1/../../../../arm-atollic-eabi/lib/armv7e-m/fpu/fpv5-sp-d16\libm.a
END GROUP
START GROUP
LOAD c:/program files (x86)/atollic/truestudio for stm32 9.3.0/armtools/bin/../lib/gcc/arm-atollic-eabi/6.3.1/armv7e-m/fpu/fpv5-sp-d16\libgcc.a
LOAD c:/program files (x86)/atollic/truestudio for stm32 9.3.0/armtools/bin/../lib/gcc/arm-atollic-eabi/6.3.1/../../../../arm-atollic-eabi/lib/armv7e-m/fpu/fpv5-sp-d16\libc_nano.a
END GROUP
START GROUP
LOAD c:/program files (x86)/atollic/truestudio for stm32 9.3.0/armtools/bin/../lib/gcc/arm-atollic-eabi/6.3.1/armv7e-m/fpu/fpv5-sp-d16\libgcc.a
LOAD c:/program files (x86)/atollic/truestudio for stm32 9.3.0/armtools/bin/../lib/gcc/arm-atollic-eabi/6.3.1/../../../../arm-atollic-eabi/lib/armv7e-m/fpu/fpv5-sp-d16\libc_nano.a
LOAD c:/program files (x86)/atollic/truestudio for stm32 9.3.0/armtools/bin/../lib/gcc/arm-atollic-eabi/6.3.1/../../../../arm-atollic-eabi/lib/armv7e-m/fpu/fpv5-sp-d16\libnosys.a
END GROUP
START GROUP
LOAD c:/program files (x86)/atollic/truestudio for stm32 9.3.0/armtools/bin/../lib/gcc/arm-atollic-eabi/6.3.1/armv7e-m/fpu/fpv5-sp-d16\libgcc.a
LOAD c:/program files (x86)/atollic/truestudio for stm32 9.3.0/armtools/bin/../lib/gcc/arm-atollic-eabi/6.3.1/../../../../arm-atollic-eabi/lib/armv7e-m/fpu/fpv5-sp-d16\libc_nano.a
LOAD c:/program files (x86)/atollic/truestudio for stm32 9.3.0/armtools/bin/../lib/gcc/arm-atollic-eabi/6.3.1/../../../../arm-atollic-eabi/lib/armv7e-m/fpu/fpv5-sp-d16\libnosys.a
END GROUP
LOAD c:/program files (x86)/atollic/truestudio for stm32 9.3.0/armtools/bin/../lib/gcc/arm-atollic-eabi/6.3.1/armv7e-m/fpu/fpv5-sp-d16/crtend.o
LOAD c:/program files (x86)/atollic/truestudio for stm32 9.3.0/armtools/bin/../lib/gcc/arm-atollic-eabi/6.3.1/armv7e-m/fpu/fpv5-sp-d16/crtn.o
                0x20050000                _estack = 0x20050000
                0x00000200                _Min_Heap_Size = 0x200
                0x00000400                _Min_Stack_Size = 0x400

.isr_vector     0x08000000      0x1c8
                0x08000000                . = ALIGN (0x4)
 *(.isr_vector)
 .isr_vector    0x08000000      0x1c8 startup\startup_stm32f756xx.o
                0x08000000                g_pfnVectors
                0x080001c8                . = ALIGN (0x4)

.text           0x080001d0     0x4b9c
                0x080001d0                . = ALIGN (0x4)
 *(.text)
 .text          0x080001d0       0x40 c:/program files (x86)/atollic/truestudio for stm32 9.3.0/armtools/bin/../lib/gcc/arm-atollic-eabi/6.3.1/armv7e-m/fpu/fpv5-sp-d16/crtbegin.o
 .text          0x08000210       0xa0 c:/program files (x86)/atollic/truestudio for stm32 9.3.0/armtools/bin/../lib/gcc/arm-atollic-eabi/6.3.1/../../../../arm-atollic-eabi/lib/armv7e-m/fpu/fpv5-sp-d16\libc_nano.a(lib_a-memchr.o)
                0x08000210                memchr
 .text          0x080002b0       0x30 c:/program files (x86)/atollic/truestudio for stm32 9.3.0/armtools/bin/../lib/gcc/arm-atollic-eabi/6.3.1/armv7e-m/fpu/fpv5-sp-d16\libgcc.a(_aeabi_uldivmod.o)
                0x080002b0                __aeabi_uldivmod
 .text          0x080002e0      0x2dc c:/program files (x86)/atollic/truestudio for stm32 9.3.0/armtools/bin/../lib/gcc/arm-atollic-eabi/6.3.1/armv7e-m/fpu/fpv5-sp-d16\libgcc.a(_udivmoddi4.o)
                0x080002e0                __udivmoddi4
 .text          0x080005bc        0x4 c:/program files (x86)/atollic/truestudio for stm32 9.3.0/armtools/bin/../lib/gcc/arm-atollic-eabi/6.3.1/armv7e-m/fpu/fpv5-sp-d16\libgcc.a(_dvmd_tls.o)
                0x080005bc                __aeabi_idiv0
                0x080005bc                __aeabi_ldiv0
 *(.text*)
 .text.MX_ADC1_Init
                0x080005c0       0xe0 Core\Src\adc.o
                0x080005c0                MX_ADC1_Init
 .text.HAL_ADC_MspInit
                0x080006a0       0xe8 Core\Src\adc.o
                0x080006a0                HAL_ADC_MspInit
 .text.MX_DMA_Init
                0x08000788       0x3c Core\Src\dma.o
                0x08000788                MX_DMA_Init
 .text.MX_GPIO_Init
                0x080007c4      0x114 Core\Src\gpio.o
                0x080007c4                MX_GPIO_Init
 .text.LCD_int2
                0x080008d8       0x6c Core\Src\lcd.o
                0x080008d8                LCD_int2
 .text.LCD_test
                0x08000944       0x38 Core\Src\lcd.o
                0x08000944                LCD_test
 .text.LCD_string
                0x0800097c       0x2a Core\Src\lcd.o
                0x0800097c                LCD_string
 .text.LCD_goto
                0x080009a6       0x60 Core\Src\lcd.o
                0x080009a6                LCD_goto
 *fill*         0x08000a06        0x2 
 .text.LCD_enable
                0x08000a08       0x44 Core\Src\lcd.o
                0x08000a08                LCD_enable
 .text.LCD_command
                0x08000a4c       0xe4 Core\Src\lcd.o
                0x08000a4c                LCD_command
 .text.LCD_data
                0x08000b30       0xe4 Core\Src\lcd.o
                0x08000b30                LCD_data
 .text.LCD_init_customcurzor
                0x08000c14       0x6a Core\Src\lcd.o
                0x08000c14                LCD_init_customcurzor
 *fill*         0x08000c7e        0x2 
 .text.main     0x08000c80      0x120 Core\Src\main.o
                0x08000c80                main
 .text.SystemClock_Config
                0x08000da0       0xb8 Core\Src\main.o
                0x08000da0                SystemClock_Config
 .text.Error_Handler
                0x08000e58        0x8 Core\Src\main.o
                0x08000e58                Error_Handler
 .text.HAL_MspInit
                0x08000e60       0x48 Core\Src\stm32f7xx_hal_msp.o
                0x08000e60                HAL_MspInit
 .text.NMI_Handler
                0x08000ea8        0x6 Core\Src\stm32f7xx_it.o
                0x08000ea8                NMI_Handler
 .text.HardFault_Handler
                0x08000eae        0x6 Core\Src\stm32f7xx_it.o
                0x08000eae                HardFault_Handler
 .text.MemManage_Handler
                0x08000eb4        0x6 Core\Src\stm32f7xx_it.o
                0x08000eb4                MemManage_Handler
 .text.BusFault_Handler
                0x08000eba        0x6 Core\Src\stm32f7xx_it.o
                0x08000eba                BusFault_Handler
 .text.UsageFault_Handler
                0x08000ec0        0x6 Core\Src\stm32f7xx_it.o
                0x08000ec0                UsageFault_Handler
 .text.SVC_Handler
                0x08000ec6        0xe Core\Src\stm32f7xx_it.o
                0x08000ec6                SVC_Handler
 .text.DebugMon_Handler
                0x08000ed4        0xe Core\Src\stm32f7xx_it.o
                0x08000ed4                DebugMon_Handler
 .text.PendSV_Handler
                0x08000ee2        0xe Core\Src\stm32f7xx_it.o
                0x08000ee2                PendSV_Handler
 .text.SysTick_Handler
                0x08000ef0        0xc Core\Src\stm32f7xx_it.o
                0x08000ef0                SysTick_Handler
 .text.DMA2_Stream0_IRQHandler
                0x08000efc       0x14 Core\Src\stm32f7xx_it.o
                0x08000efc                DMA2_Stream0_IRQHandler
 .text._sbrk    0x08000f10       0x58 Core\Src\syscalls.o
                0x08000f10                _sbrk
 .text.SystemInit
                0x08000f68       0x24 Core\Src\system_stm32f7xx.o
                0x08000f68                SystemInit
 .text.MX_TIM8_Init
                0x08000f8c      0x18c Core\Src\tim.o
                0x08000f8c                MX_TIM8_Init
 .text.MX_TIM9_Init
                0x08001118       0xdc Core\Src\tim.o
                0x08001118                MX_TIM9_Init
 .text.MX_TIM13_Init
                0x080011f4       0x9c Core\Src\tim.o
                0x080011f4                MX_TIM13_Init
 .text.MX_TIM14_Init
                0x08001290       0x9c Core\Src\tim.o
                0x08001290                MX_TIM14_Init
 .text.HAL_TIM_Base_MspInit
                0x0800132c       0xb8 Core\Src\tim.o
                0x0800132c                HAL_TIM_Base_MspInit
 .text.HAL_TIM_MspPostInit
                0x080013e4      0x158 Core\Src\tim.o
                0x080013e4                HAL_TIM_MspPostInit
 .text.HAL_Init
                0x0800153c       0x1a Drivers\STM32F7xx_HAL_Driver\Src\stm32f7xx_hal.o
                0x0800153c                HAL_Init
 *fill*         0x08001556        0x2 
 .text.HAL_InitTick
                0x08001558       0x60 Drivers\STM32F7xx_HAL_Driver\Src\stm32f7xx_hal.o
                0x08001558                HAL_InitTick
 .text.HAL_IncTick
                0x080015b8       0x28 Drivers\STM32F7xx_HAL_Driver\Src\stm32f7xx_hal.o
                0x080015b8                HAL_IncTick
 .text.HAL_GetTick
                0x080015e0       0x18 Drivers\STM32F7xx_HAL_Driver\Src\stm32f7xx_hal.o
                0x080015e0                HAL_GetTick
 .text.HAL_Delay
                0x080015f8       0x44 Drivers\STM32F7xx_HAL_Driver\Src\stm32f7xx_hal.o
                0x080015f8                HAL_Delay
 .text.HAL_ADC_Init
                0x0800163c       0x88 Drivers\STM32F7xx_HAL_Driver\Src\stm32f7xx_hal_adc.o
                0x0800163c                HAL_ADC_Init
 .text.HAL_ADC_Start_DMA
                0x080016c4      0x1f4 Drivers\STM32F7xx_HAL_Driver\Src\stm32f7xx_hal_adc.o
                0x080016c4                HAL_ADC_Start_DMA
 .text.HAL_ADC_ConvCpltCallback
                0x080018b8       0x14 Drivers\STM32F7xx_HAL_Driver\Src\stm32f7xx_hal_adc.o
                0x080018b8                HAL_ADC_ConvCpltCallback
 .text.HAL_ADC_ConvHalfCpltCallback
                0x080018cc       0x14 Drivers\STM32F7xx_HAL_Driver\Src\stm32f7xx_hal_adc.o
                0x080018cc                HAL_ADC_ConvHalfCpltCallback
 .text.HAL_ADC_ErrorCallback
                0x080018e0       0x14 Drivers\STM32F7xx_HAL_Driver\Src\stm32f7xx_hal_adc.o
                0x080018e0                HAL_ADC_ErrorCallback
 .text.HAL_ADC_ConfigChannel
                0x080018f4      0x294 Drivers\STM32F7xx_HAL_Driver\Src\stm32f7xx_hal_adc.o
                0x080018f4                HAL_ADC_ConfigChannel
 .text.ADC_Init
                0x08001b88      0x1f4 Drivers\STM32F7xx_HAL_Driver\Src\stm32f7xx_hal_adc.o
 .text.ADC_DMAConvCplt
                0x08001d7c       0xba Drivers\STM32F7xx_HAL_Driver\Src\stm32f7xx_hal_adc.o
 .text.ADC_DMAHalfConvCplt
                0x08001e36       0x1c Drivers\STM32F7xx_HAL_Driver\Src\stm32f7xx_hal_adc.o
 .text.ADC_DMAError
                0x08001e52       0x2e Drivers\STM32F7xx_HAL_Driver\Src\stm32f7xx_hal_adc.o
 .text.__NVIC_SetPriorityGrouping
                0x08001e80       0x48 Drivers\STM32F7xx_HAL_Driver\Src\stm32f7xx_hal_cortex.o
 .text.__NVIC_GetPriorityGrouping
                0x08001ec8       0x1c Drivers\STM32F7xx_HAL_Driver\Src\stm32f7xx_hal_cortex.o
 .text.__NVIC_EnableIRQ
                0x08001ee4       0x3c Drivers\STM32F7xx_HAL_Driver\Src\stm32f7xx_hal_cortex.o
 .text.__NVIC_SetPriority
                0x08001f20       0x54 Drivers\STM32F7xx_HAL_Driver\Src\stm32f7xx_hal_cortex.o
 .text.NVIC_EncodePriority
                0x08001f74       0x62 Drivers\STM32F7xx_HAL_Driver\Src\stm32f7xx_hal_cortex.o
 *fill*         0x08001fd6        0x2 
 .text.SysTick_Config
                0x08001fd8       0x44 Drivers\STM32F7xx_HAL_Driver\Src\stm32f7xx_hal_cortex.o
 .text.HAL_NVIC_SetPriorityGrouping
                0x0800201c       0x16 Drivers\STM32F7xx_HAL_Driver\Src\stm32f7xx_hal_cortex.o
                0x0800201c                HAL_NVIC_SetPriorityGrouping
 .text.HAL_NVIC_SetPriority
                0x08002032       0x38 Drivers\STM32F7xx_HAL_Driver\Src\stm32f7xx_hal_cortex.o
                0x08002032                HAL_NVIC_SetPriority
 .text.HAL_NVIC_EnableIRQ
                0x0800206a       0x1c Drivers\STM32F7xx_HAL_Driver\Src\stm32f7xx_hal_cortex.o
                0x0800206a                HAL_NVIC_EnableIRQ
 .text.HAL_SYSTICK_Config
                0x08002086       0x18 Drivers\STM32F7xx_HAL_Driver\Src\stm32f7xx_hal_cortex.o
                0x08002086                HAL_SYSTICK_Config
 *fill*         0x0800209e        0x2 
 .text.HAL_DMA_Init
                0x080020a0      0x15c Drivers\STM32F7xx_HAL_Driver\Src\stm32f7xx_hal_dma.o
                0x080020a0                HAL_DMA_Init
 .text.HAL_DMA_Start_IT
                0x080021fc       0xc0 Drivers\STM32F7xx_HAL_Driver\Src\stm32f7xx_hal_dma.o
                0x080021fc                HAL_DMA_Start_IT
 .text.HAL_DMA_IRQHandler
                0x080022bc      0x314 Drivers\STM32F7xx_HAL_Driver\Src\stm32f7xx_hal_dma.o
                0x080022bc                HAL_DMA_IRQHandler
 .text.DMA_SetConfig
                0x080025d0       0x5c Drivers\STM32F7xx_HAL_Driver\Src\stm32f7xx_hal_dma.o
 .text.DMA_CalcBaseAndBitshift
                0x0800262c       0x6c Drivers\STM32F7xx_HAL_Driver\Src\stm32f7xx_hal_dma.o
 .text.DMA_CheckFifoParam
                0x08002698       0xf4 Drivers\STM32F7xx_HAL_Driver\Src\stm32f7xx_hal_dma.o
 .text.HAL_GPIO_Init
                0x0800278c      0x354 Drivers\STM32F7xx_HAL_Driver\Src\stm32f7xx_hal_gpio.o
                0x0800278c                HAL_GPIO_Init
 .text.HAL_GPIO_WritePin
                0x08002ae0       0x32 Drivers\STM32F7xx_HAL_Driver\Src\stm32f7xx_hal_gpio.o
                0x08002ae0                HAL_GPIO_WritePin
 .text.HAL_GPIO_TogglePin
                0x08002b12       0x34 Drivers\STM32F7xx_HAL_Driver\Src\stm32f7xx_hal_gpio.o
                0x08002b12                HAL_GPIO_TogglePin
 *fill*         0x08002b46        0x2 
 .text.HAL_RCC_OscConfig
                0x08002b48      0x548 Drivers\STM32F7xx_HAL_Driver\Src\stm32f7xx_hal_rcc.o
                0x08002b48                HAL_RCC_OscConfig
 .text.HAL_RCC_ClockConfig
                0x08003090      0x1d8 Drivers\STM32F7xx_HAL_Driver\Src\stm32f7xx_hal_rcc.o
                0x08003090                HAL_RCC_ClockConfig
 .text.HAL_RCC_GetSysClockFreq
                0x08003268      0x16c Drivers\STM32F7xx_HAL_Driver\Src\stm32f7xx_hal_rcc.o
                0x08003268                HAL_RCC_GetSysClockFreq
 .text.HAL_TIM_Base_Init
                0x080033d4       0xae Drivers\STM32F7xx_HAL_Driver\Src\stm32f7xx_hal_tim.o
                0x080033d4                HAL_TIM_Base_Init
 .text.HAL_TIM_PWM_Init
                0x08003482       0xae Drivers\STM32F7xx_HAL_Driver\Src\stm32f7xx_hal_tim.o
                0x08003482                HAL_TIM_PWM_Init
 .text.HAL_TIM_PWM_MspInit
                0x08003530       0x14 Drivers\STM32F7xx_HAL_Driver\Src\stm32f7xx_hal_tim.o
                0x08003530                HAL_TIM_PWM_MspInit
 .text.HAL_TIM_PWM_Start
                0x08003544      0x1f4 Drivers\STM32F7xx_HAL_Driver\Src\stm32f7xx_hal_tim.o
                0x08003544                HAL_TIM_PWM_Start
 .text.HAL_TIM_PWM_ConfigChannel
                0x08003738      0x220 Drivers\STM32F7xx_HAL_Driver\Src\stm32f7xx_hal_tim.o
                0x08003738                HAL_TIM_PWM_ConfigChannel
 .text.HAL_TIM_ConfigClockSource
                0x08003958      0x174 Drivers\STM32F7xx_HAL_Driver\Src\stm32f7xx_hal_tim.o
                0x08003958                HAL_TIM_ConfigClockSource
 .text.TIM_Base_SetConfig
                0x08003acc      0x140 Drivers\STM32F7xx_HAL_Driver\Src\stm32f7xx_hal_tim.o
                0x08003acc                TIM_Base_SetConfig
 .text.TIM_OC1_SetConfig
                0x08003c0c       0xe4 Drivers\STM32F7xx_HAL_Driver\Src\stm32f7xx_hal_tim.o
 .text.TIM_OC2_SetConfig
                0x08003cf0       0xf0 Drivers\STM32F7xx_HAL_Driver\Src\stm32f7xx_hal_tim.o
                0x08003cf0                TIM_OC2_SetConfig
 .text.TIM_OC3_SetConfig
                0x08003de0       0xec Drivers\STM32F7xx_HAL_Driver\Src\stm32f7xx_hal_tim.o
 .text.TIM_OC4_SetConfig
                0x08003ecc       0xb0 Drivers\STM32F7xx_HAL_Driver\Src\stm32f7xx_hal_tim.o
 .text.TIM_OC5_SetConfig
                0x08003f7c       0xa4 Drivers\STM32F7xx_HAL_Driver\Src\stm32f7xx_hal_tim.o
 .text.TIM_OC6_SetConfig
                0x08004020       0xa8 Drivers\STM32F7xx_HAL_Driver\Src\stm32f7xx_hal_tim.o
 .text.TIM_TI1_ConfigInputStage
                0x080040c8       0x5e Drivers\STM32F7xx_HAL_Driver\Src\stm32f7xx_hal_tim.o
 .text.TIM_TI2_ConfigInputStage
                0x08004126       0x60 Drivers\STM32F7xx_HAL_Driver\Src\stm32f7xx_hal_tim.o
 .text.TIM_ITRx_SetConfig
                0x08004186       0x36 Drivers\STM32F7xx_HAL_Driver\Src\stm32f7xx_hal_tim.o
 .text.TIM_ETR_SetConfig
                0x080041bc       0x40 Drivers\STM32F7xx_HAL_Driver\Src\stm32f7xx_hal_tim.o
                0x080041bc                TIM_ETR_SetConfig
 .text.TIM_CCxChannelCmd
                0x080041fc       0x4a Drivers\STM32F7xx_HAL_Driver\Src\stm32f7xx_hal_tim.o
                0x080041fc                TIM_CCxChannelCmd
 *fill*         0x08004246        0x2 
 .text.HAL_TIMEx_MasterConfigSynchronization
                0x08004248      0x11c Drivers\STM32F7xx_HAL_Driver\Src\stm32f7xx_hal_tim_ex.o
                0x08004248                HAL_TIMEx_MasterConfigSynchronization
 .text.HAL_TIMEx_ConfigBreakDeadTime
                0x08004364       0xfc Drivers\STM32F7xx_HAL_Driver\Src\stm32f7xx_hal_tim_ex.o
                0x08004364                HAL_TIMEx_ConfigBreakDeadTime
 .text.Reset_Handler
                0x08004460       0x50 startup\startup_stm32f756xx.o
                0x08004460                Reset_Handler
 .text.Default_Handler
                0x080044b0        0x2 startup\startup_stm32f756xx.o
                0x080044b0                RTC_Alarm_IRQHandler
                0x080044b0                HASH_RNG_IRQHandler
                0x080044b0                EXTI2_IRQHandler
                0x080044b0                TIM8_CC_IRQHandler
                0x080044b0                UART8_IRQHandler
                0x080044b0                SPI4_IRQHandler
                0x080044b0                TIM1_CC_IRQHandler
                0x080044b0                DMA2_Stream5_IRQHandler
                0x080044b0                DMA1_Stream5_IRQHandler
                0x080044b0                PVD_IRQHandler
                0x080044b0                TAMP_STAMP_IRQHandler
                0x080044b0                CAN2_RX1_IRQHandler
                0x080044b0                EXTI3_IRQHandler
                0x080044b0                TIM8_TRG_COM_TIM14_IRQHandler
                0x080044b0                TIM1_UP_TIM10_IRQHandler
                0x080044b0                TIM8_UP_TIM13_IRQHandler
                0x080044b0                I2C3_ER_IRQHandler
                0x080044b0                EXTI0_IRQHandler
                0x080044b0                I2C2_EV_IRQHandler
                0x080044b0                DMA1_Stream2_IRQHandler
                0x080044b0                CAN1_RX0_IRQHandler
                0x080044b0                FPU_IRQHandler
                0x080044b0                OTG_HS_WKUP_IRQHandler
                0x080044b0                LTDC_ER_IRQHandler
                0x080044b0                CAN2_SCE_IRQHandler
                0x080044b0                DMA2_Stream2_IRQHandler
                0x080044b0                SPI1_IRQHandler
                0x080044b0                TIM6_DAC_IRQHandler
                0x080044b0                TIM1_BRK_TIM9_IRQHandler
                0x080044b0                DCMI_IRQHandler
                0x080044b0                CAN2_RX0_IRQHandler
                0x080044b0                DMA2_Stream3_IRQHandler
                0x080044b0                SAI2_IRQHandler
                0x080044b0                USART6_IRQHandler
                0x080044b0                USART3_IRQHandler
                0x080044b0                CRYP_IRQHandler
                0x080044b0                CAN1_RX1_IRQHandler
                0x080044b0                UART5_IRQHandler
                0x080044b0                TIM4_IRQHandler
                0x080044b0                QUADSPI_IRQHandler
                0x080044b0                I2C1_EV_IRQHandler
                0x080044b0                DMA1_Stream6_IRQHandler
                0x080044b0                DMA1_Stream1_IRQHandler
                0x080044b0                UART4_IRQHandler
                0x080044b0                TIM3_IRQHandler
                0x080044b0                RCC_IRQHandler
                0x080044b0                TIM8_BRK_TIM12_IRQHandler
                0x080044b0                Default_Handler
                0x080044b0                CEC_IRQHandler
                0x080044b0                EXTI15_10_IRQHandler
                0x080044b0                ADC_IRQHandler
                0x080044b0                DMA1_Stream7_IRQHandler
                0x080044b0                SPI5_IRQHandler
                0x080044b0                TIM7_IRQHandler
                0x080044b0                SDMMC1_IRQHandler
                0x080044b0                CAN2_TX_IRQHandler
                0x080044b0                TIM5_IRQHandler
                0x080044b0                DMA2_Stream7_IRQHandler
                0x080044b0                I2C3_EV_IRQHandler
                0x080044b0                EXTI9_5_IRQHandler
                0x080044b0                RTC_WKUP_IRQHandler
                0x080044b0                LTDC_IRQHandler
                0x080044b0                ETH_WKUP_IRQHandler
                0x080044b0                SPDIF_RX_IRQHandler
                0x080044b0                SPI2_IRQHandler
                0x080044b0                OTG_HS_EP1_IN_IRQHandler
                0x080044b0                DMA1_Stream0_IRQHandler
                0x080044b0                CAN1_TX_IRQHandler
                0x080044b0                EXTI4_IRQHandler
                0x080044b0                ETH_IRQHandler
                0x080044b0                OTG_HS_EP1_OUT_IRQHandler
                0x080044b0                WWDG_IRQHandler
                0x080044b0                SPI6_IRQHandler
                0x080044b0                I2C4_EV_IRQHandler
                0x080044b0                TIM2_IRQHandler
                0x080044b0                OTG_FS_WKUP_IRQHandler
                0x080044b0                TIM1_TRG_COM_TIM11_IRQHandler
                0x080044b0                OTG_HS_IRQHandler
                0x080044b0                DMA2D_IRQHandler
                0x080044b0                EXTI1_IRQHandler
                0x080044b0                UART7_IRQHandler
                0x080044b0                USART2_IRQHandler
                0x080044b0                I2C2_ER_IRQHandler
                0x080044b0                DMA2_Stream1_IRQHandler
                0x080044b0                CAN1_SCE_IRQHandler
                0x080044b0                FLASH_IRQHandler
                0x080044b0                DMA2_Stream4_IRQHandler
                0x080044b0                USART1_IRQHandler
                0x080044b0                OTG_FS_IRQHandler
                0x080044b0                SPI3_IRQHandler
                0x080044b0                DMA1_Stream4_IRQHandler
                0x080044b0                I2C1_ER_IRQHandler
                0x080044b0                FMC_IRQHandler
                0x080044b0                LPTIM1_IRQHandler
                0x080044b0                I2C4_ER_IRQHandler
                0x080044b0                DMA2_Stream6_IRQHandler
                0x080044b0                SAI1_IRQHandler
                0x080044b0                DMA1_Stream3_IRQHandler
 *fill*         0x080044b2        0x2 
 .text.__errno  0x080044b4        0xc c:/program files (x86)/atollic/truestudio for stm32 9.3.0/armtools/bin/../lib/gcc/arm-atollic-eabi/6.3.1/../../../../arm-atollic-eabi/lib/armv7e-m/fpu/fpv5-sp-d16\libc_nano.a(lib_a-errno.o)
                0x080044b4                __errno
 .text.__libc_init_array
                0x080044c0       0x48 c:/program files (x86)/atollic/truestudio for stm32 9.3.0/armtools/bin/../lib/gcc/arm-atollic-eabi/6.3.1/../../../../arm-atollic-eabi/lib/armv7e-m/fpu/fpv5-sp-d16\libc_nano.a(lib_a-init.o)
                0x080044c0                __libc_init_array
 .text.memset   0x08004508       0x10 c:/program files (x86)/atollic/truestudio for stm32 9.3.0/armtools/bin/../lib/gcc/arm-atollic-eabi/6.3.1/../../../../arm-atollic-eabi/lib/armv7e-m/fpu/fpv5-sp-d16\libc_nano.a(lib_a-memset.o)
                0x08004508                memset
 .text.sprintf  0x08004518       0x48 c:/program files (x86)/atollic/truestudio for stm32 9.3.0/armtools/bin/../lib/gcc/arm-atollic-eabi/6.3.1/../../../../arm-atollic-eabi/lib/armv7e-m/fpu/fpv5-sp-d16\libc_nano.a(lib_a-sprintf.o)
                0x08004518                siprintf
                0x08004518                sprintf
 .text.__ssputs_r
                0x08004560       0xb6 c:/program files (x86)/atollic/truestudio for stm32 9.3.0/armtools/bin/../lib/gcc/arm-atollic-eabi/6.3.1/../../../../arm-atollic-eabi/lib/armv7e-m/fpu/fpv5-sp-d16\libc_nano.a(lib_a-nano-svfprintf.o)
                0x08004560                __ssputs_r
 *fill*         0x08004616        0x2 
 .text._svfprintf_r
                0x08004618      0x1e8 c:/program files (x86)/atollic/truestudio for stm32 9.3.0/armtools/bin/../lib/gcc/arm-atollic-eabi/6.3.1/../../../../arm-atollic-eabi/lib/armv7e-m/fpu/fpv5-sp-d16\libc_nano.a(lib_a-nano-svfprintf.o)
                0x08004618                _svfiprintf_r
                0x08004618                _svfprintf_r
 .text._printf_common
                0x08004800       0xec c:/program files (x86)/atollic/truestudio for stm32 9.3.0/armtools/bin/../lib/gcc/arm-atollic-eabi/6.3.1/../../../../arm-atollic-eabi/lib/armv7e-m/fpu/fpv5-sp-d16\libc_nano.a(lib_a-nano-vfprintf_i.o)
                0x08004800                _printf_common
 .text._printf_i
                0x080048ec      0x240 c:/program files (x86)/atollic/truestudio for stm32 9.3.0/armtools/bin/../lib/gcc/arm-atollic-eabi/6.3.1/../../../../arm-atollic-eabi/lib/armv7e-m/fpu/fpv5-sp-d16\libc_nano.a(lib_a-nano-vfprintf_i.o)
                0x080048ec                _printf_i
 .text.memcpy   0x08004b2c       0x16 c:/program files (x86)/atollic/truestudio for stm32 9.3.0/armtools/bin/../lib/gcc/arm-atollic-eabi/6.3.1/../../../../arm-atollic-eabi/lib/armv7e-m/fpu/fpv5-sp-d16\libc_nano.a(lib_a-memcpy-stub.o)
                0x08004b2c                memcpy
 .text.memmove  0x08004b42       0x34 c:/program files (x86)/atollic/truestudio for stm32 9.3.0/armtools/bin/../lib/gcc/arm-atollic-eabi/6.3.1/../../../../arm-atollic-eabi/lib/armv7e-m/fpu/fpv5-sp-d16\libc_nano.a(lib_a-memmove.o)
                0x08004b42                memmove
 *fill*         0x08004b76        0x2 
 .text._free_r  0x08004b78       0x9c c:/program files (x86)/atollic/truestudio for stm32 9.3.0/armtools/bin/../lib/gcc/arm-atollic-eabi/6.3.1/../../../../arm-atollic-eabi/lib/armv7e-m/fpu/fpv5-sp-d16\libc_nano.a(lib_a-nano-freer.o)
                0x08004b78                _free_r
 .text._malloc_r
                0x08004c14       0xbc c:/program files (x86)/atollic/truestudio for stm32 9.3.0/armtools/bin/../lib/gcc/arm-atollic-eabi/6.3.1/../../../../arm-atollic-eabi/lib/armv7e-m/fpu/fpv5-sp-d16\libc_nano.a(lib_a-nano-mallocr.o)
                0x08004c14                _malloc_r
 .text._realloc_r
                0x08004cd0       0x4c c:/program files (x86)/atollic/truestudio for stm32 9.3.0/armtools/bin/../lib/gcc/arm-atollic-eabi/6.3.1/../../../../arm-atollic-eabi/lib/armv7e-m/fpu/fpv5-sp-d16\libc_nano.a(lib_a-nano-reallocr.o)
                0x08004cd0                _realloc_r
 .text._sbrk_r  0x08004d1c       0x20 c:/program files (x86)/atollic/truestudio for stm32 9.3.0/armtools/bin/../lib/gcc/arm-atollic-eabi/6.3.1/../../../../arm-atollic-eabi/lib/armv7e-m/fpu/fpv5-sp-d16\libc_nano.a(lib_a-sbrkr.o)
                0x08004d1c                _sbrk_r
 .text.__malloc_lock
                0x08004d3c        0x2 c:/program files (x86)/atollic/truestudio for stm32 9.3.0/armtools/bin/../lib/gcc/arm-atollic-eabi/6.3.1/../../../../arm-atollic-eabi/lib/armv7e-m/fpu/fpv5-sp-d16\libc_nano.a(lib_a-mlock.o)
                0x08004d3c                __malloc_lock
 .text.__malloc_unlock
                0x08004d3e        0x2 c:/program files (x86)/atollic/truestudio for stm32 9.3.0/armtools/bin/../lib/gcc/arm-atollic-eabi/6.3.1/../../../../arm-atollic-eabi/lib/armv7e-m/fpu/fpv5-sp-d16\libc_nano.a(lib_a-mlock.o)
                0x08004d3e                __malloc_unlock
 .text._malloc_usable_size_r
                0x08004d40       0x12 c:/program files (x86)/atollic/truestudio for stm32 9.3.0/armtools/bin/../lib/gcc/arm-atollic-eabi/6.3.1/../../../../arm-atollic-eabi/lib/armv7e-m/fpu/fpv5-sp-d16\libc_nano.a(lib_a-nano-msizer.o)
                0x08004d40                _malloc_usable_size_r
 *(.glue_7)
 .glue_7        0x08004d52        0x0 linker stubs
 *(.glue_7t)
 .glue_7t       0x08004d52        0x0 linker stubs
 *(.eh_frame)
 *fill*         0x08004d52        0x2 
 .eh_frame      0x08004d54        0x0 c:/program files (x86)/atollic/truestudio for stm32 9.3.0/armtools/bin/../lib/gcc/arm-atollic-eabi/6.3.1/armv7e-m/fpu/fpv5-sp-d16/crtbegin.o
 *(.init)
 .init          0x08004d54        0x4 c:/program files (x86)/atollic/truestudio for stm32 9.3.0/armtools/bin/../lib/gcc/arm-atollic-eabi/6.3.1/armv7e-m/fpu/fpv5-sp-d16/crti.o
                0x08004d54                _init
 .init          0x08004d58        0x8 c:/program files (x86)/atollic/truestudio for stm32 9.3.0/armtools/bin/../lib/gcc/arm-atollic-eabi/6.3.1/armv7e-m/fpu/fpv5-sp-d16/crtn.o
 *(.fini)
 .fini          0x08004d60        0x4 c:/program files (x86)/atollic/truestudio for stm32 9.3.0/armtools/bin/../lib/gcc/arm-atollic-eabi/6.3.1/armv7e-m/fpu/fpv5-sp-d16/crti.o
                0x08004d60                _fini
 .fini          0x08004d64        0x8 c:/program files (x86)/atollic/truestudio for stm32 9.3.0/armtools/bin/../lib/gcc/arm-atollic-eabi/6.3.1/armv7e-m/fpu/fpv5-sp-d16/crtn.o
                0x08004d6c                . = ALIGN (0x4)
                0x08004d6c                _etext = .

.vfp11_veneer   0x08004d6c        0x0
 .vfp11_veneer  0x08004d6c        0x0 linker stubs

.v4_bx          0x08004d6c        0x0
 .v4_bx         0x08004d6c        0x0 linker stubs

.iplt           0x08004d6c        0x0
 .iplt          0x08004d6c        0x0 c:/program files (x86)/atollic/truestudio for stm32 9.3.0/armtools/bin/../lib/gcc/arm-atollic-eabi/6.3.1/armv7e-m/fpu/fpv5-sp-d16/crtbegin.o

.rodata         0x08004d6c       0x70
                0x08004d6c                . = ALIGN (0x4)
 *(.rodata)
 .rodata        0x08004d6c       0x14 Core\Src\lcd.o
 .rodata        0x08004d80        0xf Core\Src\main.o
 *(.rodata*)
 *fill*         0x08004d8f        0x1 
 .rodata.AHBPrescTable
                0x08004d90       0x10 Core\Src\system_stm32f7xx.o
                0x08004d90                AHBPrescTable
 .rodata.flagBitshiftOffset.8674
                0x08004da0        0x8 Drivers\STM32F7xx_HAL_Driver\Src\stm32f7xx_hal_dma.o
 .rodata._svfprintf_r.str1.1
                0x08004da8       0x11 c:/program files (x86)/atollic/truestudio for stm32 9.3.0/armtools/bin/../lib/gcc/arm-atollic-eabi/6.3.1/../../../../arm-atollic-eabi/lib/armv7e-m/fpu/fpv5-sp-d16\libc_nano.a(lib_a-nano-svfprintf.o)
 .rodata._printf_i.str1.1
                0x08004db9       0x22 c:/program files (x86)/atollic/truestudio for stm32 9.3.0/armtools/bin/../lib/gcc/arm-atollic-eabi/6.3.1/../../../../arm-atollic-eabi/lib/armv7e-m/fpu/fpv5-sp-d16\libc_nano.a(lib_a-nano-vfprintf_i.o)
                0x08004ddc                . = ALIGN (0x4)
 *fill*         0x08004ddb        0x1 

.ARM.extab
 *(.ARM.extab* .gnu.linkonce.armextab.*)

.ARM            0x08004ddc        0x8
                0x08004ddc                __exidx_start = .
 *(.ARM.exidx*)
 .ARM.exidx     0x08004ddc        0x8 c:/program files (x86)/atollic/truestudio for stm32 9.3.0/armtools/bin/../lib/gcc/arm-atollic-eabi/6.3.1/armv7e-m/fpu/fpv5-sp-d16\libgcc.a(_udivmoddi4.o)
                0x08004de4                __exidx_end = .

.rel.dyn        0x08004de4        0x0
 .rel.iplt      0x08004de4        0x0 c:/program files (x86)/atollic/truestudio for stm32 9.3.0/armtools/bin/../lib/gcc/arm-atollic-eabi/6.3.1/armv7e-m/fpu/fpv5-sp-d16/crtbegin.o

.preinit_array  0x08004de4        0x0
                0x08004de4                PROVIDE (__preinit_array_start, .)
 *(.preinit_array*)
                0x08004de4                PROVIDE (__preinit_array_end, .)

.init_array     0x08004de4        0x4
                0x08004de4                PROVIDE (__init_array_start, .)
 *(SORT(.init_array.*))
 *(.init_array*)
 .init_array    0x08004de4        0x4 c:/program files (x86)/atollic/truestudio for stm32 9.3.0/armtools/bin/../lib/gcc/arm-atollic-eabi/6.3.1/armv7e-m/fpu/fpv5-sp-d16/crtbegin.o
                0x08004de8                PROVIDE (__init_array_end, .)

.fini_array     0x08004de8        0x4
                [!provide]                PROVIDE (__fini_array_start, .)
 *(SORT(.fini_array.*))
 *(.fini_array*)
 .fini_array    0x08004de8        0x4 c:/program files (x86)/atollic/truestudio for stm32 9.3.0/armtools/bin/../lib/gcc/arm-atollic-eabi/6.3.1/armv7e-m/fpu/fpv5-sp-d16/crtbegin.o
                [!provide]                PROVIDE (__fini_array_end, .)
                0x08004dec                _sidata = LOADADDR (.data)

.data           0x20000000       0x70 load address 0x08004dec
                0x20000000                . = ALIGN (0x4)
                0x20000000                _sdata = .
 *(.data)
 *(.data*)
 .data.SystemCoreClock
                0x20000000        0x4 Core\Src\system_stm32f7xx.o
                0x20000000                SystemCoreClock
 .data.uwTickPrio
                0x20000004        0x4 Drivers\STM32F7xx_HAL_Driver\Src\stm32f7xx_hal.o
                0x20000004                uwTickPrio
 .data.uwTickFreq
                0x20000008        0x1 Drivers\STM32F7xx_HAL_Driver\Src\stm32f7xx_hal.o
                0x20000008                uwTickFreq
 *fill*         0x20000009        0x3 
 .data._impure_ptr
                0x2000000c        0x4 c:/program files (x86)/atollic/truestudio for stm32 9.3.0/armtools/bin/../lib/gcc/arm-atollic-eabi/6.3.1/../../../../arm-atollic-eabi/lib/armv7e-m/fpu/fpv5-sp-d16\libc_nano.a(lib_a-impure.o)
                0x2000000c                _impure_ptr
 .data.impure_data
                0x20000010       0x60 c:/program files (x86)/atollic/truestudio for stm32 9.3.0/armtools/bin/../lib/gcc/arm-atollic-eabi/6.3.1/../../../../arm-atollic-eabi/lib/armv7e-m/fpu/fpv5-sp-d16\libc_nano.a(lib_a-impure.o)
                0x20000070                . = ALIGN (0x4)
                0x20000070                _edata = .

.igot.plt       0x20000070        0x0 load address 0x08004e5c
 .igot.plt      0x20000070        0x0 c:/program files (x86)/atollic/truestudio for stm32 9.3.0/armtools/bin/../lib/gcc/arm-atollic-eabi/6.3.1/armv7e-m/fpu/fpv5-sp-d16/crtbegin.o
                0x20000070                . = ALIGN (0x4)

.bss            0x20000070      0x214 load address 0x08004e5c
                0x20000070                _sbss = .
                0x20000070                __bss_start__ = _sbss
 *(.bss)
 .bss           0x20000070       0x1c c:/program files (x86)/atollic/truestudio for stm32 9.3.0/armtools/bin/../lib/gcc/arm-atollic-eabi/6.3.1/armv7e-m/fpu/fpv5-sp-d16/crtbegin.o
 *(.bss*)
 .bss.heap_end.7010
                0x2000008c        0x4 Core\Src\syscalls.o
 .bss.__malloc_free_list
                0x20000090        0x4 c:/program files (x86)/atollic/truestudio for stm32 9.3.0/armtools/bin/../lib/gcc/arm-atollic-eabi/6.3.1/../../../../arm-atollic-eabi/lib/armv7e-m/fpu/fpv5-sp-d16\libc_nano.a(lib_a-nano-mallocr.o)
                0x20000090                __malloc_free_list
 .bss.__malloc_sbrk_start
                0x20000094        0x4 c:/program files (x86)/atollic/truestudio for stm32 9.3.0/armtools/bin/../lib/gcc/arm-atollic-eabi/6.3.1/../../../../arm-atollic-eabi/lib/armv7e-m/fpu/fpv5-sp-d16\libc_nano.a(lib_a-nano-mallocr.o)
                0x20000094                __malloc_sbrk_start
 *(COMMON)
 COMMON         0x20000098       0xa8 Core\Src\adc.o
                0x20000098                hadc1
                0x200000e0                hdma_adc1
 COMMON         0x20000140        0xc Core\Src\main.o
                0x20000140                AdcDMA_data
 COMMON         0x2000014c      0x130 Core\Src\tim.o
                0x2000014c                htim8
                0x20000198                htim13
                0x200001e4                htim9
                0x20000230                htim14
 COMMON         0x2000027c        0x4 Drivers\STM32F7xx_HAL_Driver\Src\stm32f7xx_hal.o
                0x2000027c                uwTick
 COMMON         0x20000280        0x4 c:/program files (x86)/atollic/truestudio for stm32 9.3.0/armtools/bin/../lib/gcc/arm-atollic-eabi/6.3.1/../../../../arm-atollic-eabi/lib/armv7e-m/fpu/fpv5-sp-d16\libc_nano.a(lib_a-reent.o)
                0x20000280                errno
                0x20000284                . = ALIGN (0x4)
                0x20000284                _ebss = .
                0x20000284                __bss_end__ = _ebss

._user_heap_stack
                0x20000284      0x600 load address 0x08004e5c
                0x20000284                . = ALIGN (0x4)
                0x20000284                PROVIDE (end, .)
                [!provide]                PROVIDE (_end, .)
                0x20000484                . = (. + _Min_Heap_Size)
 *fill*         0x20000284      0x200 
                0x20000884                . = (. + _Min_Stack_Size)
 *fill*         0x20000484      0x400 
                0x20000884                . = ALIGN (0x4)

/DISCARD/
 libc.a(*)
 libm.a(*)
 libgcc.a(*)

.ARM.attributes
                0x00000000       0x30
 *(.ARM.attributes)
 .ARM.attributes
                0x00000000       0x22 c:/program files (x86)/atollic/truestudio for stm32 9.3.0/armtools/bin/../lib/gcc/arm-atollic-eabi/6.3.1/armv7e-m/fpu/fpv5-sp-d16/crti.o
 .ARM.attributes
                0x00000022       0x34 c:/program files (x86)/atollic/truestudio for stm32 9.3.0/armtools/bin/../lib/gcc/arm-atollic-eabi/6.3.1/armv7e-m/fpu/fpv5-sp-d16/crtbegin.o
 .ARM.attributes
                0x00000056       0x39 Core\Src\adc.o
 .ARM.attributes
                0x0000008f       0x39 Core\Src\dma.o
 .ARM.attributes
                0x000000c8       0x39 Core\Src\gpio.o
 .ARM.attributes
                0x00000101       0x39 Core\Src\lcd.o
 .ARM.attributes
                0x0000013a       0x39 Core\Src\main.o
 .ARM.attributes
                0x00000173       0x39 Core\Src\stm32f7xx_hal_msp.o
 .ARM.attributes
                0x000001ac       0x39 Core\Src\stm32f7xx_it.o
 .ARM.attributes
                0x000001e5       0x39 Core\Src\syscalls.o
 .ARM.attributes
                0x0000021e       0x39 Core\Src\system_stm32f7xx.o
 .ARM.attributes
                0x00000257       0x39 Core\Src\tim.o
 .ARM.attributes
                0x00000290       0x39 Drivers\STM32F7xx_HAL_Driver\Src\stm32f7xx_hal.o
 .ARM.attributes
                0x000002c9       0x39 Drivers\STM32F7xx_HAL_Driver\Src\stm32f7xx_hal_adc.o
 .ARM.attributes
                0x00000302       0x39 Drivers\STM32F7xx_HAL_Driver\Src\stm32f7xx_hal_cortex.o
 .ARM.attributes
                0x0000033b       0x39 Drivers\STM32F7xx_HAL_Driver\Src\stm32f7xx_hal_dma.o
 .ARM.attributes
                0x00000374       0x39 Drivers\STM32F7xx_HAL_Driver\Src\stm32f7xx_hal_gpio.o
 .ARM.attributes
                0x000003ad       0x39 Drivers\STM32F7xx_HAL_Driver\Src\stm32f7xx_hal_rcc.o
 .ARM.attributes
                0x000003e6       0x39 Drivers\STM32F7xx_HAL_Driver\Src\stm32f7xx_hal_tim.o
 .ARM.attributes
                0x0000041f       0x39 Drivers\STM32F7xx_HAL_Driver\Src\stm32f7xx_hal_tim_ex.o
 .ARM.attributes
                0x00000458       0x21 startup\startup_stm32f756xx.o
 .ARM.attributes
                0x00000479       0x34 c:/program files (x86)/atollic/truestudio for stm32 9.3.0/armtools/bin/../lib/gcc/arm-atollic-eabi/6.3.1/../../../../arm-atollic-eabi/lib/armv7e-m/fpu/fpv5-sp-d16\libc_nano.a(lib_a-errno.o)
 .ARM.attributes
                0x000004ad       0x34 c:/program files (x86)/atollic/truestudio for stm32 9.3.0/armtools/bin/../lib/gcc/arm-atollic-eabi/6.3.1/../../../../arm-atollic-eabi/lib/armv7e-m/fpu/fpv5-sp-d16\libc_nano.a(lib_a-impure.o)
 .ARM.attributes
                0x000004e1       0x34 c:/program files (x86)/atollic/truestudio for stm32 9.3.0/armtools/bin/../lib/gcc/arm-atollic-eabi/6.3.1/../../../../arm-atollic-eabi/lib/armv7e-m/fpu/fpv5-sp-d16\libc_nano.a(lib_a-init.o)
 .ARM.attributes
                0x00000515       0x34 c:/program files (x86)/atollic/truestudio for stm32 9.3.0/armtools/bin/../lib/gcc/arm-atollic-eabi/6.3.1/../../../../arm-atollic-eabi/lib/armv7e-m/fpu/fpv5-sp-d16\libc_nano.a(lib_a-memset.o)
 .ARM.attributes
                0x00000549       0x34 c:/program files (x86)/atollic/truestudio for stm32 9.3.0/armtools/bin/../lib/gcc/arm-atollic-eabi/6.3.1/../../../../arm-atollic-eabi/lib/armv7e-m/fpu/fpv5-sp-d16\libc_nano.a(lib_a-sprintf.o)
 .ARM.attributes
                0x0000057d       0x34 c:/program files (x86)/atollic/truestudio for stm32 9.3.0/armtools/bin/../lib/gcc/arm-atollic-eabi/6.3.1/../../../../arm-atollic-eabi/lib/armv7e-m/fpu/fpv5-sp-d16\libc_nano.a(lib_a-nano-svfprintf.o)
 .ARM.attributes
                0x000005b1       0x34 c:/program files (x86)/atollic/truestudio for stm32 9.3.0/armtools/bin/../lib/gcc/arm-atollic-eabi/6.3.1/../../../../arm-atollic-eabi/lib/armv7e-m/fpu/fpv5-sp-d16\libc_nano.a(lib_a-nano-vfprintf_i.o)
 .ARM.attributes
                0x000005e5       0x20 c:/program files (x86)/atollic/truestudio for stm32 9.3.0/armtools/bin/../lib/gcc/arm-atollic-eabi/6.3.1/../../../../arm-atollic-eabi/lib/armv7e-m/fpu/fpv5-sp-d16\libc_nano.a(lib_a-memchr.o)
 .ARM.attributes
                0x00000605       0x34 c:/program files (x86)/atollic/truestudio for stm32 9.3.0/armtools/bin/../lib/gcc/arm-atollic-eabi/6.3.1/../../../../arm-atollic-eabi/lib/armv7e-m/fpu/fpv5-sp-d16\libc_nano.a(lib_a-memcpy-stub.o)
 .ARM.attributes
                0x00000639       0x34 c:/program files (x86)/atollic/truestudio for stm32 9.3.0/armtools/bin/../lib/gcc/arm-atollic-eabi/6.3.1/../../../../arm-atollic-eabi/lib/armv7e-m/fpu/fpv5-sp-d16\libc_nano.a(lib_a-memmove.o)
 .ARM.attributes
                0x0000066d       0x34 c:/program files (x86)/atollic/truestudio for stm32 9.3.0/armtools/bin/../lib/gcc/arm-atollic-eabi/6.3.1/../../../../arm-atollic-eabi/lib/armv7e-m/fpu/fpv5-sp-d16\libc_nano.a(lib_a-nano-freer.o)
 .ARM.attributes
                0x000006a1       0x34 c:/program files (x86)/atollic/truestudio for stm32 9.3.0/armtools/bin/../lib/gcc/arm-atollic-eabi/6.3.1/../../../../arm-atollic-eabi/lib/armv7e-m/fpu/fpv5-sp-d16\libc_nano.a(lib_a-nano-mallocr.o)
 .ARM.attributes
                0x000006d5       0x34 c:/program files (x86)/atollic/truestudio for stm32 9.3.0/armtools/bin/../lib/gcc/arm-atollic-eabi/6.3.1/../../../../arm-atollic-eabi/lib/armv7e-m/fpu/fpv5-sp-d16\libc_nano.a(lib_a-nano-reallocr.o)
 .ARM.attributes
                0x00000709       0x34 c:/program files (x86)/atollic/truestudio for stm32 9.3.0/armtools/bin/../lib/gcc/arm-atollic-eabi/6.3.1/../../../../arm-atollic-eabi/lib/armv7e-m/fpu/fpv5-sp-d16\libc_nano.a(lib_a-sbrkr.o)
 .ARM.attributes
                0x0000073d       0x34 c:/program files (x86)/atollic/truestudio for stm32 9.3.0/armtools/bin/../lib/gcc/arm-atollic-eabi/6.3.1/../../../../arm-atollic-eabi/lib/armv7e-m/fpu/fpv5-sp-d16\libc_nano.a(lib_a-mlock.o)
 .ARM.attributes
                0x00000771       0x34 c:/program files (x86)/atollic/truestudio for stm32 9.3.0/armtools/bin/../lib/gcc/arm-atollic-eabi/6.3.1/../../../../arm-atollic-eabi/lib/armv7e-m/fpu/fpv5-sp-d16\libc_nano.a(lib_a-nano-msizer.o)
 .ARM.attributes
                0x000007a5       0x34 c:/program files (x86)/atollic/truestudio for stm32 9.3.0/armtools/bin/../lib/gcc/arm-atollic-eabi/6.3.1/../../../../arm-atollic-eabi/lib/armv7e-m/fpu/fpv5-sp-d16\libc_nano.a(lib_a-reent.o)
 .ARM.attributes
                0x000007d9       0x22 c:/program files (x86)/atollic/truestudio for stm32 9.3.0/armtools/bin/../lib/gcc/arm-atollic-eabi/6.3.1/armv7e-m/fpu/fpv5-sp-d16\libgcc.a(_aeabi_uldivmod.o)
 .ARM.attributes
                0x000007fb       0x34 c:/program files (x86)/atollic/truestudio for stm32 9.3.0/armtools/bin/../lib/gcc/arm-atollic-eabi/6.3.1/armv7e-m/fpu/fpv5-sp-d16\libgcc.a(_udivmoddi4.o)
 .ARM.attributes
                0x0000082f       0x22 c:/program files (x86)/atollic/truestudio for stm32 9.3.0/armtools/bin/../lib/gcc/arm-atollic-eabi/6.3.1/armv7e-m/fpu/fpv5-sp-d16\libgcc.a(_dvmd_tls.o)
 .ARM.attributes
                0x00000851       0x22 c:/program files (x86)/atollic/truestudio for stm32 9.3.0/armtools/bin/../lib/gcc/arm-atollic-eabi/6.3.1/armv7e-m/fpu/fpv5-sp-d16/crtn.o
OUTPUT(robotarm2_test.elf elf32-littlearm)

.debug_info     0x00000000    0x11861
 .debug_info    0x00000000     0x1271 Core\Src\adc.o
 .debug_info    0x00001271      0xe55 Core\Src\dma.o
 .debug_info    0x000020c6      0xd69 Core\Src\gpio.o
 .debug_info    0x00002e2f      0xdf5 Core\Src\lcd.o
 .debug_info    0x00003c24     0x16eb Core\Src\main.o
 .debug_info    0x0000530f      0xbe8 Core\Src\stm32f7xx_hal_msp.o
 .debug_info    0x00005ef7      0xcce Core\Src\stm32f7xx_it.o
 .debug_info    0x00006bc5      0xf16 Core\Src\syscalls.o
 .debug_info    0x00007adb      0x73f Core\Src\system_stm32f7xx.o
 .debug_info    0x0000821a     0x167f Core\Src\tim.o
 .debug_info    0x00009899      0x9d9 Drivers\STM32F7xx_HAL_Driver\Src\stm32f7xx_hal.o
 .debug_info    0x0000a272      0xc9a Drivers\STM32F7xx_HAL_Driver\Src\stm32f7xx_hal_adc.o
 .debug_info    0x0000af0c     0x1050 Drivers\STM32F7xx_HAL_Driver\Src\stm32f7xx_hal_cortex.o
 .debug_info    0x0000bf5c      0x964 Drivers\STM32F7xx_HAL_Driver\Src\stm32f7xx_hal_dma.o
 .debug_info    0x0000c8c0      0x7ea Drivers\STM32F7xx_HAL_Driver\Src\stm32f7xx_hal_gpio.o
 .debug_info    0x0000d0aa      0x935 Drivers\STM32F7xx_HAL_Driver\Src\stm32f7xx_hal_rcc.o
 .debug_info    0x0000d9df     0x293e Drivers\STM32F7xx_HAL_Driver\Src\stm32f7xx_hal_tim.o
 .debug_info    0x0001031d     0x14c7 Drivers\STM32F7xx_HAL_Driver\Src\stm32f7xx_hal_tim_ex.o
 .debug_info    0x000117e4       0x7d startup\startup_stm32f756xx.o

.debug_abbrev   0x00000000     0x25b6
 .debug_abbrev  0x00000000      0x221 Core\Src\adc.o
 .debug_abbrev  0x00000221      0x1cf Core\Src\dma.o
 .debug_abbrev  0x000003f0      0x1da Core\Src\gpio.o
 .debug_abbrev  0x000005ca      0x295 Core\Src\lcd.o
 .debug_abbrev  0x0000085f      0x26c Core\Src\main.o
 .debug_abbrev  0x00000acb      0x1da Core\Src\stm32f7xx_hal_msp.o
 .debug_abbrev  0x00000ca5      0x1cf Core\Src\stm32f7xx_it.o
 .debug_abbrev  0x00000e74      0x271 Core\Src\syscalls.o
 .debug_abbrev  0x000010e5      0x142 Core\Src\system_stm32f7xx.o
 .debug_abbrev  0x00001227      0x271 Core\Src\tim.o
 .debug_abbrev  0x00001498      0x1c2 Drivers\STM32F7xx_HAL_Driver\Src\stm32f7xx_hal.o
 .debug_abbrev  0x0000165a      0x200 Drivers\STM32F7xx_HAL_Driver\Src\stm32f7xx_hal_adc.o
 .debug_abbrev  0x0000185a      0x2f5 Drivers\STM32F7xx_HAL_Driver\Src\stm32f7xx_hal_cortex.o
 .debug_abbrev  0x00001b4f      0x224 Drivers\STM32F7xx_HAL_Driver\Src\stm32f7xx_hal_dma.o
 .debug_abbrev  0x00001d73      0x1c4 Drivers\STM32F7xx_HAL_Driver\Src\stm32f7xx_hal_gpio.o
 .debug_abbrev  0x00001f37      0x215 Drivers\STM32F7xx_HAL_Driver\Src\stm32f7xx_hal_rcc.o
 .debug_abbrev  0x0000214c      0x229 Drivers\STM32F7xx_HAL_Driver\Src\stm32f7xx_hal_tim.o
 .debug_abbrev  0x00002375      0x22f Drivers\STM32F7xx_HAL_Driver\Src\stm32f7xx_hal_tim_ex.o
 .debug_abbrev  0x000025a4       0x12 startup\startup_stm32f756xx.o

.debug_aranges  0x00000000      0xcc8
 .debug_aranges
                0x00000000       0x30 Core\Src\adc.o
 .debug_aranges
                0x00000030       0x20 Core\Src\dma.o
 .debug_aranges
                0x00000050       0x20 Core\Src\gpio.o
 .debug_aranges
                0x00000070       0x88 Core\Src\lcd.o
 .debug_aranges
                0x000000f8       0x30 Core\Src\main.o
 .debug_aranges
                0x00000128       0x20 Core\Src\stm32f7xx_hal_msp.o
 .debug_aranges
                0x00000148       0x68 Core\Src\stm32f7xx_it.o
 .debug_aranges
                0x000001b0       0xb0 Core\Src\syscalls.o
 .debug_aranges
                0x00000260       0x28 Core\Src\system_stm32f7xx.o
 .debug_aranges
                0x00000288       0x50 Core\Src\tim.o
 .debug_aranges
                0x000002d8      0x100 Drivers\STM32F7xx_HAL_Driver\Src\stm32f7xx_hal.o
 .debug_aranges
                0x000003d8       0xe8 Drivers\STM32F7xx_HAL_Driver\Src\stm32f7xx_hal_adc.o
 .debug_aranges
                0x000004c0      0x118 Drivers\STM32F7xx_HAL_Driver\Src\stm32f7xx_hal_cortex.o
 .debug_aranges
                0x000005d8       0x90 Drivers\STM32F7xx_HAL_Driver\Src\stm32f7xx_hal_dma.o
 .debug_aranges
                0x00000668       0x58 Drivers\STM32F7xx_HAL_Driver\Src\stm32f7xx_hal_gpio.o
 .debug_aranges
                0x000006c0       0x88 Drivers\STM32F7xx_HAL_Driver\Src\stm32f7xx_hal_rcc.o
 .debug_aranges
                0x00000748      0x3e0 Drivers\STM32F7xx_HAL_Driver\Src\stm32f7xx_hal_tim.o
 .debug_aranges
                0x00000b28      0x178 Drivers\STM32F7xx_HAL_Driver\Src\stm32f7xx_hal_tim_ex.o
 .debug_aranges
                0x00000ca0       0x28 startup\startup_stm32f756xx.o

.debug_ranges   0x00000000      0xba0
 .debug_ranges  0x00000000       0x20 Core\Src\adc.o
 .debug_ranges  0x00000020       0x10 Core\Src\dma.o
 .debug_ranges  0x00000030       0x10 Core\Src\gpio.o
 .debug_ranges  0x00000040       0x78 Core\Src\lcd.o
 .debug_ranges  0x000000b8       0x20 Core\Src\main.o
 .debug_ranges  0x000000d8       0x10 Core\Src\stm32f7xx_hal_msp.o
 .debug_ranges  0x000000e8       0x58 Core\Src\stm32f7xx_it.o
 .debug_ranges  0x00000140       0xa0 Core\Src\syscalls.o
 .debug_ranges  0x000001e0       0x18 Core\Src\system_stm32f7xx.o
 .debug_ranges  0x000001f8       0x40 Core\Src\tim.o
 .debug_ranges  0x00000238       0xf0 Drivers\STM32F7xx_HAL_Driver\Src\stm32f7xx_hal.o
 .debug_ranges  0x00000328       0xd8 Drivers\STM32F7xx_HAL_Driver\Src\stm32f7xx_hal_adc.o
 .debug_ranges  0x00000400      0x108 Drivers\STM32F7xx_HAL_Driver\Src\stm32f7xx_hal_cortex.o
 .debug_ranges  0x00000508       0x80 Drivers\STM32F7xx_HAL_Driver\Src\stm32f7xx_hal_dma.o
 .debug_ranges  0x00000588       0x48 Drivers\STM32F7xx_HAL_Driver\Src\stm32f7xx_hal_gpio.o
 .debug_ranges  0x000005d0       0x78 Drivers\STM32F7xx_HAL_Driver\Src\stm32f7xx_hal_rcc.o
 .debug_ranges  0x00000648      0x3d0 Drivers\STM32F7xx_HAL_Driver\Src\stm32f7xx_hal_tim.o
 .debug_ranges  0x00000a18      0x168 Drivers\STM32F7xx_HAL_Driver\Src\stm32f7xx_hal_tim_ex.o
 .debug_ranges  0x00000b80       0x20 startup\startup_stm32f756xx.o

.debug_line     0x00000000     0x72ef
 .debug_line    0x00000000      0x3ae Core\Src\adc.o
 .debug_line    0x000003ae      0x2d9 Core\Src\dma.o
 .debug_line    0x00000687      0x305 Core\Src\gpio.o
 .debug_line    0x0000098c      0x45f Core\Src\lcd.o
 .debug_line    0x00000deb      0x44b Core\Src\main.o
 .debug_line    0x00001236      0x2e7 Core\Src\stm32f7xx_hal_msp.o
 .debug_line    0x0000151d      0x3bd Core\Src\stm32f7xx_it.o
 .debug_line    0x000018da      0x3dd Core\Src\syscalls.o
 .debug_line    0x00001cb7      0x20c Core\Src\system_stm32f7xx.o
 .debug_line    0x00001ec3      0x47a Core\Src\tim.o
 .debug_line    0x0000233d      0x433 Drivers\STM32F7xx_HAL_Driver\Src\stm32f7xx_hal.o
 .debug_line    0x00002770      0x6a5 Drivers\STM32F7xx_HAL_Driver\Src\stm32f7xx_hal_adc.o
 .debug_line    0x00002e15      0x553 Drivers\STM32F7xx_HAL_Driver\Src\stm32f7xx_hal_cortex.o
 .debug_line    0x00003368      0x505 Drivers\STM32F7xx_HAL_Driver\Src\stm32f7xx_hal_dma.o
 .debug_line    0x0000386d      0x43d Drivers\STM32F7xx_HAL_Driver\Src\stm32f7xx_hal_gpio.o
 .debug_line    0x00003caa      0x501 Drivers\STM32F7xx_HAL_Driver\Src\stm32f7xx_hal_rcc.o
 .debug_line    0x000041ab     0x21ec Drivers\STM32F7xx_HAL_Driver\Src\stm32f7xx_hal_tim.o
 .debug_line    0x00006397      0xed7 Drivers\STM32F7xx_HAL_Driver\Src\stm32f7xx_hal_tim_ex.o
 .debug_line    0x0000726e       0x81 startup\startup_stm32f756xx.o

.debug_str      0x00000000     0x420a
 .debug_str     0x00000000      0xc42 Core\Src\adc.o
                                0xd3c (size before relaxing)
 .debug_str     0x00000c42      0x5d0 Core\Src\dma.o
                                0xe05 (size before relaxing)
 .debug_str     0x00001212       0x3c Core\Src\gpio.o
                                0x8f2 (size before relaxing)
 .debug_str     0x0000124e       0xdf Core\Src\lcd.o
                                0x84c (size before relaxing)
 .debug_str     0x0000132d      0x475 Core\Src\main.o
                               0x1121 (size before relaxing)
 .debug_str     0x000017a2       0x2c Core\Src\stm32f7xx_hal_msp.o
                                0x861 (size before relaxing)
 .debug_str     0x000017ce       0xc3 Core\Src\stm32f7xx_it.o
                                0xa2e (size before relaxing)
 .debug_str     0x00001891      0x239 Core\Src\syscalls.o
                                0x85e (size before relaxing)
 .debug_str     0x00001aca      0x178 Core\Src\system_stm32f7xx.o
                                0x517 (size before relaxing)
 .debug_str     0x00001c42      0x265 Core\Src\tim.o
                               0x10dd (size before relaxing)
 .debug_str     0x00001ea7      0x2f3 Drivers\STM32F7xx_HAL_Driver\Src\stm32f7xx_hal.o
                                0xc8d (size before relaxing)
 .debug_str     0x0000219a      0x29c Drivers\STM32F7xx_HAL_Driver\Src\stm32f7xx_hal_adc.o
                                0x9cf (size before relaxing)
 .debug_str     0x00002436      0x492 Drivers\STM32F7xx_HAL_Driver\Src\stm32f7xx_hal_cortex.o
                                0xe94 (size before relaxing)
 .debug_str     0x000028c8      0x30e Drivers\STM32F7xx_HAL_Driver\Src\stm32f7xx_hal_dma.o
                                0x842 (size before relaxing)
 .debug_str     0x00002bd6      0x127 Drivers\STM32F7xx_HAL_Driver\Src\stm32f7xx_hal_gpio.o
                                0x5e5 (size before relaxing)
 .debug_str     0x00002cfd      0x1dc Drivers\STM32F7xx_HAL_Driver\Src\stm32f7xx_hal_rcc.o
                                0x797 (size before relaxing)
 .debug_str     0x00002ed9      0xe10 Drivers\STM32F7xx_HAL_Driver\Src\stm32f7xx_hal_tim.o
                               0x17bf (size before relaxing)
 .debug_str     0x00003ce9      0x521 Drivers\STM32F7xx_HAL_Driver\Src\stm32f7xx_hal_tim_ex.o
                                0xfc3 (size before relaxing)

.comment        0x00000000       0x7c
 .comment       0x00000000       0x7c Core\Src\adc.o
                                 0x7d (size before relaxing)
 .comment       0x0000007c       0x7d Core\Src\dma.o
 .comment       0x0000007c       0x7d Core\Src\gpio.o
 .comment       0x0000007c       0x7d Core\Src\lcd.o
 .comment       0x0000007c       0x7d Core\Src\main.o
 .comment       0x0000007c       0x7d Core\Src\stm32f7xx_hal_msp.o
 .comment       0x0000007c       0x7d Core\Src\stm32f7xx_it.o
 .comment       0x0000007c       0x7d Core\Src\syscalls.o
 .comment       0x0000007c       0x7d Core\Src\system_stm32f7xx.o
 .comment       0x0000007c       0x7d Core\Src\tim.o
 .comment       0x0000007c       0x7d Drivers\STM32F7xx_HAL_Driver\Src\stm32f7xx_hal.o
 .comment       0x0000007c       0x7d Drivers\STM32F7xx_HAL_Driver\Src\stm32f7xx_hal_adc.o
 .comment       0x0000007c       0x7d Drivers\STM32F7xx_HAL_Driver\Src\stm32f7xx_hal_cortex.o
 .comment       0x0000007c       0x7d Drivers\STM32F7xx_HAL_Driver\Src\stm32f7xx_hal_dma.o
 .comment       0x0000007c       0x7d Drivers\STM32F7xx_HAL_Driver\Src\stm32f7xx_hal_gpio.o
 .comment       0x0000007c       0x7d Drivers\STM32F7xx_HAL_Driver\Src\stm32f7xx_hal_rcc.o
 .comment       0x0000007c       0x7d Drivers\STM32F7xx_HAL_Driver\Src\stm32f7xx_hal_tim.o
 .comment       0x0000007c       0x7d Drivers\STM32F7xx_HAL_Driver\Src\stm32f7xx_hal_tim_ex.o

.debug_frame    0x00000000     0x3768
 .debug_frame   0x00000000       0x7c Core\Src\adc.o
 .debug_frame   0x0000007c       0x34 Core\Src\dma.o
 .debug_frame   0x000000b0       0x34 Core\Src\gpio.o
 .debug_frame   0x000000e4      0x208 Core\Src\lcd.o
 .debug_frame   0x000002ec       0x6c Core\Src\main.o
 .debug_frame   0x00000358       0x38 Core\Src\stm32f7xx_hal_msp.o
 .debug_frame   0x00000390      0x120 Core\Src\stm32f7xx_it.o
 .debug_frame   0x000004b0      0x2d4 Core\Src\syscalls.o
 .debug_frame   0x00000784       0x58 Core\Src\system_stm32f7xx.o
 .debug_frame   0x000007dc      0x114 Core\Src\tim.o
 .debug_frame   0x000008f0      0x3b4 Drivers\STM32F7xx_HAL_Driver\Src\stm32f7xx_hal.o
 .debug_frame   0x00000ca4      0x400 Drivers\STM32F7xx_HAL_Driver\Src\stm32f7xx_hal_adc.o
 .debug_frame   0x000010a4      0x498 Drivers\STM32F7xx_HAL_Driver\Src\stm32f7xx_hal_cortex.o
 .debug_frame   0x0000153c      0x250 Drivers\STM32F7xx_HAL_Driver\Src\stm32f7xx_hal_dma.o
 .debug_frame   0x0000178c      0x14c Drivers\STM32F7xx_HAL_Driver\Src\stm32f7xx_hal_gpio.o
 .debug_frame   0x000018d8      0x1fc Drivers\STM32F7xx_HAL_Driver\Src\stm32f7xx_hal_rcc.o
 .debug_frame   0x00001ad4     0x1218 Drivers\STM32F7xx_HAL_Driver\Src\stm32f7xx_hal_tim.o
 .debug_frame   0x00002cec      0x688 Drivers\STM32F7xx_HAL_Driver\Src\stm32f7xx_hal_tim_ex.o
 .debug_frame   0x00003374       0x20 c:/program files (x86)/atollic/truestudio for stm32 9.3.0/armtools/bin/../lib/gcc/arm-atollic-eabi/6.3.1/../../../../arm-atollic-eabi/lib/armv7e-m/fpu/fpv5-sp-d16\libc_nano.a(lib_a-errno.o)
 .debug_frame   0x00003394       0x2c c:/program files (x86)/atollic/truestudio for stm32 9.3.0/armtools/bin/../lib/gcc/arm-atollic-eabi/6.3.1/../../../../arm-atollic-eabi/lib/armv7e-m/fpu/fpv5-sp-d16\libc_nano.a(lib_a-init.o)
 .debug_frame   0x000033c0       0x20 c:/program files (x86)/atollic/truestudio for stm32 9.3.0/armtools/bin/../lib/gcc/arm-atollic-eabi/6.3.1/../../../../arm-atollic-eabi/lib/armv7e-m/fpu/fpv5-sp-d16\libc_nano.a(lib_a-memset.o)
 .debug_frame   0x000033e0       0x70 c:/program files (x86)/atollic/truestudio for stm32 9.3.0/armtools/bin/../lib/gcc/arm-atollic-eabi/6.3.1/../../../../arm-atollic-eabi/lib/armv7e-m/fpu/fpv5-sp-d16\libc_nano.a(lib_a-sprintf.o)
 .debug_frame   0x00003450       0x90 c:/program files (x86)/atollic/truestudio for stm32 9.3.0/armtools/bin/../lib/gcc/arm-atollic-eabi/6.3.1/../../../../arm-atollic-eabi/lib/armv7e-m/fpu/fpv5-sp-d16\libc_nano.a(lib_a-nano-svfprintf.o)
 .debug_frame   0x000034e0       0x60 c:/program files (x86)/atollic/truestudio for stm32 9.3.0/armtools/bin/../lib/gcc/arm-atollic-eabi/6.3.1/../../../../arm-atollic-eabi/lib/armv7e-m/fpu/fpv5-sp-d16\libc_nano.a(lib_a-nano-vfprintf_i.o)
 .debug_frame   0x00003540       0x28 c:/program files (x86)/atollic/truestudio for stm32 9.3.0/armtools/bin/../lib/gcc/arm-atollic-eabi/6.3.1/../../../../arm-atollic-eabi/lib/armv7e-m/fpu/fpv5-sp-d16\libc_nano.a(lib_a-memcpy-stub.o)
 .debug_frame   0x00003568       0x28 c:/program files (x86)/atollic/truestudio for stm32 9.3.0/armtools/bin/../lib/gcc/arm-atollic-eabi/6.3.1/../../../../arm-atollic-eabi/lib/armv7e-m/fpu/fpv5-sp-d16\libc_nano.a(lib_a-memmove.o)
 .debug_frame   0x00003590       0x38 c:/program files (x86)/atollic/truestudio for stm32 9.3.0/armtools/bin/../lib/gcc/arm-atollic-eabi/6.3.1/../../../../arm-atollic-eabi/lib/armv7e-m/fpu/fpv5-sp-d16\libc_nano.a(lib_a-nano-freer.o)
 .debug_frame   0x000035c8       0x2c c:/program files (x86)/atollic/truestudio for stm32 9.3.0/armtools/bin/../lib/gcc/arm-atollic-eabi/6.3.1/../../../../arm-atollic-eabi/lib/armv7e-m/fpu/fpv5-sp-d16\libc_nano.a(lib_a-nano-mallocr.o)
 .debug_frame   0x000035f4       0x3c c:/program files (x86)/atollic/truestudio for stm32 9.3.0/armtools/bin/../lib/gcc/arm-atollic-eabi/6.3.1/../../../../arm-atollic-eabi/lib/armv7e-m/fpu/fpv5-sp-d16\libc_nano.a(lib_a-nano-reallocr.o)
 .debug_frame   0x00003630       0x2c c:/program files (x86)/atollic/truestudio for stm32 9.3.0/armtools/bin/../lib/gcc/arm-atollic-eabi/6.3.1/../../../../arm-atollic-eabi/lib/armv7e-m/fpu/fpv5-sp-d16\libc_nano.a(lib_a-sbrkr.o)
 .debug_frame   0x0000365c       0x30 c:/program files (x86)/atollic/truestudio for stm32 9.3.0/armtools/bin/../lib/gcc/arm-atollic-eabi/6.3.1/../../../../arm-atollic-eabi/lib/armv7e-m/fpu/fpv5-sp-d16\libc_nano.a(lib_a-mlock.o)
 .debug_frame   0x0000368c       0x20 c:/program files (x86)/atollic/truestudio for stm32 9.3.0/armtools/bin/../lib/gcc/arm-atollic-eabi/6.3.1/../../../../arm-atollic-eabi/lib/armv7e-m/fpu/fpv5-sp-d16\libc_nano.a(lib_a-nano-msizer.o)
 .debug_frame   0x000036ac       0x5c c:/program files (x86)/atollic/truestudio for stm32 9.3.0/armtools/bin/../lib/gcc/arm-atollic-eabi/6.3.1/../../../../arm-atollic-eabi/lib/armv7e-m/fpu/fpv5-sp-d16\libc_nano.a(lib_a-reent.o)
 .debug_frame   0x00003708       0x2c c:/program files (x86)/atollic/truestudio for stm32 9.3.0/armtools/bin/../lib/gcc/arm-atollic-eabi/6.3.1/armv7e-m/fpu/fpv5-sp-d16\libgcc.a(_aeabi_uldivmod.o)
 .debug_frame   0x00003734       0x34 c:/program files (x86)/atollic/truestudio for stm32 9.3.0/armtools/bin/../lib/gcc/arm-atollic-eabi/6.3.1/armv7e-m/fpu/fpv5-sp-d16\libgcc.a(_udivmoddi4.o)
