Archive member included to satisfy reference by file (symbol)

c:/program files (x86)/atollic/truestudio for stm32 9.3.0/armtools/bin/../lib/gcc/arm-atollic-eabi/6.3.1/../../../../arm-atollic-eabi/lib/armv7e-m/fpu/fpv5-sp-d16\libc_nano.a(lib_a-atoi.o)
                              Middlewares\Third_Party\LwIP\src\core\netif.o (atoi)
c:/program files (x86)/atollic/truestudio for stm32 9.3.0/armtools/bin/../lib/gcc/arm-atollic-eabi/6.3.1/../../../../arm-atollic-eabi/lib/armv7e-m/fpu/fpv5-sp-d16\libc_nano.a(lib_a-init.o)
                              startup\startup_stm32f756xx.o (__libc_init_array)
c:/program files (x86)/atollic/truestudio for stm32 9.3.0/armtools/bin/../lib/gcc/arm-atollic-eabi/6.3.1/../../../../arm-atollic-eabi/lib/armv7e-m/fpu/fpv5-sp-d16\libc_nano.a(lib_a-locale.o)
                              Middlewares\Third_Party\LwIP\src\core\ipv4\ip4_addr.o (__locale_ctype_ptr)
c:/program files (x86)/atollic/truestudio for stm32 9.3.0/armtools/bin/../lib/gcc/arm-atollic-eabi/6.3.1/../../../../arm-atollic-eabi/lib/armv7e-m/fpu/fpv5-sp-d16\libc_nano.a(lib_a-mbtowc_r.o)
                              c:/program files (x86)/atollic/truestudio for stm32 9.3.0/armtools/bin/../lib/gcc/arm-atollic-eabi/6.3.1/../../../../arm-atollic-eabi/lib/armv7e-m/fpu/fpv5-sp-d16\libc_nano.a(lib_a-locale.o) (__ascii_mbtowc)
c:/program files (x86)/atollic/truestudio for stm32 9.3.0/armtools/bin/../lib/gcc/arm-atollic-eabi/6.3.1/../../../../arm-atollic-eabi/lib/armv7e-m/fpu/fpv5-sp-d16\libc_nano.a(lib_a-memcmp.o)
                              Middlewares\Third_Party\LwIP\src\netif\bridgeif_fdb.o (memcmp)
c:/program files (x86)/atollic/truestudio for stm32 9.3.0/armtools/bin/../lib/gcc/arm-atollic-eabi/6.3.1/../../../../arm-atollic-eabi/lib/armv7e-m/fpu/fpv5-sp-d16\libc_nano.a(lib_a-memcpy-stub.o)
                              LWIP\Target\ethernetif.o (memcpy)
c:/program files (x86)/atollic/truestudio for stm32 9.3.0/armtools/bin/../lib/gcc/arm-atollic-eabi/6.3.1/../../../../arm-atollic-eabi/lib/armv7e-m/fpu/fpv5-sp-d16\libc_nano.a(lib_a-memmove.o)
                              Middlewares\Third_Party\LwIP\src\core\def.o (memmove)
c:/program files (x86)/atollic/truestudio for stm32 9.3.0/armtools/bin/../lib/gcc/arm-atollic-eabi/6.3.1/../../../../arm-atollic-eabi/lib/armv7e-m/fpu/fpv5-sp-d16\libc_nano.a(lib_a-memset.o)
                              Core\Src\main.o (memset)
c:/program files (x86)/atollic/truestudio for stm32 9.3.0/armtools/bin/../lib/gcc/arm-atollic-eabi/6.3.1/../../../../arm-atollic-eabi/lib/armv7e-m/fpu/fpv5-sp-d16\libc_nano.a(lib_a-printf.o)
                              LWIP\Target\ethernetif.o (printf)
c:/program files (x86)/atollic/truestudio for stm32 9.3.0/armtools/bin/../lib/gcc/arm-atollic-eabi/6.3.1/../../../../arm-atollic-eabi/lib/armv7e-m/fpu/fpv5-sp-d16\libc_nano.a(lib_a-rand.o)
                              Middlewares\Third_Party\LwIP\src\core\ipv4\dhcp.o (rand)
c:/program files (x86)/atollic/truestudio for stm32 9.3.0/armtools/bin/../lib/gcc/arm-atollic-eabi/6.3.1/../../../../arm-atollic-eabi/lib/armv7e-m/fpu/fpv5-sp-d16\libc_nano.a(lib_a-reent.o)
                              Core\Src\syscalls.o (errno)
c:/program files (x86)/atollic/truestudio for stm32 9.3.0/armtools/bin/../lib/gcc/arm-atollic-eabi/6.3.1/../../../../arm-atollic-eabi/lib/armv7e-m/fpu/fpv5-sp-d16\libc_nano.a(lib_a-strchr.o)
                              Middlewares\Third_Party\LwIP\src\apps\http\httpd.o (strchr)
c:/program files (x86)/atollic/truestudio for stm32 9.3.0/armtools/bin/../lib/gcc/arm-atollic-eabi/6.3.1/../../../../arm-atollic-eabi/lib/armv7e-m/fpu/fpv5-sp-d16\libc_nano.a(lib_a-strcmp.o)
                              Middlewares\Third_Party\LwIP\src\apps\http\fs.o (strcmp)
c:/program files (x86)/atollic/truestudio for stm32 9.3.0/armtools/bin/../lib/gcc/arm-atollic-eabi/6.3.1/../../../../arm-atollic-eabi/lib/armv7e-m/fpu/fpv5-sp-d16\libc_nano.a(lib_a-strlen.o)
                              Middlewares\Third_Party\LwIP\src\apps\http\httpd.o (strlen)
c:/program files (x86)/atollic/truestudio for stm32 9.3.0/armtools/bin/../lib/gcc/arm-atollic-eabi/6.3.1/../../../../arm-atollic-eabi/lib/armv7e-m/fpu/fpv5-sp-d16\libc_nano.a(lib_a-strncmp.o)
                              Middlewares\Third_Party\LwIP\src\apps\http\httpd.o (strncmp)
c:/program files (x86)/atollic/truestudio for stm32 9.3.0/armtools/bin/../lib/gcc/arm-atollic-eabi/6.3.1/../../../../arm-atollic-eabi/lib/armv7e-m/fpu/fpv5-sp-d16\libc_nano.a(lib_a-strtol.o)
                              c:/program files (x86)/atollic/truestudio for stm32 9.3.0/armtools/bin/../lib/gcc/arm-atollic-eabi/6.3.1/../../../../arm-atollic-eabi/lib/armv7e-m/fpu/fpv5-sp-d16\libc_nano.a(lib_a-atoi.o) (_strtol_r)
c:/program files (x86)/atollic/truestudio for stm32 9.3.0/armtools/bin/../lib/gcc/arm-atollic-eabi/6.3.1/../../../../arm-atollic-eabi/lib/armv7e-m/fpu/fpv5-sp-d16\libc_nano.a(lib_a-wctomb_r.o)
[...]
Memory Configuration

Name             Origin             Length             Attributes
RAM              0x20000000         0x00050000         xrw
FLASH            0x08000000         0x00100000         xr
*default*        0x00000000         0xffffffff

Linker script and memory map

LOAD c:/program files (x86)/atollic/truestudio for stm32 9.3.0/armtools/bin/../lib/gcc/arm-atollic-eabi/6.3.1/armv7e-m/fpu/fpv5-sp-d16/crti.o
LOAD c:/program files (x86)/atollic/truestudio for stm32 9.3.0/armtools/bin/../lib/gcc/arm-atollic-eabi/6.3.1/armv7e-m/fpu/fpv5-sp-d16/crtbegin.o
LOAD Core\Src\gpio.o
LOAD Core\Src\lcd.o
LOAD Core\Src\main.o
LOAD Core\Src\matrix.o
LOAD Core\Src\stm32f7xx_hal_msp.o
LOAD Core\Src\stm32f7xx_it.o
LOAD Core\Src\syscalls.o
LOAD Core\Src\system_stm32f7xx.o
LOAD Drivers\STM32F7xx_HAL_Driver\Src\stm32f7xx_hal.o
LOAD Drivers\STM32F7xx_HAL_Driver\Src\stm32f7xx_hal_cortex.o
LOAD Drivers\STM32F7xx_HAL_Driver\Src\stm32f7xx_hal_dma.o
LOAD Drivers\STM32F7xx_HAL_Driver\Src\stm32f7xx_hal_dma_ex.o
LOAD Drivers\STM32F7xx_HAL_Driver\Src\stm32f7xx_hal_eth.o
LOAD Drivers\STM32F7xx_HAL_Driver\Src\stm32f7xx_hal_exti.o
LOAD Drivers\STM32F7xx_HAL_Driver\Src\stm32f7xx_hal_flash.o
LOAD Drivers\STM32F7xx_HAL_Driver\Src\stm32f7xx_hal_flash_ex.o
LOAD Drivers\STM32F7xx_HAL_Driver\Src\stm32f7xx_hal_gpio.o
LOAD Drivers\STM32F7xx_HAL_Driver\Src\stm32f7xx_hal_i2c.o
LOAD Drivers\STM32F7xx_HAL_Driver\Src\stm32f7xx_hal_i2c_ex.o
LOAD Drivers\STM32F7xx_HAL_Driver\Src\stm32f7xx_hal_pwr.o
LOAD Drivers\STM32F7xx_HAL_Driver\Src\stm32f7xx_hal_pwr_ex.o
LOAD Drivers\STM32F7xx_HAL_Driver\Src\stm32f7xx_hal_rcc.o
LOAD Drivers\STM32F7xx_HAL_Driver\Src\stm32f7xx_hal_rcc_ex.o
LOAD Drivers\STM32F7xx_HAL_Driver\Src\stm32f7xx_hal_tim.o
LOAD Drivers\STM32F7xx_HAL_Driver\Src\stm32f7xx_hal_tim_ex.o
LOAD LWIP\App\lwip.o
LOAD LWIP\Target\ethernetif.o
LOAD Middlewares\Third_Party\LwIP\src\api\api_lib.o
LOAD Middlewares\Third_Party\LwIP\src\api\api_msg.o
LOAD Middlewares\Third_Party\LwIP\src\api\err.o
LOAD Middlewares\Third_Party\LwIP\src\api\if_api.o
LOAD Middlewares\Third_Party\LwIP\src\api\netbuf.o
LOAD Middlewares\Third_Party\LwIP\src\api\netdb.o
LOAD Middlewares\Third_Party\LwIP\src\api\netifapi.o
LOAD Middlewares\Third_Party\LwIP\src\api\sockets.o
LOAD Middlewares\Third_Party\LwIP\src\api\tcpip.o
LOAD Middlewares\Third_Party\LwIP\src\apps\http\fs.o
LOAD Middlewares\Third_Party\LwIP\src\apps\http\httpd.o
LOAD Middlewares\Third_Party\LwIP\src\apps\mqtt\mqtt.o
LOAD Middlewares\Third_Party\LwIP\src\core\altcp.o
LOAD Middlewares\Third_Party\LwIP\src\core\altcp_alloc.o
LOAD Middlewares\Third_Party\LwIP\src\core\altcp_tcp.o
LOAD Middlewares\Third_Party\LwIP\src\core\def.o
LOAD Middlewares\Third_Party\LwIP\src\core\dns.o
LOAD Middlewares\Third_Party\LwIP\src\core\inet_chksum.o
LOAD Middlewares\Third_Party\LwIP\src\core\init.o
LOAD Middlewares\Third_Party\LwIP\src\core\ip.o
LOAD Middlewares\Third_Party\LwIP\src\core\ipv4\autoip.o
LOAD Middlewares\Third_Party\LwIP\src\core\ipv4\dhcp.o
LOAD Middlewares\Third_Party\LwIP\src\core\ipv4\etharp.o
LOAD Middlewares\Third_Party\LwIP\src\core\ipv4\icmp.o
LOAD Middlewares\Third_Party\LwIP\src\core\ipv4\igmp.o
LOAD Middlewares\Third_Party\LwIP\src\core\ipv4\ip4.o
LOAD Middlewares\Third_Party\LwIP\src\core\ipv4\ip4_addr.o
LOAD Middlewares\Third_Party\LwIP\src\core\ipv4\ip4_frag.o
LOAD Middlewares\Third_Party\LwIP\src\core\ipv6\dhcp6.o
LOAD Middlewares\Third_Party\LwIP\src\core\ipv6\ethip6.o
LOAD Middlewares\Third_Party\LwIP\src\core\ipv6\icmp6.o
LOAD Middlewares\Third_Party\LwIP\src\core\ipv6\inet6.o
LOAD Middlewares\Third_Party\LwIP\src\core\ipv6\ip6.o
LOAD Middlewares\Third_Party\LwIP\src\core\ipv6\ip6_addr.o
LOAD Middlewares\Third_Party\LwIP\src\core\ipv6\ip6_frag.o
LOAD Middlewares\Third_Party\LwIP\src\core\ipv6\mld6.o
LOAD Middlewares\Third_Party\LwIP\src\core\ipv6\nd6.o
LOAD Middlewares\Third_Party\LwIP\src\core\mem.o
LOAD Middlewares\Third_Party\LwIP\src\core\memp.o
LOAD Middlewares\Third_Party\LwIP\src\core\netif.o
LOAD Middlewares\Third_Party\LwIP\src\core\pbuf.o
LOAD Middlewares\Third_Party\LwIP\src\core\raw.o
LOAD Middlewares\Third_Party\LwIP\src\core\stats.o
LOAD Middlewares\Third_Party\LwIP\src\core\sys.o
LOAD Middlewares\Third_Party\LwIP\src\core\tcp.o
LOAD Middlewares\Third_Party\LwIP\src\core\tcp_in.o
LOAD Middlewares\Third_Party\LwIP\src\core\tcp_out.o
LOAD Middlewares\Third_Party\LwIP\src\core\timeouts.o
LOAD Middlewares\Third_Party\LwIP\src\core\udp.o
LOAD Middlewares\Third_Party\LwIP\src\netif\bridgeif.o
LOAD Middlewares\Third_Party\LwIP\src\netif\bridgeif_fdb.o
LOAD Middlewares\Third_Party\LwIP\src\netif\ethernet.o
LOAD Middlewares\Third_Party\LwIP\src\netif\lowpan6.o
LOAD Middlewares\Third_Party\LwIP\src\netif\lowpan6_ble.o
LOAD Middlewares\Third_Party\LwIP\src\netif\lowpan6_common.o
LOAD Middlewares\Third_Party\LwIP\src\netif\ppp\auth.o
LOAD Middlewares\Third_Party\LwIP\src\netif\ppp\ccp.o
LOAD Middlewares\Third_Party\LwIP\src\netif\ppp\chap-md5.o
LOAD Middlewares\Third_Party\LwIP\src\netif\ppp\chap-new.o
LOAD Middlewares\Third_Party\LwIP\src\netif\ppp\chap_ms.o
LOAD Middlewares\Third_Party\LwIP\src\netif\ppp\demand.o
LOAD Middlewares\Third_Party\LwIP\src\netif\ppp\eap.o
LOAD Middlewares\Third_Party\LwIP\src\netif\ppp\ecp.o
LOAD Middlewares\Third_Party\LwIP\src\netif\ppp\eui64.o
LOAD Middlewares\Third_Party\LwIP\src\netif\ppp\fsm.o
LOAD Middlewares\Third_Party\LwIP\src\netif\ppp\ipcp.o
LOAD Middlewares\Third_Party\LwIP\src\netif\ppp\ipv6cp.o
LOAD Middlewares\Third_Party\LwIP\src\netif\ppp\lcp.o
LOAD Middlewares\Third_Party\LwIP\src\netif\ppp\magic.o
LOAD Middlewares\Third_Party\LwIP\src\netif\ppp\mppe.o
LOAD Middlewares\Third_Party\LwIP\src\netif\ppp\multilink.o
LOAD Middlewares\Third_Party\LwIP\src\netif\ppp\ppp.o
LOAD Middlewares\Third_Party\LwIP\src\netif\ppp\pppapi.o
LOAD Middlewares\Third_Party\LwIP\src\netif\ppp\pppcrypt.o
LOAD Middlewares\Third_Party\LwIP\src\netif\ppp\pppoe.o
LOAD Middlewares\Third_Party\LwIP\src\netif\ppp\pppol2tp.o
LOAD Middlewares\Third_Party\LwIP\src\netif\ppp\pppos.o
LOAD Middlewares\Third_Party\LwIP\src\netif\ppp\upap.o
LOAD Middlewares\Third_Party\LwIP\src\netif\ppp\utils.o
LOAD Middlewares\Third_Party\LwIP\src\netif\ppp\vj.o
LOAD Middlewares\Third_Party\LwIP\src\netif\slipif.o
LOAD Middlewares\Third_Party\LwIP\src\netif\zepif.o
LOAD startup\startup_stm32f756xx.o
                0x00000080                malloc_getpagesize_P = 0x80
START GROUP
LOAD c:/program files (x86)/atollic/truestudio for stm32 9.3.0/armtools/bin/../lib/gcc/arm-atollic-eabi/6.3.1/../../../../arm-atollic-eabi/lib/armv7e-m/fpu/fpv5-sp-d16\libc_nano.a
LOAD c:/program files (x86)/atollic/truestudio for stm32 9.3.0/armtools/bin/../lib/gcc/arm-atollic-eabi/6.3.1/../../../../arm-atollic-eabi/lib/armv7e-m/fpu/fpv5-sp-d16\libm.a
END GROUP
START GROUP
LOAD c:/program files (x86)/atollic/truestudio for stm32 9.3.0/armtools/bin/../lib/gcc/arm-atollic-eabi/6.3.1/armv7e-m/fpu/fpv5-sp-d16\libgcc.a
LOAD c:/program files (x86)/atollic/truestudio for stm32 9.3.0/armtools/bin/../lib/gcc/arm-atollic-eabi/6.3.1/../../../../arm-atollic-eabi/lib/armv7e-m/fpu/fpv5-sp-d16\libc_nano.a
END GROUP
START GROUP
LOAD c:/program files (x86)/atollic/truestudio for stm32 9.3.0/armtools/bin/../lib/gcc/arm-atollic-eabi/6.3.1/armv7e-m/fpu/fpv5-sp-d16\libgcc.a
LOAD c:/program files (x86)/atollic/truestudio for stm32 9.3.0/armtools/bin/../lib/gcc/arm-atollic-eabi/6.3.1/../../../../arm-atollic-eabi/lib/armv7e-m/fpu/fpv5-sp-d16\libc_nano.a
LOAD c:/program files (x86)/atollic/truestudio for stm32 9.3.0/armtools/bin/../lib/gcc/arm-atollic-eabi/6.3.1/../../../../arm-atollic-eabi/lib/armv7e-m/fpu/fpv5-sp-d16\libnosys.a
END GROUP
START GROUP
LOAD c:/program files (x86)/atollic/truestudio for stm32 9.3.0/armtools/bin/../lib/gcc/arm-atollic-eabi/6.3.1/armv7e-m/fpu/fpv5-sp-d16\libgcc.a
LOAD c:/program files (x86)/atollic/truestudio for stm32 9.3.0/armtools/bin/../lib/gcc/arm-atollic-eabi/6.3.1/../../../../arm-atollic-eabi/lib/armv7e-m/fpu/fpv5-sp-d16\libc_nano.a
LOAD c:/program files (x86)/atollic/truestudio for stm32 9.3.0/armtools/bin/../lib/gcc/arm-atollic-eabi/6.3.1/../../../../arm-atollic-eabi/lib/armv7e-m/fpu/fpv5-sp-d16\libnosys.a
END GROUP
LOAD c:/program files (x86)/atollic/truestudio for stm32 9.3.0/armtools/bin/../lib/gcc/arm-atollic-eabi/6.3.1/armv7e-m/fpu/fpv5-sp-d16/crtend.o
LOAD c:/program files (x86)/atollic/truestudio for stm32 9.3.0/armtools/bin/../lib/gcc/arm-atollic-eabi/6.3.1/armv7e-m/fpu/fpv5-sp-d16/crtn.o
                0x20050000                _estack = 0x20050000
                0x00000200                _Min_Heap_Size = 0x200
                0x00000400                _Min_Stack_Size = 0x400

.isr_vector     0x08000000      0x1c8
                0x08000000                . = ALIGN (0x4)
 *(.isr_vector)
 .isr_vector    0x08000000      0x1c8 startup\startup_stm32f756xx.o
                0x08000000                g_pfnVectors
                0x080001c8                . = ALIGN (0x4)

.text           0x080001d0    0x116f8
                0x080001d0                . = ALIGN (0x4)
 *(.text)
 .text          0x080001d0       0x40 c:/program files (x86)/atollic/truestudio for stm32 9.3.0/armtools/bin/../lib/gcc/arm-atollic-eabi/6.3.1/armv7e-m/fpu/fpv5-sp-d16/crtbegin.o
 .text          0x08000210       0x14 c:/program files (x86)/atollic/truestudio for stm32 9.3.0/armtools/bin/../lib/gcc/arm-atollic-eabi/6.3.1/../../../../arm-atollic-eabi/lib/armv7e-m/fpu/fpv5-sp-d16\libc_nano.a(lib_a-strcmp.o)
                0x08000210                strcmp
 .text          0x08000224       0x10 c:/program files (x86)/atollic/truestudio for stm32 9.3.0/armtools/bin/../lib/gcc/arm-atollic-eabi/6.3.1/../../../../arm-atollic-eabi/lib/armv7e-m/fpu/fpv5-sp-d16\libc_nano.a(lib_a-strlen.o)
                0x08000224                strlen
 *fill*         0x08000234        0xc 
 .text          0x08000240       0xa0 c:/program files (x86)/atollic/truestudio for stm32 9.3.0/armtools/bin/../lib/gcc/arm-atollic-eabi/6.3.1/../../../../arm-atollic-eabi/lib/armv7e-m/fpu/fpv5-sp-d16\libc_nano.a(lib_a-memchr.o)
                0x08000240                memchr
 .text          0x080002e0       0x30 c:/program files (x86)/atollic/truestudio for stm32 9.3.0/armtools/bin/../lib/gcc/arm-atollic-eabi/6.3.1/armv7e-m/fpu/fpv5-sp-d16\libgcc.a(_aeabi_uldivmod.o)
                0x080002e0                __aeabi_uldivmod
 .text          0x08000310      0x2dc c:/program files (x86)/atollic/truestudio for stm32 9.3.0/armtools/bin/../lib/gcc/arm-atollic-eabi/6.3.1/armv7e-m/fpu/fpv5-sp-d16\libgcc.a(_udivmoddi4.o)
                0x08000310                __udivmoddi4
 .text          0x080005ec        0x4 c:/program files (x86)/atollic/truestudio for stm32 9.3.0/armtools/bin/../lib/gcc/arm-atollic-eabi/6.3.1/armv7e-m/fpu/fpv5-sp-d16\libgcc.a(_dvmd_tls.o)
                0x080005ec                __aeabi_idiv0
                0x080005ec                __aeabi_ldiv0
 *(.text*)
 .text.MX_GPIO_Init
                0x080005f0       0xb8 Core\Src\gpio.o
                0x080005f0                MX_GPIO_Init
 .text.main     0x080006a8       0x1e Core\Src\main.o
                0x080006a8                main
 *fill*         0x080006c6        0x2 
 .text.SystemClock_Config
                0x080006c8       0xd8 Core\Src\main.o
                0x080006c8                SystemClock_Config
 .text.Error_Handler
                0x080007a0        0x8 Core\Src\main.o
                0x080007a0                Error_Handler
 .text.HAL_MspInit
                0x080007a8       0x48 Core\Src\stm32f7xx_hal_msp.o
                0x080007a8                HAL_MspInit
 .text.NMI_Handler
                0x080007f0        0x6 Core\Src\stm32f7xx_it.o
                0x080007f0                NMI_Handler
 .text.HardFault_Handler
                0x080007f6        0x6 Core\Src\stm32f7xx_it.o
                0x080007f6                HardFault_Handler
 .text.MemManage_Handler
                0x080007fc        0x6 Core\Src\stm32f7xx_it.o
                0x080007fc                MemManage_Handler
 .text.BusFault_Handler
                0x08000802        0x6 Core\Src\stm32f7xx_it.o
                0x08000802                BusFault_Handler
 .text.UsageFault_Handler
                0x08000808        0x6 Core\Src\stm32f7xx_it.o
                0x08000808                UsageFault_Handler
 .text.SVC_Handler
                0x0800080e        0xe Core\Src\stm32f7xx_it.o
                0x0800080e                SVC_Handler
 .text.DebugMon_Handler
                0x0800081c        0xe Core\Src\stm32f7xx_it.o
                0x0800081c                DebugMon_Handler
 .text.PendSV_Handler
                0x0800082a        0xe Core\Src\stm32f7xx_it.o
                0x0800082a                PendSV_Handler
 .text.SysTick_Handler
                0x08000838        0xc Core\Src\stm32f7xx_it.o
                0x08000838                SysTick_Handler
 .text._read    0x08000844       0x3a Core\Src\syscalls.o
                0x08000844                _read
 .text._write   0x0800087e       0x38 Core\Src\syscalls.o
                0x0800087e                _write
 *fill*         0x080008b6        0x2 
 .text._sbrk    0x080008b8       0x5c Core\Src\syscalls.o
                0x080008b8                _sbrk
 .text._close   0x08000914       0x18 Core\Src\syscalls.o
                0x08000914                _close
 .text._fstat   0x0800092c       0x20 Core\Src\syscalls.o
                0x0800092c                _fstat
 .text._isatty  0x0800094c       0x16 Core\Src\syscalls.o
                0x0800094c                _isatty
 .text._lseek   0x08000962       0x1a Core\Src\syscalls.o
                0x08000962                _lseek
 .text.SystemInit
                0x0800097c       0x24 Core\Src\system_stm32f7xx.o
                0x0800097c                SystemInit
 .text.HAL_Init
                0x080009a0       0x1a Drivers\STM32F7xx_HAL_Driver\Src\stm32f7xx_hal.o
                0x080009a0                HAL_Init
 *fill*         0x080009ba        0x2 
 .text.HAL_InitTick
                0x080009bc       0x60 Drivers\STM32F7xx_HAL_Driver\Src\stm32f7xx_hal.o
                0x080009bc                HAL_InitTick
 .text.HAL_IncTick
                0x08000a1c       0x28 Drivers\STM32F7xx_HAL_Driver\Src\stm32f7xx_hal.o
                0x08000a1c                HAL_IncTick
 .text.HAL_GetTick
                0x08000a44       0x18 Drivers\STM32F7xx_HAL_Driver\Src\stm32f7xx_hal.o
                0x08000a44                HAL_GetTick
 .text.HAL_Delay
                0x08000a5c       0x44 Drivers\STM32F7xx_HAL_Driver\Src\stm32f7xx_hal.o
                0x08000a5c                HAL_Delay
 .text.__NVIC_SetPriorityGrouping
                0x08000aa0       0x48 Drivers\STM32F7xx_HAL_Driver\Src\stm32f7xx_hal_cortex.o
 .text.__NVIC_GetPriorityGrouping
                0x08000ae8       0x1c Drivers\STM32F7xx_HAL_Driver\Src\stm32f7xx_hal_cortex.o
 .text.__NVIC_SetPriority
                0x08000b04       0x54 Drivers\STM32F7xx_HAL_Driver\Src\stm32f7xx_hal_cortex.o
 .text.NVIC_EncodePriority
                0x08000b58       0x62 Drivers\STM32F7xx_HAL_Driver\Src\stm32f7xx_hal_cortex.o
 *fill*         0x08000bba        0x2 
 .text.SysTick_Config
                0x08000bbc       0x44 Drivers\STM32F7xx_HAL_Driver\Src\stm32f7xx_hal_cortex.o
 .text.HAL_NVIC_SetPriorityGrouping
                0x08000c00       0x16 Drivers\STM32F7xx_HAL_Driver\Src\stm32f7xx_hal_cortex.o
                0x08000c00                HAL_NVIC_SetPriorityGrouping
 .text.HAL_NVIC_SetPriority
                0x08000c16       0x38 Drivers\STM32F7xx_HAL_Driver\Src\stm32f7xx_hal_cortex.o
                0x08000c16                HAL_NVIC_SetPriority
 .text.HAL_SYSTICK_Config
                0x08000c4e       0x18 Drivers\STM32F7xx_HAL_Driver\Src\stm32f7xx_hal_cortex.o
                0x08000c4e                HAL_SYSTICK_Config
 *fill*         0x08000c66        0x2 
 .text.HAL_ETH_Init
                0x08000c68      0x338 Drivers\STM32F7xx_HAL_Driver\Src\stm32f7xx_hal_eth.o
                0x08000c68                HAL_ETH_Init
 .text.HAL_ETH_DMATxDescListInit
                0x08000fa0       0xd2 Drivers\STM32F7xx_HAL_Driver\Src\stm32f7xx_hal_eth.o
                0x08000fa0                HAL_ETH_DMATxDescListInit
 .text.HAL_ETH_DMARxDescListInit
                0x08001072       0xda Drivers\STM32F7xx_HAL_Driver\Src\stm32f7xx_hal_eth.o
                0x08001072                HAL_ETH_DMARxDescListInit
 .text.HAL_ETH_TransmitFrame
                0x0800114c      0x1d4 Drivers\STM32F7xx_HAL_Driver\Src\stm32f7xx_hal_eth.o
                0x0800114c                HAL_ETH_TransmitFrame
 .text.HAL_ETH_GetReceivedFrame
                0x08001320      0x108 Drivers\STM32F7xx_HAL_Driver\Src\stm32f7xx_hal_eth.o
                0x08001320                HAL_ETH_GetReceivedFrame
 .text.HAL_ETH_ReadPHYRegister
                0x08001428       0xd0 Drivers\STM32F7xx_HAL_Driver\Src\stm32f7xx_hal_eth.o
                0x08001428                HAL_ETH_ReadPHYRegister
 .text.HAL_ETH_WritePHYRegister
                0x080014f8       0xcc Drivers\STM32F7xx_HAL_Driver\Src\stm32f7xx_hal_eth.o
                0x080014f8                HAL_ETH_WritePHYRegister
 .text.HAL_ETH_Start
                0x080015c4       0x5e Drivers\STM32F7xx_HAL_Driver\Src\stm32f7xx_hal_eth.o
                0x080015c4                HAL_ETH_Start
 .text.HAL_ETH_Stop
                0x08001622       0x5e Drivers\STM32F7xx_HAL_Driver\Src\stm32f7xx_hal_eth.o
                0x08001622                HAL_ETH_Stop
 .text.HAL_ETH_ConfigMAC
                0x08001680      0x1f0 Drivers\STM32F7xx_HAL_Driver\Src\stm32f7xx_hal_eth.o
                0x08001680                HAL_ETH_ConfigMAC
 .text.ETH_MACDMAConfig
                0x08001870      0x390 Drivers\STM32F7xx_HAL_Driver\Src\stm32f7xx_hal_eth.o
 .text.ETH_MACAddressConfig
                0x08001c00       0x70 Drivers\STM32F7xx_HAL_Driver\Src\stm32f7xx_hal_eth.o
 .text.ETH_MACTransmissionEnable
                0x08001c70       0x3a Drivers\STM32F7xx_HAL_Driver\Src\stm32f7xx_hal_eth.o
 .text.ETH_MACTransmissionDisable
                0x08001caa       0x3a Drivers\STM32F7xx_HAL_Driver\Src\stm32f7xx_hal_eth.o
 .text.ETH_MACReceptionEnable
                0x08001ce4       0x3a Drivers\STM32F7xx_HAL_Driver\Src\stm32f7xx_hal_eth.o
 .text.ETH_MACReceptionDisable
                0x08001d1e       0x3a Drivers\STM32F7xx_HAL_Driver\Src\stm32f7xx_hal_eth.o
 .text.ETH_DMATransmissionEnable
                0x08001d58       0x30 Drivers\STM32F7xx_HAL_Driver\Src\stm32f7xx_hal_eth.o
 .text.ETH_DMATransmissionDisable
                0x08001d88       0x30 Drivers\STM32F7xx_HAL_Driver\Src\stm32f7xx_hal_eth.o
 .text.ETH_DMAReceptionEnable
                0x08001db8       0x30 Drivers\STM32F7xx_HAL_Driver\Src\stm32f7xx_hal_eth.o
 .text.ETH_DMAReceptionDisable
                0x08001de8       0x30 Drivers\STM32F7xx_HAL_Driver\Src\stm32f7xx_hal_eth.o
 .text.ETH_FlushTransmitFIFO
                0x08001e18       0x52 Drivers\STM32F7xx_HAL_Driver\Src\stm32f7xx_hal_eth.o
 *fill*         0x08001e6a        0x2 
 .text.HAL_GPIO_Init
                0x08001e6c      0x354 Drivers\STM32F7xx_HAL_Driver\Src\stm32f7xx_hal_gpio.o
                0x08001e6c                HAL_GPIO_Init
 .text.HAL_GPIO_WritePin
                0x080021c0       0x32 Drivers\STM32F7xx_HAL_Driver\Src\stm32f7xx_hal_gpio.o
                0x080021c0                HAL_GPIO_WritePin
 *fill*         0x080021f2        0x2 
 .text.HAL_PWREx_EnableOverDrive
                0x080021f4       0xa0 Drivers\STM32F7xx_HAL_Driver\Src\stm32f7xx_hal_pwr_ex.o
                0x080021f4                HAL_PWREx_EnableOverDrive
 .text.HAL_RCC_OscConfig
                0x08002294      0x548 Drivers\STM32F7xx_HAL_Driver\Src\stm32f7xx_hal_rcc.o
                0x08002294                HAL_RCC_OscConfig
 .text.HAL_RCC_ClockConfig
                0x080027dc      0x1d8 Drivers\STM32F7xx_HAL_Driver\Src\stm32f7xx_hal_rcc.o
                0x080027dc                HAL_RCC_ClockConfig
 .text.HAL_RCC_GetSysClockFreq
                0x080029b4      0x16c Drivers\STM32F7xx_HAL_Driver\Src\stm32f7xx_hal_rcc.o
                0x080029b4                HAL_RCC_GetSysClockFreq
 .text.HAL_RCC_GetHCLKFreq
                0x08002b20       0x18 Drivers\STM32F7xx_HAL_Driver\Src\stm32f7xx_hal_rcc.o
                0x08002b20                HAL_RCC_GetHCLKFreq
 .text.MX_LWIP_Init
                0x08002b38       0x88 LWIP\App\lwip.o
                0x08002b38                MX_LWIP_Init
 .text.MX_LWIP_Process
                0x08002bc0       0x18 LWIP\App\lwip.o
                0x08002bc0                MX_LWIP_Process
 .text.HAL_ETH_MspInit
                0x08002bd8      0x130 LWIP\Target\ethernetif.o
                0x08002bd8                HAL_ETH_MspInit
 .text.low_level_init
                0x08002d08      0x15c LWIP\Target\ethernetif.o
 .text.low_level_output
                0x08002e64      0x13c LWIP\Target\ethernetif.o
 .text.low_level_input
                0x08002fa0      0x168 LWIP\Target\ethernetif.o
 .text.ethernetif_input
                0x08003108       0x40 LWIP\Target\ethernetif.o
                0x08003108                ethernetif_input
 .text.ethernetif_init
                0x08003148       0x5c LWIP\Target\ethernetif.o
                0x08003148                ethernetif_init
 .text.sys_now  0x080031a4        0xe LWIP\Target\ethernetif.o
                0x080031a4                sys_now
 *fill*         0x080031b2        0x2 
 .text.ethernetif_update_config
                0x080031b4       0xf0 LWIP\Target\ethernetif.o
                0x080031b4                ethernetif_update_config
 .text.ethernetif_notify_conn_changed
                0x080032a4       0x14 LWIP\Target\ethernetif.o
                0x080032a4                ethernetif_notify_conn_changed
 .text.fs_open  0x080032b8       0x7c Middlewares\Third_Party\LwIP\src\apps\http\fs.o
                0x080032b8                fs_open
 .text.fs_close
                0x08003334       0x14 Middlewares\Third_Party\LwIP\src\apps\http\fs.o
                0x08003334                fs_close
 .text.fs_bytes_left
                0x08003348       0x1e Middlewares\Third_Party\LwIP\src\apps\http\fs.o
                0x08003348                fs_bytes_left
 .text.http_state_init
                0x08003366       0x1a Middlewares\Third_Party\LwIP\src\apps\http\httpd.o
 .text.http_state_alloc
                0x08003380       0x24 Middlewares\Third_Party\LwIP\src\apps\http\httpd.o
 .text.http_state_eof
                0x080033a4       0x40 Middlewares\Third_Party\LwIP\src\apps\http\httpd.o
 .text.http_state_free
                0x080033e4       0x22 Middlewares\Third_Party\LwIP\src\apps\http\httpd.o
 *fill*         0x08003406        0x2 
 .text.http_write
                0x08003408       0xd4 Middlewares\Third_Party\LwIP\src\apps\http\httpd.o
 .text.http_close_or_abort_conn
                0x080034dc       0x80 Middlewares\Third_Party\LwIP\src\apps\http\httpd.o
 .text.http_close_conn
                0x0800355c       0x1e Middlewares\Third_Party\LwIP\src\apps\http\httpd.o
 .text.http_eof
                0x0800357a       0x1a Middlewares\Third_Party\LwIP\src\apps\http\httpd.o
 .text.http_check_eof
                0x08003594       0x60 Middlewares\Third_Party\LwIP\src\apps\http\httpd.o
 .text.http_send_data_nonssi
                0x080035f4       0x6a Middlewares\Third_Party\LwIP\src\apps\http\httpd.o
 .text.http_send
                0x0800365e       0x6c Middlewares\Third_Party\LwIP\src\apps\http\httpd.o
 *fill*         0x080036ca        0x2 
 .text.http_get_404_file
                0x080036cc       0x8c Middlewares\Third_Party\LwIP\src\apps\http\httpd.o
 .text.http_parse_request
                0x08003758      0x1d0 Middlewares\Third_Party\LwIP\src\apps\http\httpd.o
 .text.http_find_file
                0x08003928      0x190 Middlewares\Third_Party\LwIP\src\apps\http\httpd.o
 .text.http_init_file
                0x08003ab8      0x10c Middlewares\Third_Party\LwIP\src\apps\http\httpd.o
 .text.http_err
                0x08003bc4       0x24 Middlewares\Third_Party\LwIP\src\apps\http\httpd.o
 .text.http_sent
                0x08003be8       0x36 Middlewares\Third_Party\LwIP\src\apps\http\httpd.o
 .text.http_poll
                0x08003c1e       0x70 Middlewares\Third_Party\LwIP\src\apps\http\httpd.o
 *fill*         0x08003c8e        0x2 
 .text.http_recv
                0x08003c90      0x10c Middlewares\Third_Party\LwIP\src\apps\http\httpd.o
 .text.http_accept
                0x08003d9c       0x88 Middlewares\Third_Party\LwIP\src\apps\http\httpd.o
 .text.httpd_init_pcb
                0x08003e24       0x88 Middlewares\Third_Party\LwIP\src\apps\http\httpd.o
 .text.httpd_init
                0x08003eac       0x40 Middlewares\Third_Party\LwIP\src\apps\http\httpd.o
                0x08003eac                httpd_init
 .text.lwip_htons
                0x08003eec       0x2a Middlewares\Third_Party\LwIP\src\core\def.o
                0x08003eec                lwip_htons
 .text.lwip_htonl
                0x08003f16       0x32 Middlewares\Third_Party\LwIP\src\core\def.o
                0x08003f16                lwip_htonl
 .text.lwip_strnstr
                0x08003f48       0x6c Middlewares\Third_Party\LwIP\src\core\def.o
                0x08003f48                lwip_strnstr
 .text.lwip_init
                0x08003fb4       0x2a Middlewares\Third_Party\LwIP\src\core\init.o
                0x08003fb4                lwip_init
 *fill*         0x08003fde        0x2 
 .text.dhcp_inc_pcb_refcount
                0x08003fe0       0xa4 Middlewares\Third_Party\LwIP\src\core\ipv4\dhcp.o
 .text.dhcp_dec_pcb_refcount
                0x08004084       0x54 Middlewares\Third_Party\LwIP\src\core\ipv4\dhcp.o
 .text.dhcp_handle_nak
                0x080040d8       0x34 Middlewares\Third_Party\LwIP\src\core\ipv4\dhcp.o
 .text.dhcp_check
                0x0800410c       0x68 Middlewares\Third_Party\LwIP\src\core\ipv4\dhcp.o
 .text.dhcp_handle_offer
                0x08004174       0x4c Middlewares\Third_Party\LwIP\src\core\ipv4\dhcp.o
 .text.dhcp_select
                0x080041c0      0x1f8 Middlewares\Third_Party\LwIP\src\core\ipv4\dhcp.o
 .text.dhcp_coarse_tmr
                0x080043b8       0xa8 Middlewares\Third_Party\LwIP\src\core\ipv4\dhcp.o
                0x080043b8                dhcp_coarse_tmr
 .text.dhcp_fine_tmr
                0x08004460       0x64 Middlewares\Third_Party\LwIP\src\core\ipv4\dhcp.o
                0x08004460                dhcp_fine_tmr
 .text.dhcp_timeout
                0x080044c4       0x92 Middlewares\Third_Party\LwIP\src\core\ipv4\dhcp.o
 .text.dhcp_t1_timeout
                0x08004556       0x5e Middlewares\Third_Party\LwIP\src\core\ipv4\dhcp.o
 .text.dhcp_t2_timeout
                0x080045b4       0x66 Middlewares\Third_Party\LwIP\src\core\ipv4\dhcp.o
 *fill*         0x0800461a        0x2 
 .text.dhcp_handle_ack
                0x0800461c       0xc0 Middlewares\Third_Party\LwIP\src\core\ipv4\dhcp.o
 .text.dhcp_start
                0x080046dc       0xfc Middlewares\Third_Party\LwIP\src\core\ipv4\dhcp.o
                0x080046dc                dhcp_start
 .text.dhcp_arp_reply
                0x080047d8       0x58 Middlewares\Third_Party\LwIP\src\core\ipv4\dhcp.o
                0x080047d8                dhcp_arp_reply
 .text.dhcp_decline
                0x08004830       0xec Middlewares\Third_Party\LwIP\src\core\ipv4\dhcp.o
 .text.dhcp_discover
                0x0800491c      0x144 Middlewares\Third_Party\LwIP\src\core\ipv4\dhcp.o
 .text.dhcp_bind
                0x08004a60      0x1b4 Middlewares\Third_Party\LwIP\src\core\ipv4\dhcp.o
 .text.dhcp_renew
                0x08004c14      0x138 Middlewares\Third_Party\LwIP\src\core\ipv4\dhcp.o
                0x08004c14                dhcp_renew
 .text.dhcp_rebind
                0x08004d4c      0x138 Middlewares\Third_Party\LwIP\src\core\ipv4\dhcp.o
 .text.dhcp_reboot
                0x08004e84      0x16c Middlewares\Third_Party\LwIP\src\core\ipv4\dhcp.o
 .text.dhcp_release_and_stop
                0x08004ff0      0x134 Middlewares\Third_Party\LwIP\src\core\ipv4\dhcp.o
                0x08004ff0                dhcp_release_and_stop
 .text.dhcp_set_state
                0x08005124       0x34 Middlewares\Third_Party\LwIP\src\core\ipv4\dhcp.o
 .text.dhcp_option
                0x08005158       0x68 Middlewares\Third_Party\LwIP\src\core\ipv4\dhcp.o
 .text.dhcp_option_byte
                0x080051c0       0x4c Middlewares\Third_Party\LwIP\src\core\ipv4\dhcp.o
 .text.dhcp_option_short
                0x0800520c       0x64 Middlewares\Third_Party\LwIP\src\core\ipv4\dhcp.o
 .text.dhcp_option_long
                0x08005270       0x88 Middlewares\Third_Party\LwIP\src\core\ipv4\dhcp.o
 .text.dhcp_parse_reply
                0x080052f8      0x5b0 Middlewares\Third_Party\LwIP\src\core\ipv4\dhcp.o
 .text.dhcp_recv
                0x080058a8      0x190 Middlewares\Third_Party\LwIP\src\core\ipv4\dhcp.o
 .text.dhcp_create_msg
                0x08005a38      0x1ac Middlewares\Third_Party\LwIP\src\core\ipv4\dhcp.o
 .text.dhcp_option_trailer
                0x08005be4       0x5c Middlewares\Third_Party\LwIP\src\core\ipv4\dhcp.o
 .text.dhcp_supplied_address
                0x08005c40       0x4c Middlewares\Third_Party\LwIP\src\core\ipv4\dhcp.o
                0x08005c40                dhcp_supplied_address
 .text.etharp_free_entry
                0x08005c8c       0x64 Middlewares\Third_Party\LwIP\src\core\ipv4\etharp.o
 .text.etharp_tmr
                0x08005cf0      0x150 Middlewares\Third_Party\LwIP\src\core\ipv4\etharp.o
                0x08005cf0                etharp_tmr
 .text.etharp_find_entry
                0x08005e40      0x2f0 Middlewares\Third_Party\LwIP\src\core\ipv4\etharp.o
 .text.etharp_update_arp_entry
                0x08006130      0x14c Middlewares\Third_Party\LwIP\src\core\ipv4\etharp.o
 .text.etharp_cleanup_netif
                0x0800627c       0x60 Middlewares\Third_Party\LwIP\src\core\ipv4\etharp.o
                0x0800627c                etharp_cleanup_netif
 .text.etharp_input
                0x080062dc      0x11c Middlewares\Third_Party\LwIP\src\core\ipv4\etharp.o
                0x080062dc                etharp_input
 .text.etharp_output_to_arp_index
                0x080063f8      0x134 Middlewares\Third_Party\LwIP\src\core\ipv4\etharp.o
 .text.etharp_output
                0x0800652c      0x204 Middlewares\Third_Party\LwIP\src\core\ipv4\etharp.o
                0x0800652c                etharp_output
 .text.etharp_query
                0x08006730      0x27c Middlewares\Third_Party\LwIP\src\core\ipv4\etharp.o
                0x08006730                etharp_query
 .text.etharp_raw
                0x080069ac      0x118 Middlewares\Third_Party\LwIP\src\core\ipv4\etharp.o
 .text.etharp_request_dst
                0x08006ac4       0x44 Middlewares\Third_Party\LwIP\src\core\ipv4\etharp.o
 .text.etharp_request
                0x08006b08       0x24 Middlewares\Third_Party\LwIP\src\core\ipv4\etharp.o
                0x08006b08                etharp_request
 .text.icmp_input
                0x08006b2c      0x208 Middlewares\Third_Party\LwIP\src\core\ipv4\icmp.o
                0x08006b2c                icmp_input
 .text.icmp_dest_unreach
                0x08006d34       0x20 Middlewares\Third_Party\LwIP\src\core\ipv4\icmp.o
                0x08006d34                icmp_dest_unreach
 .text.icmp_time_exceeded
                0x08006d54       0x20 Middlewares\Third_Party\LwIP\src\core\ipv4\icmp.o
                0x08006d54                icmp_time_exceeded
 .text.icmp_send_response
                0x08006d74       0xd4 Middlewares\Third_Party\LwIP\src\core\ipv4\icmp.o
 .text.ip4_route
                0x08006e48       0xd8 Middlewares\Third_Party\LwIP\src\core\ipv4\ip4.o
                0x08006e48                ip4_route
 .text.ip4_input_accept
                0x08006f20       0x54 Middlewares\Third_Party\LwIP\src\core\ipv4\ip4.o
 .text.ip4_input
                0x08006f74      0x27c Middlewares\Third_Party\LwIP\src\core\ipv4\ip4.o
                0x08006f74                ip4_input
 .text.ip4_output_if
                0x080071f0       0x54 Middlewares\Third_Party\LwIP\src\core\ipv4\ip4.o
                0x080071f0                ip4_output_if
 .text.ip4_output_if_src
                0x08007244      0x15c Middlewares\Third_Party\LwIP\src\core\ipv4\ip4.o
                0x08007244                ip4_output_if_src
 .text.ip4_addr_isbroadcast_u32
                0x080073a0       0x82 Middlewares\Third_Party\LwIP\src\core\ipv4\ip4_addr.o
                0x080073a0                ip4_addr_isbroadcast_u32
 *fill*         0x08007422        0x2 
 .text.ip_reass_tmr
                0x08007424       0x58 Middlewares\Third_Party\LwIP\src\core\ipv4\ip4_frag.o
                0x08007424                ip_reass_tmr
 .text.ip_reass_free_complete_datagram
                0x0800747c      0x148 Middlewares\Third_Party\LwIP\src\core\ipv4\ip4_frag.o
 .text.ip_reass_remove_oldest_datagram
                0x080075c4       0xc4 Middlewares\Third_Party\LwIP\src\core\ipv4\ip4_frag.o
 .text.ip_reass_enqueue_new_datagram
                0x08007688       0x74 Middlewares\Third_Party\LwIP\src\core\ipv4\ip4_frag.o
 .text.ip_reass_dequeue_datagram
                0x080076fc       0x5c Middlewares\Third_Party\LwIP\src\core\ipv4\ip4_frag.o
 .text.ip_reass_chain_frag_into_datagram_and_validate
                0x08007758      0x2d4 Middlewares\Third_Party\LwIP\src\core\ipv4\ip4_frag.o
 .text.ip4_reass
                0x08007a2c      0x320 Middlewares\Third_Party\LwIP\src\core\ipv4\ip4_frag.o
                0x08007a2c                ip4_reass
 .text.ip_frag_alloc_pbuf_custom_ref
                0x08007d4c       0x10 Middlewares\Third_Party\LwIP\src\core\ipv4\ip4_frag.o
 .text.ip_frag_free_pbuf_custom_ref
                0x08007d5c       0x38 Middlewares\Third_Party\LwIP\src\core\ipv4\ip4_frag.o
 .text.ipfrag_free_pbuf_custom
                0x08007d94       0x68 Middlewares\Third_Party\LwIP\src\core\ipv4\ip4_frag.o
 .text.ip4_frag
                0x08007dfc      0x288 Middlewares\Third_Party\LwIP\src\core\ipv4\ip4_frag.o
                0x08007dfc                ip4_frag
 .text.ptr_to_mem
                0x08008084       0x24 Middlewares\Third_Party\LwIP\src\core\mem.o
 .text.mem_to_ptr
                0x080080a8       0x24 Middlewares\Third_Party\LwIP\src\core\mem.o
 .text.plug_holes
                0x080080cc      0x144 Middlewares\Third_Party\LwIP\src\core\mem.o
 .text.mem_init
                0x08008210       0x78 Middlewares\Third_Party\LwIP\src\core\mem.o
                0x08008210                mem_init
 .text.mem_link_valid
                0x08008288       0x78 Middlewares\Third_Party\LwIP\src\core\mem.o
 .text.mem_free
                0x08008300       0xd4 Middlewares\Third_Party\LwIP\src\core\mem.o
                0x08008300                mem_free
 .text.mem_trim
                0x080083d4      0x1f8 Middlewares\Third_Party\LwIP\src\core\mem.o
                0x080083d4                mem_trim
 .text.mem_malloc
                0x080085cc      0x1f4 Middlewares\Third_Party\LwIP\src\core\mem.o
                0x080085cc                mem_malloc
 .text.memp_init_pool
                0x080087c0       0x5e Middlewares\Third_Party\LwIP\src\core\memp.o
                0x080087c0                memp_init_pool
 *fill*         0x0800881e        0x2 
 .text.memp_init
                0x08008820       0x34 Middlewares\Third_Party\LwIP\src\core\memp.o
                0x08008820                memp_init
 .text.do_memp_malloc_pool
                0x08008854       0x54 Middlewares\Third_Party\LwIP\src\core\memp.o
 .text.memp_malloc
                0x080088a8       0x4c Middlewares\Third_Party\LwIP\src\core\memp.o
                0x080088a8                memp_malloc
 .text.do_memp_free_pool
                0x080088f4       0x4c Middlewares\Third_Party\LwIP\src\core\memp.o
 .text.memp_free
                0x08008940       0x54 Middlewares\Third_Party\LwIP\src\core\memp.o
                0x08008940                memp_free
 .text.netif_init
                0x08008994        0xe Middlewares\Third_Party\LwIP\src\core\netif.o
                0x08008994                netif_init
 *fill*         0x080089a2        0x2 
 .text.netif_add
                0x080089a4      0x1ac Middlewares\Third_Party\LwIP\src\core\netif.o
                0x080089a4                netif_add
 .text.netif_do_ip_addr_changed
                0x08008b50       0x22 Middlewares\Third_Party\LwIP\src\core\netif.o
 *fill*         0x08008b72        0x2 
 .text.netif_do_set_ipaddr
                0x08008b74       0x94 Middlewares\Third_Party\LwIP\src\core\netif.o
 .text.netif_do_set_netmask
                0x08008c08       0x3e Middlewares\Third_Party\LwIP\src\core\netif.o
 .text.netif_do_set_gw
                0x08008c46       0x3e Middlewares\Third_Party\LwIP\src\core\netif.o
 .text.netif_set_addr
                0x08008c84       0x94 Middlewares\Third_Party\LwIP\src\core\netif.o
                0x08008c84                netif_set_addr
 .text.netif_set_default
                0x08008d18       0x20 Middlewares\Third_Party\LwIP\src\core\netif.o
                0x08008d18                netif_set_default
 .text.netif_set_up
                0x08008d38       0x58 Middlewares\Third_Party\LwIP\src\core\netif.o
                0x08008d38                netif_set_up
 .text.netif_issue_reports
                0x08008d90       0x80 Middlewares\Third_Party\LwIP\src\core\netif.o
 .text.netif_set_down
                0x08008e10       0x64 Middlewares\Third_Party\LwIP\src\core\netif.o
                0x08008e10                netif_set_down
 .text.netif_set_link_callback
                0x08008e74       0x22 Middlewares\Third_Party\LwIP\src\core\netif.o
                0x08008e74                netif_set_link_callback
 .text.netif_null_output_ip4
                0x08008e96       0x1c Middlewares\Third_Party\LwIP\src\core\netif.o
 *fill*         0x08008eb2        0x2 
 .text.netif_get_by_index
                0x08008eb4       0x4c Middlewares\Third_Party\LwIP\src\core\netif.o
                0x08008eb4                netif_get_by_index
 .text.pbuf_free_ooseq
                0x08008f00       0x40 Middlewares\Third_Party\LwIP\src\core\pbuf.o
                0x08008f00                pbuf_free_ooseq
 .text.pbuf_pool_is_empty
                0x08008f40       0x18 Middlewares\Third_Party\LwIP\src\core\pbuf.o
 .text.pbuf_init_alloced_pbuf
                0x08008f58       0x54 Middlewares\Third_Party\LwIP\src\core\pbuf.o
 .text.pbuf_alloc
                0x08008fac      0x1e4 Middlewares\Third_Party\LwIP\src\core\pbuf.o
                0x08008fac                pbuf_alloc
 .text.pbuf_alloc_reference
                0x08009190       0x68 Middlewares\Third_Party\LwIP\src\core\pbuf.o
                0x08009190                pbuf_alloc_reference
 .text.pbuf_alloced_custom
                0x080091f8       0x68 Middlewares\Third_Party\LwIP\src\core\pbuf.o
                0x080091f8                pbuf_alloced_custom
 .text.pbuf_realloc
                0x08009260      0x110 Middlewares\Third_Party\LwIP\src\core\pbuf.o
                0x08009260                pbuf_realloc
 .text.pbuf_add_header_impl
                0x08009370       0xd4 Middlewares\Third_Party\LwIP\src\core\pbuf.o
 .text.pbuf_add_header
                0x08009444       0x1e Middlewares\Third_Party\LwIP\src\core\pbuf.o
                0x08009444                pbuf_add_header
 *fill*         0x08009462        0x2 
 .text.pbuf_remove_header
                0x08009464       0xa4 Middlewares\Third_Party\LwIP\src\core\pbuf.o
                0x08009464                pbuf_remove_header
 .text.pbuf_header_impl
                0x08009508       0x42 Middlewares\Third_Party\LwIP\src\core\pbuf.o
 .text.pbuf_header_force
                0x0800954a       0x24 Middlewares\Third_Party\LwIP\src\core\pbuf.o
                0x0800954a                pbuf_header_force
 *fill*         0x0800956e        0x2 
 .text.pbuf_free
                0x08009570      0x110 Middlewares\Third_Party\LwIP\src\core\pbuf.o
                0x08009570                pbuf_free
 .text.pbuf_clen
                0x08009680       0x2e Middlewares\Third_Party\LwIP\src\core\pbuf.o
                0x08009680                pbuf_clen
 *fill*         0x080096ae        0x2 
 .text.pbuf_ref
                0x080096b0       0x44 Middlewares\Third_Party\LwIP\src\core\pbuf.o
                0x080096b0                pbuf_ref
 .text.pbuf_cat
                0x080096f4       0xac Middlewares\Third_Party\LwIP\src\core\pbuf.o
                0x080096f4                pbuf_cat
 .text.pbuf_chain
                0x080097a0       0x20 Middlewares\Third_Party\LwIP\src\core\pbuf.o
                0x080097a0                pbuf_chain
 .text.pbuf_copy
                0x080097c0      0x1a4 Middlewares\Third_Party\LwIP\src\core\pbuf.o
                0x080097c0                pbuf_copy
 .text.pbuf_copy_partial
                0x08009964       0xe4 Middlewares\Third_Party\LwIP\src\core\pbuf.o
                0x08009964                pbuf_copy_partial
 .text.pbuf_clone
                0x08009a48       0x64 Middlewares\Third_Party\LwIP\src\core\pbuf.o
                0x08009a48                pbuf_clone
 .text.tcp_init
                0x08009aac       0x24 Middlewares\Third_Party\LwIP\src\core\tcp.o
                0x08009aac                tcp_init
 .text.tcp_free
                0x08009ad0       0x38 Middlewares\Third_Party\LwIP\src\core\tcp.o
                0x08009ad0                tcp_free
 .text.tcp_free_listen
                0x08009b08       0x38 Middlewares\Third_Party\LwIP\src\core\tcp.o
 .text.tcp_tmr  0x08009b40       0x2c Middlewares\Third_Party\LwIP\src\core\tcp.o
                0x08009b40                tcp_tmr
 .text.tcp_remove_listener
                0x08009b6c       0x54 Middlewares\Third_Party\LwIP\src\core\tcp.o
 .text.tcp_listen_closed
                0x08009bc0       0x74 Middlewares\Third_Party\LwIP\src\core\tcp.o
 .text.tcp_close_shutdown
                0x08009c34      0x1bc Middlewares\Third_Party\LwIP\src\core\tcp.o
 .text.tcp_close_shutdown_fin
                0x08009df0       0xcc Middlewares\Third_Party\LwIP\src\core\tcp.o
 .text.tcp_close
                0x08009ebc       0x58 Middlewares\Third_Party\LwIP\src\core\tcp.o
                0x08009ebc                tcp_close
 .text.tcp_abandon
                0x08009f14      0x17c Middlewares\Third_Party\LwIP\src\core\tcp.o
                0x08009f14                tcp_abandon
 .text.tcp_abort
                0x0800a090       0x18 Middlewares\Third_Party\LwIP\src\core\tcp.o
                0x0800a090                tcp_abort
 .text.tcp_bind
                0x0800a0a8      0x130 Middlewares\Third_Party\LwIP\src\core\tcp.o
                0x0800a0a8                tcp_bind
 .text.tcp_accept_null
                0x0800a1d8       0x40 Middlewares\Third_Party\LwIP\src\core\tcp.o
 .text.tcp_listen_with_backlog
                0x0800a218       0x22 Middlewares\Third_Party\LwIP\src\core\tcp.o
                0x0800a218                tcp_listen_with_backlog
 *fill*         0x0800a23a        0x2 
 .text.tcp_listen_with_backlog_and_err
                0x0800a23c      0x154 Middlewares\Third_Party\LwIP\src\core\tcp.o
                0x0800a23c                tcp_listen_with_backlog_and_err
 .text.tcp_update_rcv_ann_wnd
                0x0800a390       0xb8 Middlewares\Third_Party\LwIP\src\core\tcp.o
                0x0800a390                tcp_update_rcv_ann_wnd
 .text.tcp_recved
                0x0800a448       0xa0 Middlewares\Third_Party\LwIP\src\core\tcp.o
                0x0800a448                tcp_recved
 .text.tcp_new_port
                0x0800a4e8       0x8c Middlewares\Third_Party\LwIP\src\core\tcp.o
 .text.tcp_slowtmr
                0x0800a574      0x67c Middlewares\Third_Party\LwIP\src\core\tcp.o
                0x0800a574                tcp_slowtmr
 .text.tcp_fasttmr
                0x0800abf0       0xc8 Middlewares\Third_Party\LwIP\src\core\tcp.o
                0x0800abf0                tcp_fasttmr
 .text.tcp_process_refused_data
                0x0800acb8       0xf8 Middlewares\Third_Party\LwIP\src\core\tcp.o
                0x0800acb8                tcp_process_refused_data
 .text.tcp_segs_free
                0x0800adb0       0x28 Middlewares\Third_Party\LwIP\src\core\tcp.o
                0x0800adb0                tcp_segs_free
 .text.tcp_seg_free
                0x0800add8       0x30 Middlewares\Third_Party\LwIP\src\core\tcp.o
                0x0800add8                tcp_seg_free
 .text.tcp_setprio
                0x0800ae08       0x3c Middlewares\Third_Party\LwIP\src\core\tcp.o
                0x0800ae08                tcp_setprio
 .text.tcp_seg_copy
                0x0800ae44       0x58 Middlewares\Third_Party\LwIP\src\core\tcp.o
                0x0800ae44                tcp_seg_copy
 .text.tcp_recv_null
                0x0800ae9c       0x6c Middlewares\Third_Party\LwIP\src\core\tcp.o
                0x0800ae9c                tcp_recv_null
 .text.tcp_kill_prio
                0x0800af08       0x9c Middlewares\Third_Party\LwIP\src\core\tcp.o
 .text.tcp_kill_state
                0x0800afa4       0x94 Middlewares\Third_Party\LwIP\src\core\tcp.o
 .text.tcp_kill_timewait
                0x0800b038       0x60 Middlewares\Third_Party\LwIP\src\core\tcp.o
 .text.tcp_handle_closepend
                0x0800b098       0x4c Middlewares\Third_Party\LwIP\src\core\tcp.o
 .text.tcp_alloc
                0x0800b0e4      0x108 Middlewares\Third_Party\LwIP\src\core\tcp.o
                0x0800b0e4                tcp_alloc
 .text.tcp_new_ip_type
                0x0800b1ec       0x1c Middlewares\Third_Party\LwIP\src\core\tcp.o
                0x0800b1ec                tcp_new_ip_type
 .text.tcp_arg  0x0800b208       0x22 Middlewares\Third_Party\LwIP\src\core\tcp.o
                0x0800b208                tcp_arg
 *fill*         0x0800b22a        0x2 
 .text.tcp_recv
                0x0800b22c       0x44 Middlewares\Third_Party\LwIP\src\core\tcp.o
                0x0800b22c                tcp_recv
 .text.tcp_sent
                0x0800b270       0x44 Middlewares\Third_Party\LwIP\src\core\tcp.o
                0x0800b270                tcp_sent
 .text.tcp_err  0x0800b2b4       0x44 Middlewares\Third_Party\LwIP\src\core\tcp.o
                0x0800b2b4                tcp_err
 .text.tcp_accept
                0x0800b2f8       0x2e Middlewares\Third_Party\LwIP\src\core\tcp.o
                0x0800b2f8                tcp_accept
 *fill*         0x0800b326        0x2 
 .text.tcp_poll
                0x0800b328       0x60 Middlewares\Third_Party\LwIP\src\core\tcp.o
                0x0800b328                tcp_poll
 .text.tcp_pcb_purge
                0x0800b388       0xa0 Middlewares\Third_Party\LwIP\src\core\tcp.o
                0x0800b388                tcp_pcb_purge
 .text.tcp_pcb_remove
                0x0800b428      0x128 Middlewares\Third_Party\LwIP\src\core\tcp.o
                0x0800b428                tcp_pcb_remove
 .text.tcp_next_iss
                0x0800b550       0x4c Middlewares\Third_Party\LwIP\src\core\tcp.o
                0x0800b550                tcp_next_iss
 .text.tcp_eff_send_mss_netif
                0x0800b59c       0x74 Middlewares\Third_Party\LwIP\src\core\tcp.o
                0x0800b59c                tcp_eff_send_mss_netif
 .text.tcp_netif_ip_addr_changed_pcblist
                0x0800b610       0x64 Middlewares\Third_Party\LwIP\src\core\tcp.o
 .text.tcp_netif_ip_addr_changed
                0x0800b674       0x7c Middlewares\Third_Party\LwIP\src\core\tcp.o
                0x0800b674                tcp_netif_ip_addr_changed
 .text.tcp_free_ooseq
                0x0800b6f0       0x28 Middlewares\Third_Party\LwIP\src\core\tcp.o
                0x0800b6f0                tcp_free_ooseq
 .text.tcp_input
                0x0800b718      0x808 Middlewares\Third_Party\LwIP\src\core\tcp_in.o
                0x0800b718                tcp_input
 .text.tcp_input_delayed_close
                0x0800bf20       0x80 Middlewares\Third_Party\LwIP\src\core\tcp_in.o
 .text.tcp_listen_input
                0x0800bfa0      0x1fc Middlewares\Third_Party\LwIP\src\core\tcp_in.o
 .text.tcp_timewait_input
                0x0800c19c       0xf8 Middlewares\Third_Party\LwIP\src\core\tcp_in.o
 .text.tcp_process
                0x0800c294      0x7e0 Middlewares\Third_Party\LwIP\src\core\tcp_in.o
 .text.tcp_oos_insert_segment
                0x0800ca74      0x110 Middlewares\Third_Party\LwIP\src\core\tcp_in.o
 .text.tcp_free_acked_segments
                0x0800cb84       0xf8 Middlewares\Third_Party\LwIP\src\core\tcp_in.o
 .text.tcp_receive
                0x0800cc7c      0xf34 Middlewares\Third_Party\LwIP\src\core\tcp_in.o
 .text.tcp_get_next_optbyte
                0x0800dbb0       0x6c Middlewares\Third_Party\LwIP\src\core\tcp_in.o
 .text.tcp_parseopt
                0x0800dc1c       0xe8 Middlewares\Third_Party\LwIP\src\core\tcp_in.o
 .text.tcp_trigger_input_pcb_close
                0x0800dd04       0x20 Middlewares\Third_Party\LwIP\src\core\tcp_in.o
                0x0800dd04                tcp_trigger_input_pcb_close
 .text.tcp_route
                0x0800dd24       0x38 Middlewares\Third_Party\LwIP\src\core\tcp_out.o
 .text.tcp_create_segment
                0x0800dd5c      0x140 Middlewares\Third_Party\LwIP\src\core\tcp_out.o
 .text.tcp_pbuf_prealloc
                0x0800de9c       0xf4 Middlewares\Third_Party\LwIP\src\core\tcp_out.o
 .text.tcp_write_checks
                0x0800df90       0xf4 Middlewares\Third_Party\LwIP\src\core\tcp_out.o
 .text.tcp_write
                0x0800e084      0x6cc Middlewares\Third_Party\LwIP\src\core\tcp_out.o
                0x0800e084                tcp_write
 .text.tcp_split_unsent_seg
                0x0800e750      0x294 Middlewares\Third_Party\LwIP\src\core\tcp_out.o
                0x0800e750                tcp_split_unsent_seg
 .text.tcp_send_fin
                0x0800e9e4       0xa0 Middlewares\Third_Party\LwIP\src\core\tcp_out.o
                0x0800e9e4                tcp_send_fin
 .text.tcp_enqueue_flags
                0x0800ea84      0x1e0 Middlewares\Third_Party\LwIP\src\core\tcp_out.o
                0x0800ea84                tcp_enqueue_flags
 .text.tcp_output
                0x0800ec64      0x3ec Middlewares\Third_Party\LwIP\src\core\tcp_out.o
                0x0800ec64                tcp_output
 .text.tcp_output_segment_busy
                0x0800f050       0x40 Middlewares\Third_Party\LwIP\src\core\tcp_out.o
 .text.tcp_output_segment
                0x0800f090      0x1c8 Middlewares\Third_Party\LwIP\src\core\tcp_out.o
 .text.tcp_rexmit_rto_prepare
                0x0800f258       0xe0 Middlewares\Third_Party\LwIP\src\core\tcp_out.o
                0x0800f258                tcp_rexmit_rto_prepare
 .text.tcp_rexmit_rto_commit
                0x0800f338       0x50 Middlewares\Third_Party\LwIP\src\core\tcp_out.o
                0x0800f338                tcp_rexmit_rto_commit
 .text.tcp_rexmit_rto
                0x0800f388       0x44 Middlewares\Third_Party\LwIP\src\core\tcp_out.o
                0x0800f388                tcp_rexmit_rto
 .text.tcp_rexmit
                0x0800f3cc       0xd8 Middlewares\Third_Party\LwIP\src\core\tcp_out.o
                0x0800f3cc                tcp_rexmit
 .text.tcp_rexmit_fast
                0x0800f4a4       0xd8 Middlewares\Third_Party\LwIP\src\core\tcp_out.o
                0x0800f4a4                tcp_rexmit_fast
 .text.tcp_output_alloc_header_common
                0x0800f57c       0xe8 Middlewares\Third_Party\LwIP\src\core\tcp_out.o
 .text.tcp_output_alloc_header
                0x0800f664       0x7c Middlewares\Third_Party\LwIP\src\core\tcp_out.o
 .text.tcp_output_fill_options
                0x0800f6e0       0x88 Middlewares\Third_Party\LwIP\src\core\tcp_out.o
 .text.tcp_output_control_segment
                0x0800f768       0x94 Middlewares\Third_Party\LwIP\src\core\tcp_out.o
 .text.tcp_rst  0x0800f7fc       0xa4 Middlewares\Third_Party\LwIP\src\core\tcp_out.o
                0x0800f7fc                tcp_rst
 .text.tcp_send_empty_ack
                0x0800f8a0       0xc8 Middlewares\Third_Party\LwIP\src\core\tcp_out.o
                0x0800f8a0                tcp_send_empty_ack
 .text.tcp_keepalive
                0x0800f968       0x80 Middlewares\Third_Party\LwIP\src\core\tcp_out.o
                0x0800f968                tcp_keepalive
 .text.tcp_zero_window_probe
                0x0800f9e8      0x154 Middlewares\Third_Party\LwIP\src\core\tcp_out.o
                0x0800f9e8                tcp_zero_window_probe
 .text.tcpip_tcp_timer
                0x0800fb3c       0x48 Middlewares\Third_Party\LwIP\src\core\timeouts.o
 .text.tcp_timer_needed
                0x0800fb84       0x40 Middlewares\Third_Party\LwIP\src\core\timeouts.o
                0x0800fb84                tcp_timer_needed
 .text.sys_timeout_abs
                0x0800fbc4       0xcc Middlewares\Third_Party\LwIP\src\core\timeouts.o
 .text.lwip_cyclic_timer
                0x0800fc90       0x5c Middlewares\Third_Party\LwIP\src\core\timeouts.o
 .text.sys_timeouts_init
                0x0800fcec       0x40 Middlewares\Third_Party\LwIP\src\core\timeouts.o
                0x0800fcec                sys_timeouts_init
 .text.sys_timeout
                0x0800fd2c       0x4c Middlewares\Third_Party\LwIP\src\core\timeouts.o
                0x0800fd2c                sys_timeout
 .text.sys_check_timeouts
                0x0800fd78       0x7c Middlewares\Third_Party\LwIP\src\core\timeouts.o
                0x0800fd78                sys_check_timeouts
 .text.udp_init
                0x0800fdf4       0x24 Middlewares\Third_Party\LwIP\src\core\udp.o
                0x0800fdf4                udp_init
 .text.udp_new_port
                0x0800fe18       0x70 Middlewares\Third_Party\LwIP\src\core\udp.o
 .text.udp_input_local_match
                0x0800fe88       0xc8 Middlewares\Third_Party\LwIP\src\core\udp.o
 .text.udp_input
                0x0800ff50      0x228 Middlewares\Third_Party\LwIP\src\core\udp.o
                0x0800ff50                udp_input
 .text.udp_sendto_if
                0x08010178       0xe8 Middlewares\Third_Party\LwIP\src\core\udp.o
                0x08010178                udp_sendto_if
 .text.udp_sendto_if_src
                0x08010260      0x1d0 Middlewares\Third_Party\LwIP\src\core\udp.o
                0x08010260                udp_sendto_if_src
 .text.udp_bind
                0x08010430      0x110 Middlewares\Third_Party\LwIP\src\core\udp.o
                0x08010430                udp_bind
 .text.udp_connect
                0x08010540       0xdc Middlewares\Third_Party\LwIP\src\core\udp.o
                0x08010540                udp_connect
 .text.udp_recv
                0x0801061c       0x40 Middlewares\Third_Party\LwIP\src\core\udp.o
                0x0801061c                udp_recv
 .text.udp_remove
                0x0801065c       0x84 Middlewares\Third_Party\LwIP\src\core\udp.o
                0x0801065c                udp_remove
 .text.udp_new  0x080106e0       0x2e Middlewares\Third_Party\LwIP\src\core\udp.o
                0x080106e0                udp_new
 *fill*         0x0801070e        0x2 
 .text.udp_netif_ip_addr_changed
                0x08010710       0x60 Middlewares\Third_Party\LwIP\src\core\udp.o
                0x08010710                udp_netif_ip_addr_changed
 .text.ethernet_input
                0x08010770      0x11c Middlewares\Third_Party\LwIP\src\netif\ethernet.o
                0x08010770                ethernet_input
 .text.ethernet_output
                0x0801088c       0x90 Middlewares\Third_Party\LwIP\src\netif\ethernet.o
                0x0801088c                ethernet_output
 .text.Reset_Handler
                0x0801091c       0x50 startup\startup_stm32f756xx.o
                0x0801091c                Reset_Handler
 .text.Default_Handler
                0x0801096c        0x2 startup\startup_stm32f756xx.o
                0x0801096c                RTC_Alarm_IRQHandler
                0x0801096c                HASH_RNG_IRQHandler
                0x0801096c                EXTI2_IRQHandler
                0x0801096c                TIM8_CC_IRQHandler
                0x0801096c                UART8_IRQHandler
                0x0801096c                SPI4_IRQHandler
                0x0801096c                TIM1_CC_IRQHandler
                0x0801096c                DMA2_Stream5_IRQHandler
                0x0801096c                DMA1_Stream5_IRQHandler
                0x0801096c                PVD_IRQHandler
                0x0801096c                TAMP_STAMP_IRQHandler
                0x0801096c                CAN2_RX1_IRQHandler
                0x0801096c                EXTI3_IRQHandler
                0x0801096c                TIM8_TRG_COM_TIM14_IRQHandler
                0x0801096c                TIM1_UP_TIM10_IRQHandler
                0x0801096c                TIM8_UP_TIM13_IRQHandler
                0x0801096c                I2C3_ER_IRQHandler
                0x0801096c                EXTI0_IRQHandler
                0x0801096c                I2C2_EV_IRQHandler
                0x0801096c                DMA1_Stream2_IRQHandler
                0x0801096c                CAN1_RX0_IRQHandler
                0x0801096c                FPU_IRQHandler
                0x0801096c                OTG_HS_WKUP_IRQHandler
                0x0801096c                LTDC_ER_IRQHandler
                0x0801096c                CAN2_SCE_IRQHandler
                0x0801096c                DMA2_Stream2_IRQHandler
                0x0801096c                SPI1_IRQHandler
                0x0801096c                TIM6_DAC_IRQHandler
                0x0801096c                TIM1_BRK_TIM9_IRQHandler
                0x0801096c                DCMI_IRQHandler
                0x0801096c                CAN2_RX0_IRQHandler
                0x0801096c                DMA2_Stream3_IRQHandler
                0x0801096c                SAI2_IRQHandler
                0x0801096c                USART6_IRQHandler
                0x0801096c                USART3_IRQHandler
                0x0801096c                CRYP_IRQHandler
                0x0801096c                CAN1_RX1_IRQHandler
                0x0801096c                UART5_IRQHandler
                0x0801096c                DMA2_Stream0_IRQHandler
                0x0801096c                TIM4_IRQHandler
                0x0801096c                QUADSPI_IRQHandler
                0x0801096c                I2C1_EV_IRQHandler
                0x0801096c                DMA1_Stream6_IRQHandler
                0x0801096c                DMA1_Stream1_IRQHandler
                0x0801096c                UART4_IRQHandler
                0x0801096c                TIM3_IRQHandler
                0x0801096c                RCC_IRQHandler
                0x0801096c                TIM8_BRK_TIM12_IRQHandler
                0x0801096c                Default_Handler
                0x0801096c                CEC_IRQHandler
                0x0801096c                EXTI15_10_IRQHandler
                0x0801096c                ADC_IRQHandler
                0x0801096c                DMA1_Stream7_IRQHandler
                0x0801096c                SPI5_IRQHandler
                0x0801096c                TIM7_IRQHandler
                0x0801096c                SDMMC1_IRQHandler
                0x0801096c                CAN2_TX_IRQHandler
                0x0801096c                TIM5_IRQHandler
                0x0801096c                DMA2_Stream7_IRQHandler
                0x0801096c                I2C3_EV_IRQHandler
                0x0801096c                EXTI9_5_IRQHandler
                0x0801096c                RTC_WKUP_IRQHandler
                0x0801096c                LTDC_IRQHandler
                0x0801096c                ETH_WKUP_IRQHandler
                0x0801096c                SPDIF_RX_IRQHandler
                0x0801096c                SPI2_IRQHandler
                0x0801096c                OTG_HS_EP1_IN_IRQHandler
                0x0801096c                DMA1_Stream0_IRQHandler
                0x0801096c                CAN1_TX_IRQHandler
                0x0801096c                EXTI4_IRQHandler
                0x0801096c                ETH_IRQHandler
                0x0801096c                OTG_HS_EP1_OUT_IRQHandler
                0x0801096c                WWDG_IRQHandler
                0x0801096c                SPI6_IRQHandler
                0x0801096c                I2C4_EV_IRQHandler
                0x0801096c                TIM2_IRQHandler
                0x0801096c                OTG_FS_WKUP_IRQHandler
                0x0801096c                TIM1_TRG_COM_TIM11_IRQHandler
                0x0801096c                OTG_HS_IRQHandler
                0x0801096c                DMA2D_IRQHandler
                0x0801096c                EXTI1_IRQHandler
                0x0801096c                UART7_IRQHandler
                0x0801096c                USART2_IRQHandler
                0x0801096c                I2C2_ER_IRQHandler
                0x0801096c                DMA2_Stream1_IRQHandler
                0x0801096c                CAN1_SCE_IRQHandler
                0x0801096c                FLASH_IRQHandler
                0x0801096c                DMA2_Stream4_IRQHandler
                0x0801096c                USART1_IRQHandler
                0x0801096c                OTG_FS_IRQHandler
                0x0801096c                SPI3_IRQHandler
                0x0801096c                DMA1_Stream4_IRQHandler
                0x0801096c                I2C1_ER_IRQHandler
                0x0801096c                FMC_IRQHandler
                0x0801096c                LPTIM1_IRQHandler
                0x0801096c                I2C4_ER_IRQHandler
                0x0801096c                DMA2_Stream6_IRQHandler
                0x0801096c                SAI1_IRQHandler
                0x0801096c                DMA1_Stream3_IRQHandler
 *fill*         0x0801096e        0x2 
 .text.__libc_init_array
                0x08010970       0x48 c:/program files (x86)/atollic/truestudio for stm32 9.3.0/armtools/bin/../lib/gcc/arm-atollic-eabi/6.3.1/../../../../arm-atollic-eabi/lib/armv7e-m/fpu/fpv5-sp-d16\libc_nano.a(lib_a-init.o)
                0x08010970                __libc_init_array
 .text.memcmp   0x080109b8       0x1e c:/program files (x86)/atollic/truestudio for stm32 9.3.0/armtools/bin/../lib/gcc/arm-atollic-eabi/6.3.1/../../../../arm-atollic-eabi/lib/armv7e-m/fpu/fpv5-sp-d16\libc_nano.a(lib_a-memcmp.o)
                0x080109b8                memcmp
 .text.memcpy   0x080109d6       0x16 c:/program files (x86)/atollic/truestudio for stm32 9.3.0/armtools/bin/../lib/gcc/arm-atollic-eabi/6.3.1/../../../../arm-atollic-eabi/lib/armv7e-m/fpu/fpv5-sp-d16\libc_nano.a(lib_a-memcpy-stub.o)
                0x080109d6                memcpy
 .text.memset   0x080109ec       0x10 c:/program files (x86)/atollic/truestudio for stm32 9.3.0/armtools/bin/../lib/gcc/arm-atollic-eabi/6.3.1/../../../../arm-atollic-eabi/lib/armv7e-m/fpu/fpv5-sp-d16\libc_nano.a(lib_a-memset.o)
                0x080109ec                memset
 .text.printf   0x080109fc       0x30 c:/program files (x86)/atollic/truestudio for stm32 9.3.0/armtools/bin/../lib/gcc/arm-atollic-eabi/6.3.1/../../../../arm-atollic-eabi/lib/armv7e-m/fpu/fpv5-sp-d16\libc_nano.a(lib_a-printf.o)
                0x080109fc                iprintf
                0x080109fc                printf
 .text.rand     0x08010a2c       0x74 c:/program files (x86)/atollic/truestudio for stm32 9.3.0/armtools/bin/../lib/gcc/arm-atollic-eabi/6.3.1/../../../../arm-atollic-eabi/lib/armv7e-m/fpu/fpv5-sp-d16\libc_nano.a(lib_a-rand.o)
                0x08010a2c                rand
 .text.strchr   0x08010aa0       0x1c c:/program files (x86)/atollic/truestudio for stm32 9.3.0/armtools/bin/../lib/gcc/arm-atollic-eabi/6.3.1/../../../../arm-atollic-eabi/lib/armv7e-m/fpu/fpv5-sp-d16\libc_nano.a(lib_a-strchr.o)
                0x08010aa0                strchr
 .text.strncmp  0x08010abc       0x24 c:/program files (x86)/atollic/truestudio for stm32 9.3.0/armtools/bin/../lib/gcc/arm-atollic-eabi/6.3.1/../../../../arm-atollic-eabi/lib/armv7e-m/fpu/fpv5-sp-d16\libc_nano.a(lib_a-strncmp.o)
                0x08010abc                strncmp
 .text._cleanup_r
                0x08010ae0        0xc c:/program files (x86)/atollic/truestudio for stm32 9.3.0/armtools/bin/../lib/gcc/arm-atollic-eabi/6.3.1/../../../../arm-atollic-eabi/lib/armv7e-m/fpu/fpv5-sp-d16\libc_nano.a(lib_a-findfp.o)
                0x08010ae0                _cleanup_r
 .text.std.isra.0
                0x08010aec       0x48 c:/program files (x86)/atollic/truestudio for stm32 9.3.0/armtools/bin/../lib/gcc/arm-atollic-eabi/6.3.1/../../../../arm-atollic-eabi/lib/armv7e-m/fpu/fpv5-sp-d16\libc_nano.a(lib_a-findfp.o)
 .text.__sfmoreglue
                0x08010b34       0x2c c:/program files (x86)/atollic/truestudio for stm32 9.3.0/armtools/bin/../lib/gcc/arm-atollic-eabi/6.3.1/../../../../arm-atollic-eabi/lib/armv7e-m/fpu/fpv5-sp-d16\libc_nano.a(lib_a-findfp.o)
                0x08010b34                __sfmoreglue
 .text.__sinit  0x08010b60       0x60 c:/program files (x86)/atollic/truestudio for stm32 9.3.0/armtools/bin/../lib/gcc/arm-atollic-eabi/6.3.1/../../../../arm-atollic-eabi/lib/armv7e-m/fpu/fpv5-sp-d16\libc_nano.a(lib_a-findfp.o)
                0x08010b60                __sinit
 .text.__sfp    0x08010bc0       0x78 c:/program files (x86)/atollic/truestudio for stm32 9.3.0/armtools/bin/../lib/gcc/arm-atollic-eabi/6.3.1/../../../../arm-atollic-eabi/lib/armv7e-m/fpu/fpv5-sp-d16\libc_nano.a(lib_a-findfp.o)
                0x08010bc0                __sfp
 .text._fwalk_reent
                0x08010c38       0x3c c:/program files (x86)/atollic/truestudio for stm32 9.3.0/armtools/bin/../lib/gcc/arm-atollic-eabi/6.3.1/../../../../arm-atollic-eabi/lib/armv7e-m/fpu/fpv5-sp-d16\libc_nano.a(lib_a-fwalk.o)
                0x08010c38                _fwalk_reent
 .text.malloc   0x08010c74       0x10 c:/program files (x86)/atollic/truestudio for stm32 9.3.0/armtools/bin/../lib/gcc/arm-atollic-eabi/6.3.1/../../../../arm-atollic-eabi/lib/armv7e-m/fpu/fpv5-sp-d16\libc_nano.a(lib_a-malloc.o)
                0x08010c74                malloc
 .text._free_r  0x08010c84       0x9c c:/program files (x86)/atollic/truestudio for stm32 9.3.0/armtools/bin/../lib/gcc/arm-atollic-eabi/6.3.1/../../../../arm-atollic-eabi/lib/armv7e-m/fpu/fpv5-sp-d16\libc_nano.a(lib_a-nano-freer.o)
                0x08010c84                _free_r
 .text._malloc_r
                0x08010d20       0xbc c:/program files (x86)/atollic/truestudio for stm32 9.3.0/armtools/bin/../lib/gcc/arm-atollic-eabi/6.3.1/../../../../arm-atollic-eabi/lib/armv7e-m/fpu/fpv5-sp-d16\libc_nano.a(lib_a-nano-mallocr.o)
                0x08010d20                _malloc_r
 .text.__sfputc_r
                0x08010ddc       0x30 c:/program files (x86)/atollic/truestudio for stm32 9.3.0/armtools/bin/../lib/gcc/arm-atollic-eabi/6.3.1/../../../../arm-atollic-eabi/lib/armv7e-m/fpu/fpv5-sp-d16\libc_nano.a(lib_a-nano-vfprintf.o)
 .text.__sfputs_r
                0x08010e0c       0x24 c:/program files (x86)/atollic/truestudio for stm32 9.3.0/armtools/bin/../lib/gcc/arm-atollic-eabi/6.3.1/../../../../arm-atollic-eabi/lib/armv7e-m/fpu/fpv5-sp-d16\libc_nano.a(lib_a-nano-vfprintf.o)
                0x08010e0c                __sfputs_r
 .text._vfprintf_r
                0x08010e30      0x22c c:/program files (x86)/atollic/truestudio for stm32 9.3.0/armtools/bin/../lib/gcc/arm-atollic-eabi/6.3.1/../../../../arm-atollic-eabi/lib/armv7e-m/fpu/fpv5-sp-d16\libc_nano.a(lib_a-nano-vfprintf.o)
                0x08010e30                _vfprintf_r
                0x08010e30                _vfiprintf_r
 .text._printf_common
                0x0801105c       0xec c:/program files (x86)/atollic/truestudio for stm32 9.3.0/armtools/bin/../lib/gcc/arm-atollic-eabi/6.3.1/../../../../arm-atollic-eabi/lib/armv7e-m/fpu/fpv5-sp-d16\libc_nano.a(lib_a-nano-vfprintf_i.o)
                0x0801105c                _printf_common
 .text._printf_i
                0x08011148      0x240 c:/program files (x86)/atollic/truestudio for stm32 9.3.0/armtools/bin/../lib/gcc/arm-atollic-eabi/6.3.1/../../../../arm-atollic-eabi/lib/armv7e-m/fpu/fpv5-sp-d16\libc_nano.a(lib_a-nano-vfprintf_i.o)
                0x08011148                _printf_i
 .text._sbrk_r  0x08011388       0x20 c:/program files (x86)/atollic/truestudio for stm32 9.3.0/armtools/bin/../lib/gcc/arm-atollic-eabi/6.3.1/../../../../arm-atollic-eabi/lib/armv7e-m/fpu/fpv5-sp-d16\libc_nano.a(lib_a-sbrkr.o)
                0x08011388                _sbrk_r
 .text.__sread  0x080113a8       0x22 c:/program files (x86)/atollic/truestudio for stm32 9.3.0/armtools/bin/../lib/gcc/arm-atollic-eabi/6.3.1/../../../../arm-atollic-eabi/lib/armv7e-m/fpu/fpv5-sp-d16\libc_nano.a(lib_a-stdio.o)
                0x080113a8                __sread
 .text.__swrite
                0x080113ca       0x38 c:/program files (x86)/atollic/truestudio for stm32 9.3.0/armtools/bin/../lib/gcc/arm-atollic-eabi/6.3.1/../../../../arm-atollic-eabi/lib/armv7e-m/fpu/fpv5-sp-d16\libc_nano.a(lib_a-stdio.o)
                0x080113ca                __swrite
 .text.__sseek  0x08011402       0x24 c:/program files (x86)/atollic/truestudio for stm32 9.3.0/armtools/bin/../lib/gcc/arm-atollic-eabi/6.3.1/../../../../arm-atollic-eabi/lib/armv7e-m/fpu/fpv5-sp-d16\libc_nano.a(lib_a-stdio.o)
                0x08011402                __sseek
 .text.__sclose
                0x08011426        0x8 c:/program files (x86)/atollic/truestudio for stm32 9.3.0/armtools/bin/../lib/gcc/arm-atollic-eabi/6.3.1/../../../../arm-atollic-eabi/lib/armv7e-m/fpu/fpv5-sp-d16\libc_nano.a(lib_a-stdio.o)
                0x08011426                __sclose
 *fill*         0x0801142e        0x2 
 .text.__swbuf_r
                0x08011430       0xa4 c:/program files (x86)/atollic/truestudio for stm32 9.3.0/armtools/bin/../lib/gcc/arm-atollic-eabi/6.3.1/../../../../arm-atollic-eabi/lib/armv7e-m/fpu/fpv5-sp-d16\libc_nano.a(lib_a-wbuf.o)
                0x08011430                __swbuf_r
 .text._write_r
                0x080114d4       0x24 c:/program files (x86)/atollic/truestudio for stm32 9.3.0/armtools/bin/../lib/gcc/arm-atollic-eabi/6.3.1/../../../../arm-atollic-eabi/lib/armv7e-m/fpu/fpv5-sp-d16\libc_nano.a(lib_a-writer.o)
                0x080114d4                _write_r
 .text.__swsetup_r
                0x080114f8       0xdc c:/program files (x86)/atollic/truestudio for stm32 9.3.0/armtools/bin/../lib/gcc/arm-atollic-eabi/6.3.1/../../../../arm-atollic-eabi/lib/armv7e-m/fpu/fpv5-sp-d16\libc_nano.a(lib_a-wsetup.o)
                0x080114f8                __swsetup_r
 .text._close_r
                0x080115d4       0x20 c:/program files (x86)/atollic/truestudio for stm32 9.3.0/armtools/bin/../lib/gcc/arm-atollic-eabi/6.3.1/../../../../arm-atollic-eabi/lib/armv7e-m/fpu/fpv5-sp-d16\libc_nano.a(lib_a-closer.o)
                0x080115d4                _close_r
 .text.__sflush_r
                0x080115f4      0x110 c:/program files (x86)/atollic/truestudio for stm32 9.3.0/armtools/bin/../lib/gcc/arm-atollic-eabi/6.3.1/../../../../arm-atollic-eabi/lib/armv7e-m/fpu/fpv5-sp-d16\libc_nano.a(lib_a-fflush.o)
                0x080115f4                __sflush_r
 .text._fflush_r
                0x08011704       0x54 c:/program files (x86)/atollic/truestudio for stm32 9.3.0/armtools/bin/../lib/gcc/arm-atollic-eabi/6.3.1/../../../../arm-atollic-eabi/lib/armv7e-m/fpu/fpv5-sp-d16\libc_nano.a(lib_a-fflush.o)
                0x08011704                _fflush_r
 .text._lseek_r
                0x08011758       0x24 c:/program files (x86)/atollic/truestudio for stm32 9.3.0/armtools/bin/../lib/gcc/arm-atollic-eabi/6.3.1/../../../../arm-atollic-eabi/lib/armv7e-m/fpu/fpv5-sp-d16\libc_nano.a(lib_a-lseekr.o)
                0x08011758                _lseek_r
 .text.__swhatbuf_r
                0x0801177c       0x48 c:/program files (x86)/atollic/truestudio for stm32 9.3.0/armtools/bin/../lib/gcc/arm-atollic-eabi/6.3.1/../../../../arm-atollic-eabi/lib/armv7e-m/fpu/fpv5-sp-d16\libc_nano.a(lib_a-makebuf.o)
                0x0801177c                __swhatbuf_r
 .text.__smakebuf_r
                0x080117c4       0x80 c:/program files (x86)/atollic/truestudio for stm32 9.3.0/armtools/bin/../lib/gcc/arm-atollic-eabi/6.3.1/../../../../arm-atollic-eabi/lib/armv7e-m/fpu/fpv5-sp-d16\libc_nano.a(lib_a-makebuf.o)
                0x080117c4                __smakebuf_r
 .text.__malloc_lock
                0x08011844        0x2 c:/program files (x86)/atollic/truestudio for stm32 9.3.0/armtools/bin/../lib/gcc/arm-atollic-eabi/6.3.1/../../../../arm-atollic-eabi/lib/armv7e-m/fpu/fpv5-sp-d16\libc_nano.a(lib_a-mlock.o)
                0x08011844                __malloc_lock
 .text.__malloc_unlock
                0x08011846        0x2 c:/program files (x86)/atollic/truestudio for stm32 9.3.0/armtools/bin/../lib/gcc/arm-atollic-eabi/6.3.1/../../../../arm-atollic-eabi/lib/armv7e-m/fpu/fpv5-sp-d16\libc_nano.a(lib_a-mlock.o)
                0x08011846                __malloc_unlock
 .text._read_r  0x08011848       0x24 c:/program files (x86)/atollic/truestudio for stm32 9.3.0/armtools/bin/../lib/gcc/arm-atollic-eabi/6.3.1/../../../../arm-atollic-eabi/lib/armv7e-m/fpu/fpv5-sp-d16\libc_nano.a(lib_a-readr.o)
                0x08011848                _read_r
 .text._fstat_r
                0x0801186c       0x24 c:/program files (x86)/atollic/truestudio for stm32 9.3.0/armtools/bin/../lib/gcc/arm-atollic-eabi/6.3.1/../../../../arm-atollic-eabi/lib/armv7e-m/fpu/fpv5-sp-d16\libc_nano.a(lib_a-fstatr.o)
                0x0801186c                _fstat_r
 .text._isatty_r
                0x08011890       0x20 c:/program files (x86)/atollic/truestudio for stm32 9.3.0/armtools/bin/../lib/gcc/arm-atollic-eabi/6.3.1/../../../../arm-atollic-eabi/lib/armv7e-m/fpu/fpv5-sp-d16\libc_nano.a(lib_a-isattyr.o)
                0x08011890                _isatty_r
 *(.glue_7)
 .glue_7        0x080118b0        0x0 linker stubs
 *(.glue_7t)
 .glue_7t       0x080118b0        0x0 linker stubs
 *(.eh_frame)
 .eh_frame      0x080118b0        0x0 c:/program files (x86)/atollic/truestudio for stm32 9.3.0/armtools/bin/../lib/gcc/arm-atollic-eabi/6.3.1/armv7e-m/fpu/fpv5-sp-d16/crtbegin.o
 *(.init)
 .init          0x080118b0        0x4 c:/program files (x86)/atollic/truestudio for stm32 9.3.0/armtools/bin/../lib/gcc/arm-atollic-eabi/6.3.1/armv7e-m/fpu/fpv5-sp-d16/crti.o
                0x080118b0                _init
 .init          0x080118b4        0x8 c:/program files (x86)/atollic/truestudio for stm32 9.3.0/armtools/bin/../lib/gcc/arm-atollic-eabi/6.3.1/armv7e-m/fpu/fpv5-sp-d16/crtn.o
 *(.fini)
 .fini          0x080118bc        0x4 c:/program files (x86)/atollic/truestudio for stm32 9.3.0/armtools/bin/../lib/gcc/arm-atollic-eabi/6.3.1/armv7e-m/fpu/fpv5-sp-d16/crti.o
                0x080118bc                _fini
 .fini          0x080118c0        0x8 c:/program files (x86)/atollic/truestudio for stm32 9.3.0/armtools/bin/../lib/gcc/arm-atollic-eabi/6.3.1/armv7e-m/fpu/fpv5-sp-d16/crtn.o
                0x080118c8                . = ALIGN (0x4)
                0x080118c8                _etext = .

.vfp11_veneer   0x080118c8        0x0
 .vfp11_veneer  0x080118c8        0x0 linker stubs

.v4_bx          0x080118c8        0x0
 .v4_bx         0x080118c8        0x0 linker stubs

.iplt           0x080118c8        0x0
 .iplt          0x080118c8        0x0 c:/program files (x86)/atollic/truestudio for stm32 9.3.0/armtools/bin/../lib/gcc/arm-atollic-eabi/6.3.1/armv7e-m/fpu/fpv5-sp-d16/crtbegin.o

.rodata         0x080118c8     0x3374
                0x080118c8                . = ALIGN (0x4)
 *(.rodata)
 .rodata        0x080118c8       0x54 LWIP\Target\ethernetif.o
 .rodata        0x0801191c      0x21f Middlewares\Third_Party\LwIP\src\apps\http\httpd.o
 *fill*         0x08011b3b        0x1 
 .rodata        0x08011b3c      0x3a0 Middlewares\Third_Party\LwIP\src\core\ipv4\dhcp.o
 .rodata        0x08011edc      0x275 Middlewares\Third_Party\LwIP\src\core\ipv4\etharp.o
 *fill*         0x08012151        0x3 
 .rodata        0x08012154       0xf8 Middlewares\Third_Party\LwIP\src\core\ipv4\icmp.o
 .rodata        0x0801224c       0x95 Middlewares\Third_Party\LwIP\src\core\ipv4\ip4.o
 *fill*         0x080122e1        0x3 
 .rodata        0x080122e4      0x227 Middlewares\Third_Party\LwIP\src\core\ipv4\ip4_frag.o
 *fill*         0x0801250b        0x1 
 .rodata        0x0801250c      0x25b Middlewares\Third_Party\LwIP\src\core\mem.o
 *fill*         0x08012767        0x1 
 .rodata        0x08012768       0xeb Middlewares\Third_Party\LwIP\src\core\memp.o
 *fill*         0x08012853        0x1 
 .rodata        0x08012854      0x22f Middlewares\Third_Party\LwIP\src\core\netif.o
 *fill*         0x08012a83        0x1 
 .rodata        0x08012a84      0x485 Middlewares\Third_Party\LwIP\src\core\pbuf.o
 *fill*         0x08012f09        0x3 
 .rodata        0x08012f0c      0x7e0 Middlewares\Third_Party\LwIP\src\core\tcp.o
 .rodata        0x080136ec      0x47e Middlewares\Third_Party\LwIP\src\core\tcp_in.o
 *fill*         0x08013b6a        0x2 
 .rodata        0x08013b6c      0x81b Middlewares\Third_Party\LwIP\src\core\tcp_out.o
 *fill*         0x08014387        0x1 
 .rodata        0x08014388       0xe6 Middlewares\Third_Party\LwIP\src\core\timeouts.o
 *fill*         0x0801446e        0x2 
 .rodata        0x08014470      0x364 Middlewares\Third_Party\LwIP\src\core\udp.o
 .rodata        0x080147d4       0x94 Middlewares\Third_Party\LwIP\src\netif\ethernet.o
 *(.rodata*)
 .rodata.AHBPrescTable
                0x08014868       0x10 Core\Src\system_stm32f7xx.o
                0x08014868                AHBPrescTable
 .rodata.data_404_html
                0x08014878       0xe7 Middlewares\Third_Party\LwIP\src\apps\http\fs.o
 *fill*         0x0801495f        0x1 
 .rodata.data_index_html
                0x08014960       0xf9 Middlewares\Third_Party\LwIP\src\apps\http\fs.o
 *fill*         0x08014a59        0x3 
 .rodata.file_404_html
                0x08014a5c       0x14 Middlewares\Third_Party\LwIP\src\apps\http\fs.o
                0x08014a5c                file_404_html
 .rodata.file_index_html
                0x08014a70       0x14 Middlewares\Third_Party\LwIP\src\apps\http\fs.o
                0x08014a70                file_index_html
 .rodata.httpd_default_filenames
                0x08014a84       0x28 Middlewares\Third_Party\LwIP\src\apps\http\httpd.o
 .rodata.ip_addr_any
                0x08014aac        0x4 Middlewares\Third_Party\LwIP\src\core\ipv4\ip4_addr.o
                0x08014aac                ip_addr_any
 .rodata.ip_addr_broadcast
                0x08014ab0        0x4 Middlewares\Third_Party\LwIP\src\core\ipv4\ip4_addr.o
                0x08014ab0                ip_addr_broadcast
 .rodata.memp_UDP_PCB
                0x08014ab4        0xc Middlewares\Third_Party\LwIP\src\core\memp.o
                0x08014ab4                memp_UDP_PCB
 .rodata.memp_TCP_PCB
                0x08014ac0        0xc Middlewares\Third_Party\LwIP\src\core\memp.o
                0x08014ac0                memp_TCP_PCB
 .rodata.memp_TCP_PCB_LISTEN
                0x08014acc        0xc Middlewares\Third_Party\LwIP\src\core\memp.o
                0x08014acc                memp_TCP_PCB_LISTEN
 .rodata.memp_TCP_SEG
                0x08014ad8        0xc Middlewares\Third_Party\LwIP\src\core\memp.o
                0x08014ad8                memp_TCP_SEG
 .rodata.memp_REASSDATA
                0x08014ae4        0xc Middlewares\Third_Party\LwIP\src\core\memp.o
                0x08014ae4                memp_REASSDATA
 .rodata.memp_FRAG_PBUF
                0x08014af0        0xc Middlewares\Third_Party\LwIP\src\core\memp.o
                0x08014af0                memp_FRAG_PBUF
 .rodata.memp_SYS_TIMEOUT
                0x08014afc        0xc Middlewares\Third_Party\LwIP\src\core\memp.o
                0x08014afc                memp_SYS_TIMEOUT
 .rodata.memp_PBUF
                0x08014b08        0xc Middlewares\Third_Party\LwIP\src\core\memp.o
                0x08014b08                memp_PBUF
 .rodata.memp_PBUF_POOL
                0x08014b14        0xc Middlewares\Third_Party\LwIP\src\core\memp.o
                0x08014b14                memp_PBUF_POOL
 .rodata.memp_pools
                0x08014b20       0x24 Middlewares\Third_Party\LwIP\src\core\memp.o
                0x08014b20                memp_pools
 .rodata.tcp_backoff
                0x08014b44        0xd Middlewares\Third_Party\LwIP\src\core\tcp.o
 *fill*         0x08014b51        0x3 
 .rodata.tcp_persist_backoff
                0x08014b54        0x7 Middlewares\Third_Party\LwIP\src\core\tcp.o
 *fill*         0x08014b5b        0x1 
 .rodata.tcp_pcb_lists
                0x08014b5c       0x10 Middlewares\Third_Party\LwIP\src\core\tcp.o
                0x08014b5c                tcp_pcb_lists
 .rodata.lwip_cyclic_timers
                0x08014b6c       0x28 Middlewares\Third_Party\LwIP\src\core\timeouts.o
                0x08014b6c                lwip_cyclic_timers
 .rodata.ethbroadcast
                0x08014b94        0x6 Middlewares\Third_Party\LwIP\src\netif\ethernet.o
                0x08014b94                ethbroadcast
 *fill*         0x08014b9a        0x2 
 .rodata.ethzero
                0x08014b9c        0x6 Middlewares\Third_Party\LwIP\src\netif\ethernet.o
                0x08014b9c                ethzero
 *fill*         0x08014ba2        0x2 
 .rodata.__sf_fake_stderr
                0x08014ba4       0x20 c:/program files (x86)/atollic/truestudio for stm32 9.3.0/armtools/bin/../lib/gcc/arm-atollic-eabi/6.3.1/../../../../arm-atollic-eabi/lib/armv7e-m/fpu/fpv5-sp-d16\libc_nano.a(lib_a-findfp.o)
                0x08014ba4                __sf_fake_stderr
 .rodata.__sf_fake_stdin
                0x08014bc4       0x20 c:/program files (x86)/atollic/truestudio for stm32 9.3.0/armtools/bin/../lib/gcc/arm-atollic-eabi/6.3.1/../../../../arm-atollic-eabi/lib/armv7e-m/fpu/fpv5-sp-d16\libc_nano.a(lib_a-findfp.o)
                0x08014bc4                __sf_fake_stdin
 .rodata.__sf_fake_stdout
                0x08014be4       0x20 c:/program files (x86)/atollic/truestudio for stm32 9.3.0/armtools/bin/../lib/gcc/arm-atollic-eabi/6.3.1/../../../../arm-atollic-eabi/lib/armv7e-m/fpu/fpv5-sp-d16\libc_nano.a(lib_a-findfp.o)
                0x08014be4                __sf_fake_stdout
 .rodata._global_impure_ptr
                0x08014c04        0x4 c:/program files (x86)/atollic/truestudio for stm32 9.3.0/armtools/bin/../lib/gcc/arm-atollic-eabi/6.3.1/../../../../arm-atollic-eabi/lib/armv7e-m/fpu/fpv5-sp-d16\libc_nano.a(lib_a-impure.o)
                0x08014c04                _global_impure_ptr
 .rodata._vfprintf_r.str1.1
                0x08014c08       0x11 c:/program files (x86)/atollic/truestudio for stm32 9.3.0/armtools/bin/../lib/gcc/arm-atollic-eabi/6.3.1/../../../../arm-atollic-eabi/lib/armv7e-m/fpu/fpv5-sp-d16\libc_nano.a(lib_a-nano-vfprintf.o)
 .rodata._printf_i.str1.1
                0x08014c19       0x22 c:/program files (x86)/atollic/truestudio for stm32 9.3.0/armtools/bin/../lib/gcc/arm-atollic-eabi/6.3.1/../../../../arm-atollic-eabi/lib/armv7e-m/fpu/fpv5-sp-d16\libc_nano.a(lib_a-nano-vfprintf_i.o)
                0x08014c3c                . = ALIGN (0x4)
 *fill*         0x08014c3b        0x1 

.ARM.extab
 *(.ARM.extab* .gnu.linkonce.armextab.*)

.ARM            0x08014c3c        0x8
                0x08014c3c                __exidx_start = .
 *(.ARM.exidx*)
 .ARM.exidx     0x08014c3c        0x8 c:/program files (x86)/atollic/truestudio for stm32 9.3.0/armtools/bin/../lib/gcc/arm-atollic-eabi/6.3.1/armv7e-m/fpu/fpv5-sp-d16\libgcc.a(_udivmoddi4.o)
                0x08014c44                __exidx_end = .

.rel.dyn        0x08014c44        0x0
 .rel.iplt      0x08014c44        0x0 c:/program files (x86)/atollic/truestudio for stm32 9.3.0/armtools/bin/../lib/gcc/arm-atollic-eabi/6.3.1/armv7e-m/fpu/fpv5-sp-d16/crtbegin.o

.preinit_array  0x08014c44        0x0
                0x08014c44                PROVIDE (__preinit_array_start, .)
 *(.preinit_array*)
                0x08014c44                PROVIDE (__preinit_array_end, .)

.init_array     0x08014c44        0x4
                0x08014c44                PROVIDE (__init_array_start, .)
 *(SORT(.init_array.*))
 *(.init_array*)
 .init_array    0x08014c44        0x4 c:/program files (x86)/atollic/truestudio for stm32 9.3.0/armtools/bin/../lib/gcc/arm-atollic-eabi/6.3.1/armv7e-m/fpu/fpv5-sp-d16/crtbegin.o
                0x08014c48                PROVIDE (__init_array_end, .)

.fini_array     0x08014c48        0x4
                [!provide]                PROVIDE (__fini_array_start, .)
 *(SORT(.fini_array.*))
 *(.fini_array*)
 .fini_array    0x08014c48        0x4 c:/program files (x86)/atollic/truestudio for stm32 9.3.0/armtools/bin/../lib/gcc/arm-atollic-eabi/6.3.1/armv7e-m/fpu/fpv5-sp-d16/crtbegin.o
                [!provide]                PROVIDE (__fini_array_end, .)
                0x08014c4c                _sidata = LOADADDR (.data)

.data           0x20000000       0x80 load address 0x08014c4c
                0x20000000                . = ALIGN (0x4)
                0x20000000                _sdata = .
 *(.data)
 *(.data*)
 .data.SystemCoreClock
                0x20000000        0x4 Core\Src\system_stm32f7xx.o
                0x20000000                SystemCoreClock
 .data.uwTickPrio
                0x20000004        0x4 Drivers\STM32F7xx_HAL_Driver\Src\stm32f7xx_hal.o
                0x20000004                uwTickPrio
 .data.uwTickFreq
                0x20000008        0x1 Drivers\STM32F7xx_HAL_Driver\Src\stm32f7xx_hal.o
                0x20000008                uwTickFreq
 *fill*         0x20000009        0x3 
 .data.dhcp_discover_request_options
                0x2000000c        0x3 Middlewares\Third_Party\LwIP\src\core\ipv4\dhcp.o
 *fill*         0x2000000f        0x1 
 .data.tcp_port
                0x20000010        0x2 Middlewares\Third_Party\LwIP\src\core\tcp.o
 *fill*         0x20000012        0x2 
 .data.iss.10984
                0x20000014        0x4 Middlewares\Third_Party\LwIP\src\core\tcp.o
 .data.udp_port
                0x20000018        0x2 Middlewares\Third_Party\LwIP\src\core\udp.o
 *fill*         0x2000001a        0x2 
 .data._impure_ptr
                0x2000001c        0x4 c:/program files (x86)/atollic/truestudio for stm32 9.3.0/armtools/bin/../lib/gcc/arm-atollic-eabi/6.3.1/../../../../arm-atollic-eabi/lib/armv7e-m/fpu/fpv5-sp-d16\libc_nano.a(lib_a-impure.o)
                0x2000001c                _impure_ptr
 .data.impure_data
                0x20000020       0x60 c:/program files (x86)/atollic/truestudio for stm32 9.3.0/armtools/bin/../lib/gcc/arm-atollic-eabi/6.3.1/../../../../arm-atollic-eabi/lib/armv7e-m/fpu/fpv5-sp-d16\libc_nano.a(lib_a-impure.o)
                0x20000080                . = ALIGN (0x4)
                0x20000080                _edata = .

.igot.plt       0x20000080        0x0 load address 0x08014ccc
 .igot.plt      0x20000080        0x0 c:/program files (x86)/atollic/truestudio for stm32 9.3.0/armtools/bin/../lib/gcc/arm-atollic-eabi/6.3.1/armv7e-m/fpu/fpv5-sp-d16/crtbegin.o
                0x20000080                . = ALIGN (0x4)

.bss            0x20000080     0x6cc0 load address 0x08014ccc
                0x20000080                _sbss = .
                0x20000080                __bss_start__ = _sbss
 *(.bss)
 .bss           0x20000080       0x1c c:/program files (x86)/atollic/truestudio for stm32 9.3.0/armtools/bin/../lib/gcc/arm-atollic-eabi/6.3.1/armv7e-m/fpu/fpv5-sp-d16/crtbegin.o
 *(.bss*)
 .bss.heap_end.9887
                0x2000009c        0x4 Core\Src\syscalls.o
 .bss.httpd_req_buf
                0x200000a0      0x400 Middlewares\Third_Party\LwIP\src\apps\http\httpd.o
 .bss.http_uri_buf
                0x200004a0       0x40 Middlewares\Third_Party\LwIP\src\apps\http\httpd.o
 .bss.dhcp_pcb  0x200004e0        0x4 Middlewares\Third_Party\LwIP\src\core\ipv4\dhcp.o
 .bss.dhcp_pcb_refcount
                0x200004e4        0x1 Middlewares\Third_Party\LwIP\src\core\ipv4\dhcp.o
 *fill*         0x200004e5        0x3 
 .bss.xid.10908
                0x200004e8        0x4 Middlewares\Third_Party\LwIP\src\core\ipv4\dhcp.o
 .bss.arp_table
                0x200004ec       0xf0 Middlewares\Third_Party\LwIP\src\core\ipv4\etharp.o
 .bss.etharp_cached_entry
                0x200005dc        0x1 Middlewares\Third_Party\LwIP\src\core\ipv4\etharp.o
 *fill*         0x200005dd        0x1 
 .bss.ip_id     0x200005de        0x2 Middlewares\Third_Party\LwIP\src\core\ipv4\ip4.o
 .bss.reassdatagrams
                0x200005e0        0x4 Middlewares\Third_Party\LwIP\src\core\ipv4\ip4_frag.o
 .bss.ip_reass_pbufcount
                0x200005e4        0x2 Middlewares\Third_Party\LwIP\src\core\ipv4\ip4_frag.o
 *fill*         0x200005e6        0x2 
 .bss.ram       0x200005e8        0x4 Middlewares\Third_Party\LwIP\src\core\mem.o
 .bss.ram_end   0x200005ec        0x4 Middlewares\Third_Party\LwIP\src\core\mem.o
 .bss.lfree     0x200005f0        0x4 Middlewares\Third_Party\LwIP\src\core\mem.o
 .bss.memp_tab_UDP_PCB
                0x200005f4        0x4 Middlewares\Third_Party\LwIP\src\core\memp.o
 .bss.memp_tab_TCP_PCB
                0x200005f8        0x4 Middlewares\Third_Party\LwIP\src\core\memp.o
 .bss.memp_tab_TCP_PCB_LISTEN
                0x200005fc        0x4 Middlewares\Third_Party\LwIP\src\core\memp.o
 .bss.memp_tab_TCP_SEG
                0x20000600        0x4 Middlewares\Third_Party\LwIP\src\core\memp.o
 .bss.memp_tab_REASSDATA
                0x20000604        0x4 Middlewares\Third_Party\LwIP\src\core\memp.o
 .bss.memp_tab_FRAG_PBUF
                0x20000608        0x4 Middlewares\Third_Party\LwIP\src\core\memp.o
 .bss.memp_tab_SYS_TIMEOUT
                0x2000060c        0x4 Middlewares\Third_Party\LwIP\src\core\memp.o
 .bss.memp_tab_PBUF
                0x20000610        0x4 Middlewares\Third_Party\LwIP\src\core\memp.o
 .bss.memp_tab_PBUF_POOL
                0x20000614        0x4 Middlewares\Third_Party\LwIP\src\core\memp.o
 .bss.netif_num
                0x20000618        0x1 Middlewares\Third_Party\LwIP\src\core\netif.o
 .bss.tcp_timer
                0x20000619        0x1 Middlewares\Third_Party\LwIP\src\core\tcp.o
 .bss.tcp_timer_ctr
                0x2000061a        0x1 Middlewares\Third_Party\LwIP\src\core\tcp.o
 *fill*         0x2000061b        0x1 
 .bss.inseg     0x2000061c       0x10 Middlewares\Third_Party\LwIP\src\core\tcp_in.o
 .bss.tcphdr    0x2000062c        0x4 Middlewares\Third_Party\LwIP\src\core\tcp_in.o
 .bss.tcphdr_optlen
                0x20000630        0x2 Middlewares\Third_Party\LwIP\src\core\tcp_in.o
 .bss.tcphdr_opt1len
                0x20000632        0x2 Middlewares\Third_Party\LwIP\src\core\tcp_in.o
 .bss.tcphdr_opt2
                0x20000634        0x4 Middlewares\Third_Party\LwIP\src\core\tcp_in.o
 .bss.tcp_optidx
                0x20000638        0x2 Middlewares\Third_Party\LwIP\src\core\tcp_in.o
 *fill*         0x2000063a        0x2 
 .bss.seqno     0x2000063c        0x4 Middlewares\Third_Party\LwIP\src\core\tcp_in.o
 .bss.ackno     0x20000640        0x4 Middlewares\Third_Party\LwIP\src\core\tcp_in.o
 .bss.recv_acked
                0x20000644        0x2 Middlewares\Third_Party\LwIP\src\core\tcp_in.o
 .bss.tcplen    0x20000646        0x2 Middlewares\Third_Party\LwIP\src\core\tcp_in.o
 .bss.flags     0x20000648        0x1 Middlewares\Third_Party\LwIP\src\core\tcp_in.o
 .bss.recv_flags
                0x20000649        0x1 Middlewares\Third_Party\LwIP\src\core\tcp_in.o
 *fill*         0x2000064a        0x2 
 .bss.recv_data
                0x2000064c        0x4 Middlewares\Third_Party\LwIP\src\core\tcp_in.o
 .bss.next_timeout
                0x20000650        0x4 Middlewares\Third_Party\LwIP\src\core\timeouts.o
 .bss.current_timeout_due_time
                0x20000654        0x4 Middlewares\Third_Party\LwIP\src\core\timeouts.o
 .bss.tcpip_tcp_timer_active
                0x20000658        0x4 Middlewares\Third_Party\LwIP\src\core\timeouts.o
 .bss.__malloc_free_list
                0x2000065c        0x4 c:/program files (x86)/atollic/truestudio for stm32 9.3.0/armtools/bin/../lib/gcc/arm-atollic-eabi/6.3.1/../../../../arm-atollic-eabi/lib/armv7e-m/fpu/fpv5-sp-d16\libc_nano.a(lib_a-nano-mallocr.o)
                0x2000065c                __malloc_free_list
 .bss.__malloc_sbrk_start
                0x20000660        0x4 c:/program files (x86)/atollic/truestudio for stm32 9.3.0/armtools/bin/../lib/gcc/arm-atollic-eabi/6.3.1/../../../../arm-atollic-eabi/lib/armv7e-m/fpu/fpv5-sp-d16\libc_nano.a(lib_a-nano-mallocr.o)
                0x20000660                __malloc_sbrk_start
 *(COMMON)
 COMMON         0x20000664        0x4 Drivers\STM32F7xx_HAL_Driver\Src\stm32f7xx_hal.o
                0x20000664                uwTick
 COMMON         0x20000668       0x44 LWIP\App\lwip.o
                0x20000668                gnetif
                0x200006a0                ipaddr
                0x200006a4                netmask
                0x200006a8                gw
 COMMON         0x200006ac     0x30e8 LWIP\Target\ethernetif.o
                0x200006ac                DMATxDscrTab
                0x2000072c                Rx_Buff
                0x20001efc                DMARxDscrTab
                0x20001f7c                heth
                0x20001fc4                Tx_Buff
 COMMON         0x20003794       0x18 Middlewares\Third_Party\LwIP\src\core\ip.o
                0x20003794                ip_data
 COMMON         0x200037ac       0x28 Middlewares\Third_Party\LwIP\src\core\ipv4\dhcp.o
                0x200037ac                dhcp_rx_options_given
                0x200037b4                dhcp_rx_options_val
 COMMON         0x200037d4      0x653 Middlewares\Third_Party\LwIP\src\core\mem.o
                0x200037d4                ram_heap
 *fill*         0x20003e27        0x1 
 COMMON         0x20003e28     0x2ee7 Middlewares\Third_Party\LwIP\src\core\memp.o
                0x20003e28                memp_memory_TCP_SEG_base
                0x20003f2c                memp_memory_PBUF_POOL_base
                0x20006530                memp_memory_FRAG_PBUF_base
                0x2000669c                memp_memory_PBUF_base
                0x200067a0                memp_memory_TCP_PCB_LISTEN_base
                0x20006884                memp_memory_REASSDATA_base
                0x20006928                memp_memory_UDP_PCB_base